running egg_info
creating ../../../build/puzzlebot_gazebo_final/puzzlebot_gazebo_final.egg-info
writing ../../../build/puzzlebot_gazebo_final/puzzlebot_gazebo_final.egg-info/PKG-INFO
writing dependency_links to ../../../build/puzzlebot_gazebo_final/puzzlebot_gazebo_final.egg-info/dependency_links.txt
writing entry points to ../../../build/puzzlebot_gazebo_final/puzzlebot_gazebo_final.egg-info/entry_points.txt
writing requirements to ../../../build/puzzlebot_gazebo_final/puzzlebot_gazebo_final.egg-info/requires.txt
writing top-level names to ../../../build/puzzlebot_gazebo_final/puzzlebot_gazebo_final.egg-info/top_level.txt
writing manifest file '../../../build/puzzlebot_gazebo_final/puzzlebot_gazebo_final.egg-info/SOURCES.txt'
reading manifest file '../../../build/puzzlebot_gazebo_final/puzzlebot_gazebo_final.egg-info/SOURCES.txt'
adding license file 'LICENSE'
writing manifest file '../../../build/puzzlebot_gazebo_final/puzzlebot_gazebo_final.egg-info/SOURCES.txt'
running build
running install
running install_data
creating /home/adrian/ros2_ws/src/Rob-tica_y_Sistemas_Inteligentes/install/puzzlebot_gazebo_final/share/ament_index
creating /home/adrian/ros2_ws/src/Rob-tica_y_Sistemas_Inteligentes/install/puzzlebot_gazebo_final/share/ament_index/resource_index
creating /home/adrian/ros2_ws/src/Rob-tica_y_Sistemas_Inteligentes/install/puzzlebot_gazebo_final/share/ament_index/resource_index/packages
copying resource/puzzlebot_gazebo_final -> /home/adrian/ros2_ws/src/Rob-tica_y_Sistemas_Inteligentes/install/puzzlebot_gazebo_final/share/ament_index/resource_index/packages
copying package.xml -> /home/adrian/ros2_ws/src/Rob-tica_y_Sistemas_Inteligentes/install/puzzlebot_gazebo_final/share/puzzlebot_gazebo_final
creating /home/adrian/ros2_ws/src/Rob-tica_y_Sistemas_Inteligentes/install/puzzlebot_gazebo_final/share/puzzlebot_gazebo_final/launch
copying launch/gazebo_puzzlebot_launch.py -> /home/adrian/ros2_ws/src/Rob-tica_y_Sistemas_Inteligentes/install/puzzlebot_gazebo_final/share/puzzlebot_gazebo_final/launch
copying launch/gazebo_example_launch.py -> /home/adrian/ros2_ws/src/Rob-tica_y_Sistemas_Inteligentes/install/puzzlebot_gazebo_final/share/puzzlebot_gazebo_final/launch
copying launch/gazebo_world_launch.py -> /home/adrian/ros2_ws/src/Rob-tica_y_Sistemas_Inteligentes/install/puzzlebot_gazebo_final/share/puzzlebot_gazebo_final/launch
copying launch/bringup_obstacle_avoidance1_launch.py -> /home/adrian/ros2_ws/src/Rob-tica_y_Sistemas_Inteligentes/install/puzzlebot_gazebo_final/share/puzzlebot_gazebo_final/launch
copying launch/bringup_obstacle_avoidance_bug2_launch.py -> /home/adrian/ros2_ws/src/Rob-tica_y_Sistemas_Inteligentes/install/puzzlebot_gazebo_final/share/puzzlebot_gazebo_final/launch
copying launch/bug0_1_launch.py -> /home/adrian/ros2_ws/src/Rob-tica_y_Sistemas_Inteligentes/install/puzzlebot_gazebo_final/share/puzzlebot_gazebo_final/launch
copying launch/bringup_simulation_simple_launch.py -> /home/adrian/ros2_ws/src/Rob-tica_y_Sistemas_Inteligentes/install/puzzlebot_gazebo_final/share/puzzlebot_gazebo_final/launch
copying launch/bug0_3_launch.py -> /home/adrian/ros2_ws/src/Rob-tica_y_Sistemas_Inteligentes/install/puzzlebot_gazebo_final/share/puzzlebot_gazebo_final/launch
copying launch/bringup_simulation_multi_launch.py -> /home/adrian/ros2_ws/src/Rob-tica_y_Sistemas_Inteligentes/install/puzzlebot_gazebo_final/share/puzzlebot_gazebo_final/launch
copying launch/bug0_2_launch.py -> /home/adrian/ros2_ws/src/Rob-tica_y_Sistemas_Inteligentes/install/puzzlebot_gazebo_final/share/puzzlebot_gazebo_final/launch
copying launch/bug0_4_launch.py -> /home/adrian/ros2_ws/src/Rob-tica_y_Sistemas_Inteligentes/install/puzzlebot_gazebo_final/share/puzzlebot_gazebo_final/launch
creating /home/adrian/ros2_ws/src/Rob-tica_y_Sistemas_Inteligentes/install/puzzlebot_gazebo_final/share/puzzlebot_gazebo_final/config
copying config/puzzlebot_hacker_ed.yaml -> /home/adrian/ros2_ws/src/Rob-tica_y_Sistemas_Inteligentes/install/puzzlebot_gazebo_final/share/puzzlebot_gazebo_final/config
copying config/puzzlebot_jetson_lidar_ed.yaml -> /home/adrian/ros2_ws/src/Rob-tica_y_Sistemas_Inteligentes/install/puzzlebot_gazebo_final/share/puzzlebot_gazebo_final/config
copying config/puzzlebot_jetson_ed.yaml -> /home/adrian/ros2_ws/src/Rob-tica_y_Sistemas_Inteligentes/install/puzzlebot_gazebo_final/share/puzzlebot_gazebo_final/config
creating /home/adrian/ros2_ws/src/Rob-tica_y_Sistemas_Inteligentes/install/puzzlebot_gazebo_final/share/puzzlebot_gazebo_final/rviz
creating /home/adrian/ros2_ws/src/Rob-tica_y_Sistemas_Inteligentes/install/puzzlebot_gazebo_final/share/puzzlebot_gazebo_final/models
creating /home/adrian/ros2_ws/src/Rob-tica_y_Sistemas_Inteligentes/install/puzzlebot_gazebo_final/share/puzzlebot_gazebo_final/models/puzzlebot_base
copying models/puzzlebot_base/model.sdf -> /home/adrian/ros2_ws/src/Rob-tica_y_Sistemas_Inteligentes/install/puzzlebot_gazebo_final/share/puzzlebot_gazebo_final/models/puzzlebot_base
copying models/puzzlebot_base/model.config -> /home/adrian/ros2_ws/src/Rob-tica_y_Sistemas_Inteligentes/install/puzzlebot_gazebo_final/share/puzzlebot_gazebo_final/models/puzzlebot_base
creating /home/adrian/ros2_ws/src/Rob-tica_y_Sistemas_Inteligentes/install/puzzlebot_gazebo_final/share/puzzlebot_gazebo_final/models/puzzlebot_base/materials
creating /home/adrian/ros2_ws/src/Rob-tica_y_Sistemas_Inteligentes/install/puzzlebot_gazebo_final/share/puzzlebot_gazebo_final/models/puzzlebot_base/materials/textures
copying models/puzzlebot_base/materials/textures/puzzlebot_wood_6.png -> /home/adrian/ros2_ws/src/Rob-tica_y_Sistemas_Inteligentes/install/puzzlebot_gazebo_final/share/puzzlebot_gazebo_final/models/puzzlebot_base/materials/textures
creating /home/adrian/ros2_ws/src/Rob-tica_y_Sistemas_Inteligentes/install/puzzlebot_gazebo_final/share/puzzlebot_gazebo_final/models/media
creating /home/adrian/ros2_ws/src/Rob-tica_y_Sistemas_Inteligentes/install/puzzlebot_gazebo_final/share/puzzlebot_gazebo_final/models/media/materials
creating /home/adrian/ros2_ws/src/Rob-tica_y_Sistemas_Inteligentes/install/puzzlebot_gazebo_final/share/puzzlebot_gazebo_final/models/media/materials/textures
copying models/media/materials/textures/puzzlebot_wood_4.png -> /home/adrian/ros2_ws/src/Rob-tica_y_Sistemas_Inteligentes/install/puzzlebot_gazebo_final/share/puzzlebot_gazebo_final/models/media/materials/textures
copying models/media/materials/textures/mcr2_goal_5.png -> /home/adrian/ros2_ws/src/Rob-tica_y_Sistemas_Inteligentes/install/puzzlebot_gazebo_final/share/puzzlebot_gazebo_final/models/media/materials/textures
copying models/media/materials/textures/wood_floor.jpg -> /home/adrian/ros2_ws/src/Rob-tica_y_Sistemas_Inteligentes/install/puzzlebot_gazebo_final/share/puzzlebot_gazebo_final/models/media/materials/textures
copying models/media/materials/textures/puzzlebot_wood_5.png -> /home/adrian/ros2_ws/src/Rob-tica_y_Sistemas_Inteligentes/install/puzzlebot_gazebo_final/share/puzzlebot_gazebo_final/models/media/materials/textures
copying models/media/materials/textures/nvidia_logo_white.jpg -> /home/adrian/ros2_ws/src/Rob-tica_y_Sistemas_Inteligentes/install/puzzlebot_gazebo_final/share/puzzlebot_gazebo_final/models/media/materials/textures
copying models/media/materials/textures/nvidia_hz_logo_white.jpg -> /home/adrian/ros2_ws/src/Rob-tica_y_Sistemas_Inteligentes/install/puzzlebot_gazebo_final/share/puzzlebot_gazebo_final/models/media/materials/textures
copying models/media/materials/textures/puzzlebot_wood_6.png -> /home/adrian/ros2_ws/src/Rob-tica_y_Sistemas_Inteligentes/install/puzzlebot_gazebo_final/share/puzzlebot_gazebo_final/models/media/materials/textures
copying models/media/materials/textures/mcr2_logo_white.png -> /home/adrian/ros2_ws/src/Rob-tica_y_Sistemas_Inteligentes/install/puzzlebot_gazebo_final/share/puzzlebot_gazebo_final/models/media/materials/textures
copying models/media/materials/textures/nvidia_logo_black.jpg -> /home/adrian/ros2_ws/src/Rob-tica_y_Sistemas_Inteligentes/install/puzzlebot_gazebo_final/share/puzzlebot_gazebo_final/models/media/materials/textures
copying models/media/materials/textures/mcr2_goal_4.png -> /home/adrian/ros2_ws/src/Rob-tica_y_Sistemas_Inteligentes/install/puzzlebot_gazebo_final/share/puzzlebot_gazebo_final/models/media/materials/textures
copying models/media/materials/textures/nvidia_logo_b_w.jpg -> /home/adrian/ros2_ws/src/Rob-tica_y_Sistemas_Inteligentes/install/puzzlebot_gazebo_final/share/puzzlebot_gazebo_final/models/media/materials/textures
copying models/media/materials/textures/mcr2_logo_black.png -> /home/adrian/ros2_ws/src/Rob-tica_y_Sistemas_Inteligentes/install/puzzlebot_gazebo_final/share/puzzlebot_gazebo_final/models/media/materials/textures
copying models/media/materials/textures/puzzlebot_wood_7.png -> /home/adrian/ros2_ws/src/Rob-tica_y_Sistemas_Inteligentes/install/puzzlebot_gazebo_final/share/puzzlebot_gazebo_final/models/media/materials/textures
copying models/media/materials/textures/mcr2_banner.png -> /home/adrian/ros2_ws/src/Rob-tica_y_Sistemas_Inteligentes/install/puzzlebot_gazebo_final/share/puzzlebot_gazebo_final/models/media/materials/textures
copying models/media/materials/textures/mcr2_goal_2.png -> /home/adrian/ros2_ws/src/Rob-tica_y_Sistemas_Inteligentes/install/puzzlebot_gazebo_final/share/puzzlebot_gazebo_final/models/media/materials/textures
copying models/media/materials/textures/mcr2_goal_1.png -> /home/adrian/ros2_ws/src/Rob-tica_y_Sistemas_Inteligentes/install/puzzlebot_gazebo_final/share/puzzlebot_gazebo_final/models/media/materials/textures
copying models/media/materials/textures/puzzlebot_logo_white.png -> /home/adrian/ros2_ws/src/Rob-tica_y_Sistemas_Inteligentes/install/puzzlebot_gazebo_final/share/puzzlebot_gazebo_final/models/media/materials/textures
copying models/media/materials/textures/puzzlebot_logo.png -> /home/adrian/ros2_ws/src/Rob-tica_y_Sistemas_Inteligentes/install/puzzlebot_gazebo_final/share/puzzlebot_gazebo_final/models/media/materials/textures
copying models/media/materials/textures/mcr2_goal_3.png -> /home/adrian/ros2_ws/src/Rob-tica_y_Sistemas_Inteligentes/install/puzzlebot_gazebo_final/share/puzzlebot_gazebo_final/models/media/materials/textures
creating /home/adrian/ros2_ws/src/Rob-tica_y_Sistemas_Inteligentes/install/puzzlebot_gazebo_final/share/puzzlebot_gazebo_final/models/media/materials/textures/aruco_markers
copying models/media/materials/textures/aruco_markers/marker1.png -> /home/adrian/ros2_ws/src/Rob-tica_y_Sistemas_Inteligentes/install/puzzlebot_gazebo_final/share/puzzlebot_gazebo_final/models/media/materials/textures/aruco_markers
copying models/media/materials/textures/aruco_markers/marker4.png -> /home/adrian/ros2_ws/src/Rob-tica_y_Sistemas_Inteligentes/install/puzzlebot_gazebo_final/share/puzzlebot_gazebo_final/models/media/materials/textures/aruco_markers
copying models/media/materials/textures/aruco_markers/marker0.png -> /home/adrian/ros2_ws/src/Rob-tica_y_Sistemas_Inteligentes/install/puzzlebot_gazebo_final/share/puzzlebot_gazebo_final/models/media/materials/textures/aruco_markers
copying models/media/materials/textures/aruco_markers/marker3.png -> /home/adrian/ros2_ws/src/Rob-tica_y_Sistemas_Inteligentes/install/puzzlebot_gazebo_final/share/puzzlebot_gazebo_final/models/media/materials/textures/aruco_markers
copying models/media/materials/textures/aruco_markers/marker2.png -> /home/adrian/ros2_ws/src/Rob-tica_y_Sistemas_Inteligentes/install/puzzlebot_gazebo_final/share/puzzlebot_gazebo_final/models/media/materials/textures/aruco_markers
copying models/media/materials/textures/aruco_markers/marker5.png -> /home/adrian/ros2_ws/src/Rob-tica_y_Sistemas_Inteligentes/install/puzzlebot_gazebo_final/share/puzzlebot_gazebo_final/models/media/materials/textures/aruco_markers
creating /home/adrian/ros2_ws/src/Rob-tica_y_Sistemas_Inteligentes/install/puzzlebot_gazebo_final/share/puzzlebot_gazebo_final/models/media/materials/scripts
copying models/media/materials/scripts/mcr2_materials.material -> /home/adrian/ros2_ws/src/Rob-tica_y_Sistemas_Inteligentes/install/puzzlebot_gazebo_final/share/puzzlebot_gazebo_final/models/media/materials/scripts
creating /home/adrian/ros2_ws/src/Rob-tica_y_Sistemas_Inteligentes/install/puzzlebot_gazebo_final/share/puzzlebot_gazebo_final/models/world_wall
copying models/world_wall/model.sdf -> /home/adrian/ros2_ws/src/Rob-tica_y_Sistemas_Inteligentes/install/puzzlebot_gazebo_final/share/puzzlebot_gazebo_final/models/world_wall
copying models/world_wall/model.config -> /home/adrian/ros2_ws/src/Rob-tica_y_Sistemas_Inteligentes/install/puzzlebot_gazebo_final/share/puzzlebot_gazebo_final/models/world_wall
creating /home/adrian/ros2_ws/src/Rob-tica_y_Sistemas_Inteligentes/install/puzzlebot_gazebo_final/share/puzzlebot_gazebo_final/models/world_wall/materials
creating /home/adrian/ros2_ws/src/Rob-tica_y_Sistemas_Inteligentes/install/puzzlebot_gazebo_final/share/puzzlebot_gazebo_final/models/world_wall/materials/textures
copying models/world_wall/materials/textures/wood_floor.jpg -> /home/adrian/ros2_ws/src/Rob-tica_y_Sistemas_Inteligentes/install/puzzlebot_gazebo_final/share/puzzlebot_gazebo_final/models/world_wall/materials/textures
copying models/world_wall/materials/textures/MapAll.jpg -> /home/adrian/ros2_ws/src/Rob-tica_y_Sistemas_Inteligentes/install/puzzlebot_gazebo_final/share/puzzlebot_gazebo_final/models/world_wall/materials/textures
copying models/world_wall/materials/textures/0032-512x512.jpg -> /home/adrian/ros2_ws/src/Rob-tica_y_Sistemas_Inteligentes/install/puzzlebot_gazebo_final/share/puzzlebot_gazebo_final/models/world_wall/materials/textures
creating /home/adrian/ros2_ws/src/Rob-tica_y_Sistemas_Inteligentes/install/puzzlebot_gazebo_final/share/puzzlebot_gazebo_final/models/world_wall/meshes
copying models/world_wall/meshes/wood_floor.jpg -> /home/adrian/ros2_ws/src/Rob-tica_y_Sistemas_Inteligentes/install/puzzlebot_gazebo_final/share/puzzlebot_gazebo_final/models/world_wall/meshes
copying models/world_wall/meshes/0032-512x512.jpg -> /home/adrian/ros2_ws/src/Rob-tica_y_Sistemas_Inteligentes/install/puzzlebot_gazebo_final/share/puzzlebot_gazebo_final/models/world_wall/meshes
copying models/world_wall/meshes/world_wall1.dae -> /home/adrian/ros2_ws/src/Rob-tica_y_Sistemas_Inteligentes/install/puzzlebot_gazebo_final/share/puzzlebot_gazebo_final/models/world_wall/meshes
creating /home/adrian/ros2_ws/src/Rob-tica_y_Sistemas_Inteligentes/install/puzzlebot_gazebo_final/share/puzzlebot_gazebo_final/models/puzzlebot_track
copying models/puzzlebot_track/model.sdf -> /home/adrian/ros2_ws/src/Rob-tica_y_Sistemas_Inteligentes/install/puzzlebot_gazebo_final/share/puzzlebot_gazebo_final/models/puzzlebot_track
copying models/puzzlebot_track/model.config -> /home/adrian/ros2_ws/src/Rob-tica_y_Sistemas_Inteligentes/install/puzzlebot_gazebo_final/share/puzzlebot_gazebo_final/models/puzzlebot_track
creating /home/adrian/ros2_ws/src/Rob-tica_y_Sistemas_Inteligentes/install/puzzlebot_gazebo_final/share/puzzlebot_gazebo_final/models/puzzlebot_track/materials
creating /home/adrian/ros2_ws/src/Rob-tica_y_Sistemas_Inteligentes/install/puzzlebot_gazebo_final/share/puzzlebot_gazebo_final/models/puzzlebot_track/materials/textures
copying models/puzzlebot_track/materials/textures/puzzlebot_track.png -> /home/adrian/ros2_ws/src/Rob-tica_y_Sistemas_Inteligentes/install/puzzlebot_gazebo_final/share/puzzlebot_gazebo_final/models/puzzlebot_track/materials/textures
creating /home/adrian/ros2_ws/src/Rob-tica_y_Sistemas_Inteligentes/install/puzzlebot_gazebo_final/share/puzzlebot_gazebo_final/models/aruco002
copying models/aruco002/model.sdf -> /home/adrian/ros2_ws/src/Rob-tica_y_Sistemas_Inteligentes/install/puzzlebot_gazebo_final/share/puzzlebot_gazebo_final/models/aruco002
copying models/aruco002/model.config -> /home/adrian/ros2_ws/src/Rob-tica_y_Sistemas_Inteligentes/install/puzzlebot_gazebo_final/share/puzzlebot_gazebo_final/models/aruco002
creating /home/adrian/ros2_ws/src/Rob-tica_y_Sistemas_Inteligentes/install/puzzlebot_gazebo_final/share/puzzlebot_gazebo_final/models/aruco002/materials
creating /home/adrian/ros2_ws/src/Rob-tica_y_Sistemas_Inteligentes/install/puzzlebot_gazebo_final/share/puzzlebot_gazebo_final/models/aruco002/materials/textures
copying models/aruco002/materials/textures/16h3_002.png -> /home/adrian/ros2_ws/src/Rob-tica_y_Sistemas_Inteligentes/install/puzzlebot_gazebo_final/share/puzzlebot_gazebo_final/models/aruco002/materials/textures
creating /home/adrian/ros2_ws/src/Rob-tica_y_Sistemas_Inteligentes/install/puzzlebot_gazebo_final/share/puzzlebot_gazebo_final/models/aruco002/meshes
copying models/aruco002/meshes/aruco002.dae -> /home/adrian/ros2_ws/src/Rob-tica_y_Sistemas_Inteligentes/install/puzzlebot_gazebo_final/share/puzzlebot_gazebo_final/models/aruco002/meshes
creating /home/adrian/ros2_ws/src/Rob-tica_y_Sistemas_Inteligentes/install/puzzlebot_gazebo_final/share/puzzlebot_gazebo_final/models/aruco_marker_1
copying models/aruco_marker_1/model.sdf -> /home/adrian/ros2_ws/src/Rob-tica_y_Sistemas_Inteligentes/install/puzzlebot_gazebo_final/share/puzzlebot_gazebo_final/models/aruco_marker_1
copying models/aruco_marker_1/model.config -> /home/adrian/ros2_ws/src/Rob-tica_y_Sistemas_Inteligentes/install/puzzlebot_gazebo_final/share/puzzlebot_gazebo_final/models/aruco_marker_1
creating /home/adrian/ros2_ws/src/Rob-tica_y_Sistemas_Inteligentes/install/puzzlebot_gazebo_final/share/puzzlebot_gazebo_final/models/aruco_marker_1/materials
creating /home/adrian/ros2_ws/src/Rob-tica_y_Sistemas_Inteligentes/install/puzzlebot_gazebo_final/share/puzzlebot_gazebo_final/models/aruco_marker_1/materials/textures
copying models/aruco_marker_1/materials/textures/marker1.png -> /home/adrian/ros2_ws/src/Rob-tica_y_Sistemas_Inteligentes/install/puzzlebot_gazebo_final/share/puzzlebot_gazebo_final/models/aruco_marker_1/materials/textures
creating /home/adrian/ros2_ws/src/Rob-tica_y_Sistemas_Inteligentes/install/puzzlebot_gazebo_final/share/puzzlebot_gazebo_final/models/aruco001
copying models/aruco001/model.sdf -> /home/adrian/ros2_ws/src/Rob-tica_y_Sistemas_Inteligentes/install/puzzlebot_gazebo_final/share/puzzlebot_gazebo_final/models/aruco001
copying models/aruco001/model.config -> /home/adrian/ros2_ws/src/Rob-tica_y_Sistemas_Inteligentes/install/puzzlebot_gazebo_final/share/puzzlebot_gazebo_final/models/aruco001
creating /home/adrian/ros2_ws/src/Rob-tica_y_Sistemas_Inteligentes/install/puzzlebot_gazebo_final/share/puzzlebot_gazebo_final/models/aruco001/materials
creating /home/adrian/ros2_ws/src/Rob-tica_y_Sistemas_Inteligentes/install/puzzlebot_gazebo_final/share/puzzlebot_gazebo_final/models/aruco001/materials/textures
copying models/aruco001/materials/textures/16h3_001.png -> /home/adrian/ros2_ws/src/Rob-tica_y_Sistemas_Inteligentes/install/puzzlebot_gazebo_final/share/puzzlebot_gazebo_final/models/aruco001/materials/textures
creating /home/adrian/ros2_ws/src/Rob-tica_y_Sistemas_Inteligentes/install/puzzlebot_gazebo_final/share/puzzlebot_gazebo_final/models/aruco001/meshes
copying models/aruco001/meshes/aruco001.dae -> /home/adrian/ros2_ws/src/Rob-tica_y_Sistemas_Inteligentes/install/puzzlebot_gazebo_final/share/puzzlebot_gazebo_final/models/aruco001/meshes
creating /home/adrian/ros2_ws/src/Rob-tica_y_Sistemas_Inteligentes/install/puzzlebot_gazebo_final/share/puzzlebot_gazebo_final/models/box_brick
copying models/box_brick/model.sdf -> /home/adrian/ros2_ws/src/Rob-tica_y_Sistemas_Inteligentes/install/puzzlebot_gazebo_final/share/puzzlebot_gazebo_final/models/box_brick
copying models/box_brick/model.config -> /home/adrian/ros2_ws/src/Rob-tica_y_Sistemas_Inteligentes/install/puzzlebot_gazebo_final/share/puzzlebot_gazebo_final/models/box_brick
creating /home/adrian/ros2_ws/src/Rob-tica_y_Sistemas_Inteligentes/install/puzzlebot_gazebo_final/share/puzzlebot_gazebo_final/models/box_brick/materials
creating /home/adrian/ros2_ws/src/Rob-tica_y_Sistemas_Inteligentes/install/puzzlebot_gazebo_final/share/puzzlebot_gazebo_final/models/box_brick/materials/textures
copying models/box_brick/materials/textures/0032-512x512.jpg -> /home/adrian/ros2_ws/src/Rob-tica_y_Sistemas_Inteligentes/install/puzzlebot_gazebo_final/share/puzzlebot_gazebo_final/models/box_brick/materials/textures
creating /home/adrian/ros2_ws/src/Rob-tica_y_Sistemas_Inteligentes/install/puzzlebot_gazebo_final/share/puzzlebot_gazebo_final/models/box_brick/meshes
copying models/box_brick/meshes/box_brick.dae -> /home/adrian/ros2_ws/src/Rob-tica_y_Sistemas_Inteligentes/install/puzzlebot_gazebo_final/share/puzzlebot_gazebo_final/models/box_brick/meshes
creating /home/adrian/ros2_ws/src/Rob-tica_y_Sistemas_Inteligentes/install/puzzlebot_gazebo_final/share/puzzlebot_gazebo_final/models/aruco000
copying models/aruco000/model.sdf -> /home/adrian/ros2_ws/src/Rob-tica_y_Sistemas_Inteligentes/install/puzzlebot_gazebo_final/share/puzzlebot_gazebo_final/models/aruco000
copying models/aruco000/model.config -> /home/adrian/ros2_ws/src/Rob-tica_y_Sistemas_Inteligentes/install/puzzlebot_gazebo_final/share/puzzlebot_gazebo_final/models/aruco000
creating /home/adrian/ros2_ws/src/Rob-tica_y_Sistemas_Inteligentes/install/puzzlebot_gazebo_final/share/puzzlebot_gazebo_final/models/aruco000/materials
creating /home/adrian/ros2_ws/src/Rob-tica_y_Sistemas_Inteligentes/install/puzzlebot_gazebo_final/share/puzzlebot_gazebo_final/models/aruco000/materials/textures
copying models/aruco000/materials/textures/16h3_000.png -> /home/adrian/ros2_ws/src/Rob-tica_y_Sistemas_Inteligentes/install/puzzlebot_gazebo_final/share/puzzlebot_gazebo_final/models/aruco000/materials/textures
creating /home/adrian/ros2_ws/src/Rob-tica_y_Sistemas_Inteligentes/install/puzzlebot_gazebo_final/share/puzzlebot_gazebo_final/models/aruco000/meshes
copying models/aruco000/meshes/aruco000.dae -> /home/adrian/ros2_ws/src/Rob-tica_y_Sistemas_Inteligentes/install/puzzlebot_gazebo_final/share/puzzlebot_gazebo_final/models/aruco000/meshes
creating /home/adrian/ros2_ws/src/Rob-tica_y_Sistemas_Inteligentes/install/puzzlebot_gazebo_final/share/puzzlebot_gazebo_final/models/arena_a_frame
copying models/arena_a_frame/model.sdf -> /home/adrian/ros2_ws/src/Rob-tica_y_Sistemas_Inteligentes/install/puzzlebot_gazebo_final/share/puzzlebot_gazebo_final/models/arena_a_frame
copying models/arena_a_frame/model.config -> /home/adrian/ros2_ws/src/Rob-tica_y_Sistemas_Inteligentes/install/puzzlebot_gazebo_final/share/puzzlebot_gazebo_final/models/arena_a_frame
creating /home/adrian/ros2_ws/src/Rob-tica_y_Sistemas_Inteligentes/install/puzzlebot_gazebo_final/share/puzzlebot_gazebo_final/models/arena_a_frame/materials
creating /home/adrian/ros2_ws/src/Rob-tica_y_Sistemas_Inteligentes/install/puzzlebot_gazebo_final/share/puzzlebot_gazebo_final/models/arena_a_frame/materials/textures
copying models/arena_a_frame/materials/textures/mcr2_banner.png -> /home/adrian/ros2_ws/src/Rob-tica_y_Sistemas_Inteligentes/install/puzzlebot_gazebo_final/share/puzzlebot_gazebo_final/models/arena_a_frame/materials/textures
creating /home/adrian/ros2_ws/src/Rob-tica_y_Sistemas_Inteligentes/install/puzzlebot_gazebo_final/share/puzzlebot_gazebo_final/models/arena_a_frame/meshes
copying models/arena_a_frame/meshes/MCR2_arena_side.stl -> /home/adrian/ros2_ws/src/Rob-tica_y_Sistemas_Inteligentes/install/puzzlebot_gazebo_final/share/puzzlebot_gazebo_final/models/arena_a_frame/meshes
creating /home/adrian/ros2_ws/src/Rob-tica_y_Sistemas_Inteligentes/install/puzzlebot_gazebo_final/share/puzzlebot_gazebo_final/models/aruco_box
copying models/aruco_box/model.sdf -> /home/adrian/ros2_ws/src/Rob-tica_y_Sistemas_Inteligentes/install/puzzlebot_gazebo_final/share/puzzlebot_gazebo_final/models/aruco_box
copying models/aruco_box/model.config -> /home/adrian/ros2_ws/src/Rob-tica_y_Sistemas_Inteligentes/install/puzzlebot_gazebo_final/share/puzzlebot_gazebo_final/models/aruco_box
creating /home/adrian/ros2_ws/src/Rob-tica_y_Sistemas_Inteligentes/install/puzzlebot_gazebo_final/share/puzzlebot_gazebo_final/models/aruco_box/materials
creating /home/adrian/ros2_ws/src/Rob-tica_y_Sistemas_Inteligentes/install/puzzlebot_gazebo_final/share/puzzlebot_gazebo_final/models/aruco_box/materials/textures
copying models/aruco_box/materials/textures/marker1.png -> /home/adrian/ros2_ws/src/Rob-tica_y_Sistemas_Inteligentes/install/puzzlebot_gazebo_final/share/puzzlebot_gazebo_final/models/aruco_box/materials/textures
copying models/aruco_box/materials/textures/marker4.png -> /home/adrian/ros2_ws/src/Rob-tica_y_Sistemas_Inteligentes/install/puzzlebot_gazebo_final/share/puzzlebot_gazebo_final/models/aruco_box/materials/textures
copying models/aruco_box/materials/textures/marker0.png -> /home/adrian/ros2_ws/src/Rob-tica_y_Sistemas_Inteligentes/install/puzzlebot_gazebo_final/share/puzzlebot_gazebo_final/models/aruco_box/materials/textures
copying models/aruco_box/materials/textures/marker3.png -> /home/adrian/ros2_ws/src/Rob-tica_y_Sistemas_Inteligentes/install/puzzlebot_gazebo_final/share/puzzlebot_gazebo_final/models/aruco_box/materials/textures
copying models/aruco_box/materials/textures/marker2.png -> /home/adrian/ros2_ws/src/Rob-tica_y_Sistemas_Inteligentes/install/puzzlebot_gazebo_final/share/puzzlebot_gazebo_final/models/aruco_box/materials/textures
copying models/aruco_box/materials/textures/marker5.png -> /home/adrian/ros2_ws/src/Rob-tica_y_Sistemas_Inteligentes/install/puzzlebot_gazebo_final/share/puzzlebot_gazebo_final/models/aruco_box/materials/textures
creating /home/adrian/ros2_ws/src/Rob-tica_y_Sistemas_Inteligentes/install/puzzlebot_gazebo_final/share/puzzlebot_gazebo_final/models/goal_marker_5
copying models/goal_marker_5/model.sdf -> /home/adrian/ros2_ws/src/Rob-tica_y_Sistemas_Inteligentes/install/puzzlebot_gazebo_final/share/puzzlebot_gazebo_final/models/goal_marker_5
copying models/goal_marker_5/model.config -> /home/adrian/ros2_ws/src/Rob-tica_y_Sistemas_Inteligentes/install/puzzlebot_gazebo_final/share/puzzlebot_gazebo_final/models/goal_marker_5
creating /home/adrian/ros2_ws/src/Rob-tica_y_Sistemas_Inteligentes/install/puzzlebot_gazebo_final/share/puzzlebot_gazebo_final/models/goal_marker_5/materials
creating /home/adrian/ros2_ws/src/Rob-tica_y_Sistemas_Inteligentes/install/puzzlebot_gazebo_final/share/puzzlebot_gazebo_final/models/goal_marker_5/materials/textures
copying models/goal_marker_5/materials/textures/mcr2_goal_5.png -> /home/adrian/ros2_ws/src/Rob-tica_y_Sistemas_Inteligentes/install/puzzlebot_gazebo_final/share/puzzlebot_gazebo_final/models/goal_marker_5/materials/textures
creating /home/adrian/ros2_ws/src/Rob-tica_y_Sistemas_Inteligentes/install/puzzlebot_gazebo_final/share/puzzlebot_gazebo_final/models/puzzlebot_camera
copying models/puzzlebot_camera/model.sdf -> /home/adrian/ros2_ws/src/Rob-tica_y_Sistemas_Inteligentes/install/puzzlebot_gazebo_final/share/puzzlebot_gazebo_final/models/puzzlebot_camera
copying models/puzzlebot_camera/model.config -> /home/adrian/ros2_ws/src/Rob-tica_y_Sistemas_Inteligentes/install/puzzlebot_gazebo_final/share/puzzlebot_gazebo_final/models/puzzlebot_camera
creating /home/adrian/ros2_ws/src/Rob-tica_y_Sistemas_Inteligentes/install/puzzlebot_gazebo_final/share/puzzlebot_gazebo_final/models/puzzlebot_camera/meshes
copying models/puzzlebot_camera/meshes/wheel.dae -> /home/adrian/ros2_ws/src/Rob-tica_y_Sistemas_Inteligentes/install/puzzlebot_gazebo_final/share/puzzlebot_gazebo_final/models/puzzlebot_camera/meshes
copying models/puzzlebot_camera/meshes/chassis1.dae -> /home/adrian/ros2_ws/src/Rob-tica_y_Sistemas_Inteligentes/install/puzzlebot_gazebo_final/share/puzzlebot_gazebo_final/models/puzzlebot_camera/meshes
creating /home/adrian/ros2_ws/src/Rob-tica_y_Sistemas_Inteligentes/install/puzzlebot_gazebo_final/share/puzzlebot_gazebo_final/models/aruco002_cv
copying models/aruco002_cv/model.sdf -> /home/adrian/ros2_ws/src/Rob-tica_y_Sistemas_Inteligentes/install/puzzlebot_gazebo_final/share/puzzlebot_gazebo_final/models/aruco002_cv
copying models/aruco002_cv/model.config -> /home/adrian/ros2_ws/src/Rob-tica_y_Sistemas_Inteligentes/install/puzzlebot_gazebo_final/share/puzzlebot_gazebo_final/models/aruco002_cv
creating /home/adrian/ros2_ws/src/Rob-tica_y_Sistemas_Inteligentes/install/puzzlebot_gazebo_final/share/puzzlebot_gazebo_final/models/aruco002_cv/materials
creating /home/adrian/ros2_ws/src/Rob-tica_y_Sistemas_Inteligentes/install/puzzlebot_gazebo_final/share/puzzlebot_gazebo_final/models/aruco002_cv/materials/textures
copying models/aruco002_cv/materials/textures/4x4_50_002.png -> /home/adrian/ros2_ws/src/Rob-tica_y_Sistemas_Inteligentes/install/puzzlebot_gazebo_final/share/puzzlebot_gazebo_final/models/aruco002_cv/materials/textures
creating /home/adrian/ros2_ws/src/Rob-tica_y_Sistemas_Inteligentes/install/puzzlebot_gazebo_final/share/puzzlebot_gazebo_final/models/aruco002_cv/meshes
copying models/aruco002_cv/meshes/aruco002.dae -> /home/adrian/ros2_ws/src/Rob-tica_y_Sistemas_Inteligentes/install/puzzlebot_gazebo_final/share/puzzlebot_gazebo_final/models/aruco002_cv/meshes
creating /home/adrian/ros2_ws/src/Rob-tica_y_Sistemas_Inteligentes/install/puzzlebot_gazebo_final/share/puzzlebot_gazebo_final/models/avoidance_world_1
copying models/avoidance_world_1/model.sdf -> /home/adrian/ros2_ws/src/Rob-tica_y_Sistemas_Inteligentes/install/puzzlebot_gazebo_final/share/puzzlebot_gazebo_final/models/avoidance_world_1
copying models/avoidance_world_1/model.config -> /home/adrian/ros2_ws/src/Rob-tica_y_Sistemas_Inteligentes/install/puzzlebot_gazebo_final/share/puzzlebot_gazebo_final/models/avoidance_world_1
creating /home/adrian/ros2_ws/src/Rob-tica_y_Sistemas_Inteligentes/install/puzzlebot_gazebo_final/share/puzzlebot_gazebo_final/models/goal_marker_2
copying models/goal_marker_2/model.sdf -> /home/adrian/ros2_ws/src/Rob-tica_y_Sistemas_Inteligentes/install/puzzlebot_gazebo_final/share/puzzlebot_gazebo_final/models/goal_marker_2
copying models/goal_marker_2/model.config -> /home/adrian/ros2_ws/src/Rob-tica_y_Sistemas_Inteligentes/install/puzzlebot_gazebo_final/share/puzzlebot_gazebo_final/models/goal_marker_2
creating /home/adrian/ros2_ws/src/Rob-tica_y_Sistemas_Inteligentes/install/puzzlebot_gazebo_final/share/puzzlebot_gazebo_final/models/goal_marker_2/materials
creating /home/adrian/ros2_ws/src/Rob-tica_y_Sistemas_Inteligentes/install/puzzlebot_gazebo_final/share/puzzlebot_gazebo_final/models/goal_marker_2/materials/textures
copying models/goal_marker_2/materials/textures/mcr2_goal_2.png -> /home/adrian/ros2_ws/src/Rob-tica_y_Sistemas_Inteligentes/install/puzzlebot_gazebo_final/share/puzzlebot_gazebo_final/models/goal_marker_2/materials/textures
creating /home/adrian/ros2_ws/src/Rob-tica_y_Sistemas_Inteligentes/install/puzzlebot_gazebo_final/share/puzzlebot_gazebo_final/models/aruco_marker_4
copying models/aruco_marker_4/model.sdf -> /home/adrian/ros2_ws/src/Rob-tica_y_Sistemas_Inteligentes/install/puzzlebot_gazebo_final/share/puzzlebot_gazebo_final/models/aruco_marker_4
copying models/aruco_marker_4/model.config -> /home/adrian/ros2_ws/src/Rob-tica_y_Sistemas_Inteligentes/install/puzzlebot_gazebo_final/share/puzzlebot_gazebo_final/models/aruco_marker_4
creating /home/adrian/ros2_ws/src/Rob-tica_y_Sistemas_Inteligentes/install/puzzlebot_gazebo_final/share/puzzlebot_gazebo_final/models/aruco_marker_4/materials
creating /home/adrian/ros2_ws/src/Rob-tica_y_Sistemas_Inteligentes/install/puzzlebot_gazebo_final/share/puzzlebot_gazebo_final/models/aruco_marker_4/materials/textures
copying models/aruco_marker_4/materials/textures/marker4.png -> /home/adrian/ros2_ws/src/Rob-tica_y_Sistemas_Inteligentes/install/puzzlebot_gazebo_final/share/puzzlebot_gazebo_final/models/aruco_marker_4/materials/textures
creating /home/adrian/ros2_ws/src/Rob-tica_y_Sistemas_Inteligentes/install/puzzlebot_gazebo_final/share/puzzlebot_gazebo_final/models/aruco_marker_2
copying models/aruco_marker_2/model.sdf -> /home/adrian/ros2_ws/src/Rob-tica_y_Sistemas_Inteligentes/install/puzzlebot_gazebo_final/share/puzzlebot_gazebo_final/models/aruco_marker_2
copying models/aruco_marker_2/model.config -> /home/adrian/ros2_ws/src/Rob-tica_y_Sistemas_Inteligentes/install/puzzlebot_gazebo_final/share/puzzlebot_gazebo_final/models/aruco_marker_2
creating /home/adrian/ros2_ws/src/Rob-tica_y_Sistemas_Inteligentes/install/puzzlebot_gazebo_final/share/puzzlebot_gazebo_final/models/aruco_marker_2/materials
creating /home/adrian/ros2_ws/src/Rob-tica_y_Sistemas_Inteligentes/install/puzzlebot_gazebo_final/share/puzzlebot_gazebo_final/models/aruco_marker_2/materials/textures
copying models/aruco_marker_2/materials/textures/marker2.png -> /home/adrian/ros2_ws/src/Rob-tica_y_Sistemas_Inteligentes/install/puzzlebot_gazebo_final/share/puzzlebot_gazebo_final/models/aruco_marker_2/materials/textures
creating /home/adrian/ros2_ws/src/Rob-tica_y_Sistemas_Inteligentes/install/puzzlebot_gazebo_final/share/puzzlebot_gazebo_final/models/puzzlebot
copying models/puzzlebot/model.sdf -> /home/adrian/ros2_ws/src/Rob-tica_y_Sistemas_Inteligentes/install/puzzlebot_gazebo_final/share/puzzlebot_gazebo_final/models/puzzlebot
copying models/puzzlebot/model.config -> /home/adrian/ros2_ws/src/Rob-tica_y_Sistemas_Inteligentes/install/puzzlebot_gazebo_final/share/puzzlebot_gazebo_final/models/puzzlebot
creating /home/adrian/ros2_ws/src/Rob-tica_y_Sistemas_Inteligentes/install/puzzlebot_gazebo_final/share/puzzlebot_gazebo_final/models/puzzlebot/meshes
copying models/puzzlebot/meshes/box1_4.blend1 -> /home/adrian/ros2_ws/src/Rob-tica_y_Sistemas_Inteligentes/install/puzzlebot_gazebo_final/share/puzzlebot_gazebo_final/models/puzzlebot/meshes
copying models/puzzlebot/meshes/box13_16.blend -> /home/adrian/ros2_ws/src/Rob-tica_y_Sistemas_Inteligentes/install/puzzlebot_gazebo_final/share/puzzlebot_gazebo_final/models/puzzlebot/meshes
copying models/puzzlebot/meshes/world_wall1.blend1 -> /home/adrian/ros2_ws/src/Rob-tica_y_Sistemas_Inteligentes/install/puzzlebot_gazebo_final/share/puzzlebot_gazebo_final/models/puzzlebot/meshes
copying models/puzzlebot/meshes/chassis1.blend -> /home/adrian/ros2_ws/src/Rob-tica_y_Sistemas_Inteligentes/install/puzzlebot_gazebo_final/share/puzzlebot_gazebo_final/models/puzzlebot/meshes
copying models/puzzlebot/meshes/box5_8.blend1 -> /home/adrian/ros2_ws/src/Rob-tica_y_Sistemas_Inteligentes/install/puzzlebot_gazebo_final/share/puzzlebot_gazebo_final/models/puzzlebot/meshes
copying models/puzzlebot/meshes/wheel.blend1 -> /home/adrian/ros2_ws/src/Rob-tica_y_Sistemas_Inteligentes/install/puzzlebot_gazebo_final/share/puzzlebot_gazebo_final/models/puzzlebot/meshes
copying models/puzzlebot/meshes/wheel.stl -> /home/adrian/ros2_ws/src/Rob-tica_y_Sistemas_Inteligentes/install/puzzlebot_gazebo_final/share/puzzlebot_gazebo_final/models/puzzlebot/meshes
copying models/puzzlebot/meshes/wheel.blend -> /home/adrian/ros2_ws/src/Rob-tica_y_Sistemas_Inteligentes/install/puzzlebot_gazebo_final/share/puzzlebot_gazebo_final/models/puzzlebot/meshes
copying models/puzzlebot/meshes/wheel.dae -> /home/adrian/ros2_ws/src/Rob-tica_y_Sistemas_Inteligentes/install/puzzlebot_gazebo_final/share/puzzlebot_gazebo_final/models/puzzlebot/meshes
copying models/puzzlebot/meshes/box5_8.blend -> /home/adrian/ros2_ws/src/Rob-tica_y_Sistemas_Inteligentes/install/puzzlebot_gazebo_final/share/puzzlebot_gazebo_final/models/puzzlebot/meshes
copying models/puzzlebot/meshes/camera.stl -> /home/adrian/ros2_ws/src/Rob-tica_y_Sistemas_Inteligentes/install/puzzlebot_gazebo_final/share/puzzlebot_gazebo_final/models/puzzlebot/meshes
copying models/puzzlebot/meshes/world_wall1.blend -> /home/adrian/ros2_ws/src/Rob-tica_y_Sistemas_Inteligentes/install/puzzlebot_gazebo_final/share/puzzlebot_gazebo_final/models/puzzlebot/meshes
copying models/puzzlebot/meshes/chassis.stl -> /home/adrian/ros2_ws/src/Rob-tica_y_Sistemas_Inteligentes/install/puzzlebot_gazebo_final/share/puzzlebot_gazebo_final/models/puzzlebot/meshes
copying models/puzzlebot/meshes/chassis1.blend1 -> /home/adrian/ros2_ws/src/Rob-tica_y_Sistemas_Inteligentes/install/puzzlebot_gazebo_final/share/puzzlebot_gazebo_final/models/puzzlebot/meshes
copying models/puzzlebot/meshes/chassis1.dae -> /home/adrian/ros2_ws/src/Rob-tica_y_Sistemas_Inteligentes/install/puzzlebot_gazebo_final/share/puzzlebot_gazebo_final/models/puzzlebot/meshes
copying models/puzzlebot/meshes/box9_12.blend -> /home/adrian/ros2_ws/src/Rob-tica_y_Sistemas_Inteligentes/install/puzzlebot_gazebo_final/share/puzzlebot_gazebo_final/models/puzzlebot/meshes
copying models/puzzlebot/meshes/box1-5.blend -> /home/adrian/ros2_ws/src/Rob-tica_y_Sistemas_Inteligentes/install/puzzlebot_gazebo_final/share/puzzlebot_gazebo_final/models/puzzlebot/meshes
creating /home/adrian/ros2_ws/src/Rob-tica_y_Sistemas_Inteligentes/install/puzzlebot_gazebo_final/share/puzzlebot_gazebo_final/models/office_floor
copying models/office_floor/model.sdf -> /home/adrian/ros2_ws/src/Rob-tica_y_Sistemas_Inteligentes/install/puzzlebot_gazebo_final/share/puzzlebot_gazebo_final/models/office_floor
copying models/office_floor/model.config -> /home/adrian/ros2_ws/src/Rob-tica_y_Sistemas_Inteligentes/install/puzzlebot_gazebo_final/share/puzzlebot_gazebo_final/models/office_floor
creating /home/adrian/ros2_ws/src/Rob-tica_y_Sistemas_Inteligentes/install/puzzlebot_gazebo_final/share/puzzlebot_gazebo_final/models/office_floor/materials
creating /home/adrian/ros2_ws/src/Rob-tica_y_Sistemas_Inteligentes/install/puzzlebot_gazebo_final/share/puzzlebot_gazebo_final/models/office_floor/materials/textures
copying models/office_floor/materials/textures/puzzlebot_wood_7.png -> /home/adrian/ros2_ws/src/Rob-tica_y_Sistemas_Inteligentes/install/puzzlebot_gazebo_final/share/puzzlebot_gazebo_final/models/office_floor/materials/textures
creating /home/adrian/ros2_ws/src/Rob-tica_y_Sistemas_Inteligentes/install/puzzlebot_gazebo_final/share/puzzlebot_gazebo_final/models/goal_marker_3
copying models/goal_marker_3/model.sdf -> /home/adrian/ros2_ws/src/Rob-tica_y_Sistemas_Inteligentes/install/puzzlebot_gazebo_final/share/puzzlebot_gazebo_final/models/goal_marker_3
copying models/goal_marker_3/model.config -> /home/adrian/ros2_ws/src/Rob-tica_y_Sistemas_Inteligentes/install/puzzlebot_gazebo_final/share/puzzlebot_gazebo_final/models/goal_marker_3
creating /home/adrian/ros2_ws/src/Rob-tica_y_Sistemas_Inteligentes/install/puzzlebot_gazebo_final/share/puzzlebot_gazebo_final/models/goal_marker_3/materials
creating /home/adrian/ros2_ws/src/Rob-tica_y_Sistemas_Inteligentes/install/puzzlebot_gazebo_final/share/puzzlebot_gazebo_final/models/goal_marker_3/materials/textures
copying models/goal_marker_3/materials/textures/mcr2_goal_3.png -> /home/adrian/ros2_ws/src/Rob-tica_y_Sistemas_Inteligentes/install/puzzlebot_gazebo_final/share/puzzlebot_gazebo_final/models/goal_marker_3/materials/textures
creating /home/adrian/ros2_ws/src/Rob-tica_y_Sistemas_Inteligentes/install/puzzlebot_gazebo_final/share/puzzlebot_gazebo_final/models/aruco003_cv
copying models/aruco003_cv/model.sdf -> /home/adrian/ros2_ws/src/Rob-tica_y_Sistemas_Inteligentes/install/puzzlebot_gazebo_final/share/puzzlebot_gazebo_final/models/aruco003_cv
copying models/aruco003_cv/model.config -> /home/adrian/ros2_ws/src/Rob-tica_y_Sistemas_Inteligentes/install/puzzlebot_gazebo_final/share/puzzlebot_gazebo_final/models/aruco003_cv
creating /home/adrian/ros2_ws/src/Rob-tica_y_Sistemas_Inteligentes/install/puzzlebot_gazebo_final/share/puzzlebot_gazebo_final/models/aruco003_cv/materials
creating /home/adrian/ros2_ws/src/Rob-tica_y_Sistemas_Inteligentes/install/puzzlebot_gazebo_final/share/puzzlebot_gazebo_final/models/aruco003_cv/materials/textures
copying models/aruco003_cv/materials/textures/4x4_50_003.png -> /home/adrian/ros2_ws/src/Rob-tica_y_Sistemas_Inteligentes/install/puzzlebot_gazebo_final/share/puzzlebot_gazebo_final/models/aruco003_cv/materials/textures
creating /home/adrian/ros2_ws/src/Rob-tica_y_Sistemas_Inteligentes/install/puzzlebot_gazebo_final/share/puzzlebot_gazebo_final/models/aruco003_cv/meshes
copying models/aruco003_cv/meshes/aruco003.dae -> /home/adrian/ros2_ws/src/Rob-tica_y_Sistemas_Inteligentes/install/puzzlebot_gazebo_final/share/puzzlebot_gazebo_final/models/aruco003_cv/meshes
creating /home/adrian/ros2_ws/src/Rob-tica_y_Sistemas_Inteligentes/install/puzzlebot_gazebo_final/share/puzzlebot_gazebo_final/models/aruco001_cv
copying models/aruco001_cv/model.sdf -> /home/adrian/ros2_ws/src/Rob-tica_y_Sistemas_Inteligentes/install/puzzlebot_gazebo_final/share/puzzlebot_gazebo_final/models/aruco001_cv
copying models/aruco001_cv/model.config -> /home/adrian/ros2_ws/src/Rob-tica_y_Sistemas_Inteligentes/install/puzzlebot_gazebo_final/share/puzzlebot_gazebo_final/models/aruco001_cv
creating /home/adrian/ros2_ws/src/Rob-tica_y_Sistemas_Inteligentes/install/puzzlebot_gazebo_final/share/puzzlebot_gazebo_final/models/aruco001_cv/materials
creating /home/adrian/ros2_ws/src/Rob-tica_y_Sistemas_Inteligentes/install/puzzlebot_gazebo_final/share/puzzlebot_gazebo_final/models/aruco001_cv/materials/textures
copying models/aruco001_cv/materials/textures/4x4_50_001.png -> /home/adrian/ros2_ws/src/Rob-tica_y_Sistemas_Inteligentes/install/puzzlebot_gazebo_final/share/puzzlebot_gazebo_final/models/aruco001_cv/materials/textures
creating /home/adrian/ros2_ws/src/Rob-tica_y_Sistemas_Inteligentes/install/puzzlebot_gazebo_final/share/puzzlebot_gazebo_final/models/aruco001_cv/meshes
copying models/aruco001_cv/meshes/aruco001.dae -> /home/adrian/ros2_ws/src/Rob-tica_y_Sistemas_Inteligentes/install/puzzlebot_gazebo_final/share/puzzlebot_gazebo_final/models/aruco001_cv/meshes
creating /home/adrian/ros2_ws/src/Rob-tica_y_Sistemas_Inteligentes/install/puzzlebot_gazebo_final/share/puzzlebot_gazebo_final/models/empty
copying models/empty/model.sdf -> /home/adrian/ros2_ws/src/Rob-tica_y_Sistemas_Inteligentes/install/puzzlebot_gazebo_final/share/puzzlebot_gazebo_final/models/empty
copying models/empty/model.config -> /home/adrian/ros2_ws/src/Rob-tica_y_Sistemas_Inteligentes/install/puzzlebot_gazebo_final/share/puzzlebot_gazebo_final/models/empty
creating /home/adrian/ros2_ws/src/Rob-tica_y_Sistemas_Inteligentes/install/puzzlebot_gazebo_final/share/puzzlebot_gazebo_final/models/yellow_colored_box
copying models/yellow_colored_box/model.sdf -> /home/adrian/ros2_ws/src/Rob-tica_y_Sistemas_Inteligentes/install/puzzlebot_gazebo_final/share/puzzlebot_gazebo_final/models/yellow_colored_box
copying models/yellow_colored_box/model.config -> /home/adrian/ros2_ws/src/Rob-tica_y_Sistemas_Inteligentes/install/puzzlebot_gazebo_final/share/puzzlebot_gazebo_final/models/yellow_colored_box
creating /home/adrian/ros2_ws/src/Rob-tica_y_Sistemas_Inteligentes/install/puzzlebot_gazebo_final/share/puzzlebot_gazebo_final/models/plugins
copying models/plugins/libDiffDynamicPlugin.so -> /home/adrian/ros2_ws/src/Rob-tica_y_Sistemas_Inteligentes/install/puzzlebot_gazebo_final/share/puzzlebot_gazebo_final/models/plugins
creating /home/adrian/ros2_ws/src/Rob-tica_y_Sistemas_Inteligentes/install/puzzlebot_gazebo_final/share/puzzlebot_gazebo_final/models/goal_marker_4
copying models/goal_marker_4/model.sdf -> /home/adrian/ros2_ws/src/Rob-tica_y_Sistemas_Inteligentes/install/puzzlebot_gazebo_final/share/puzzlebot_gazebo_final/models/goal_marker_4
copying models/goal_marker_4/model.config -> /home/adrian/ros2_ws/src/Rob-tica_y_Sistemas_Inteligentes/install/puzzlebot_gazebo_final/share/puzzlebot_gazebo_final/models/goal_marker_4
creating /home/adrian/ros2_ws/src/Rob-tica_y_Sistemas_Inteligentes/install/puzzlebot_gazebo_final/share/puzzlebot_gazebo_final/models/goal_marker_4/materials
creating /home/adrian/ros2_ws/src/Rob-tica_y_Sistemas_Inteligentes/install/puzzlebot_gazebo_final/share/puzzlebot_gazebo_final/models/goal_marker_4/materials/textures
copying models/goal_marker_4/materials/textures/mcr2_goal_4.png -> /home/adrian/ros2_ws/src/Rob-tica_y_Sistemas_Inteligentes/install/puzzlebot_gazebo_final/share/puzzlebot_gazebo_final/models/goal_marker_4/materials/textures
creating /home/adrian/ros2_ws/src/Rob-tica_y_Sistemas_Inteligentes/install/puzzlebot_gazebo_final/share/puzzlebot_gazebo_final/models/avoidance_world_4
copying models/avoidance_world_4/model.sdf -> /home/adrian/ros2_ws/src/Rob-tica_y_Sistemas_Inteligentes/install/puzzlebot_gazebo_final/share/puzzlebot_gazebo_final/models/avoidance_world_4
copying models/avoidance_world_4/model.config -> /home/adrian/ros2_ws/src/Rob-tica_y_Sistemas_Inteligentes/install/puzzlebot_gazebo_final/share/puzzlebot_gazebo_final/models/avoidance_world_4
creating /home/adrian/ros2_ws/src/Rob-tica_y_Sistemas_Inteligentes/install/puzzlebot_gazebo_final/share/puzzlebot_gazebo_final/models/aruco000_cv
copying models/aruco000_cv/model.sdf -> /home/adrian/ros2_ws/src/Rob-tica_y_Sistemas_Inteligentes/install/puzzlebot_gazebo_final/share/puzzlebot_gazebo_final/models/aruco000_cv
copying models/aruco000_cv/model.config -> /home/adrian/ros2_ws/src/Rob-tica_y_Sistemas_Inteligentes/install/puzzlebot_gazebo_final/share/puzzlebot_gazebo_final/models/aruco000_cv
creating /home/adrian/ros2_ws/src/Rob-tica_y_Sistemas_Inteligentes/install/puzzlebot_gazebo_final/share/puzzlebot_gazebo_final/models/aruco000_cv/materials
creating /home/adrian/ros2_ws/src/Rob-tica_y_Sistemas_Inteligentes/install/puzzlebot_gazebo_final/share/puzzlebot_gazebo_final/models/aruco000_cv/materials/textures
copying models/aruco000_cv/materials/textures/4x4_50_000.png -> /home/adrian/ros2_ws/src/Rob-tica_y_Sistemas_Inteligentes/install/puzzlebot_gazebo_final/share/puzzlebot_gazebo_final/models/aruco000_cv/materials/textures
creating /home/adrian/ros2_ws/src/Rob-tica_y_Sistemas_Inteligentes/install/puzzlebot_gazebo_final/share/puzzlebot_gazebo_final/models/aruco000_cv/meshes
copying models/aruco000_cv/meshes/aruco000.dae -> /home/adrian/ros2_ws/src/Rob-tica_y_Sistemas_Inteligentes/install/puzzlebot_gazebo_final/share/puzzlebot_gazebo_final/models/aruco000_cv/meshes
creating /home/adrian/ros2_ws/src/Rob-tica_y_Sistemas_Inteligentes/install/puzzlebot_gazebo_final/share/puzzlebot_gazebo_final/models/aruco_marker_3
copying models/aruco_marker_3/model.sdf -> /home/adrian/ros2_ws/src/Rob-tica_y_Sistemas_Inteligentes/install/puzzlebot_gazebo_final/share/puzzlebot_gazebo_final/models/aruco_marker_3
copying models/aruco_marker_3/model.config -> /home/adrian/ros2_ws/src/Rob-tica_y_Sistemas_Inteligentes/install/puzzlebot_gazebo_final/share/puzzlebot_gazebo_final/models/aruco_marker_3
creating /home/adrian/ros2_ws/src/Rob-tica_y_Sistemas_Inteligentes/install/puzzlebot_gazebo_final/share/puzzlebot_gazebo_final/models/aruco_marker_3/materials
creating /home/adrian/ros2_ws/src/Rob-tica_y_Sistemas_Inteligentes/install/puzzlebot_gazebo_final/share/puzzlebot_gazebo_final/models/aruco_marker_3/materials/textures
copying models/aruco_marker_3/materials/textures/marker3.png -> /home/adrian/ros2_ws/src/Rob-tica_y_Sistemas_Inteligentes/install/puzzlebot_gazebo_final/share/puzzlebot_gazebo_final/models/aruco_marker_3/materials/textures
creating /home/adrian/ros2_ws/src/Rob-tica_y_Sistemas_Inteligentes/install/puzzlebot_gazebo_final/share/puzzlebot_gazebo_final/models/avoidance_world_2
copying models/avoidance_world_2/model.sdf -> /home/adrian/ros2_ws/src/Rob-tica_y_Sistemas_Inteligentes/install/puzzlebot_gazebo_final/share/puzzlebot_gazebo_final/models/avoidance_world_2
copying models/avoidance_world_2/model.config -> /home/adrian/ros2_ws/src/Rob-tica_y_Sistemas_Inteligentes/install/puzzlebot_gazebo_final/share/puzzlebot_gazebo_final/models/avoidance_world_2
creating /home/adrian/ros2_ws/src/Rob-tica_y_Sistemas_Inteligentes/install/puzzlebot_gazebo_final/share/puzzlebot_gazebo_final/models/avoidance_world_3
copying models/avoidance_world_3/model.sdf -> /home/adrian/ros2_ws/src/Rob-tica_y_Sistemas_Inteligentes/install/puzzlebot_gazebo_final/share/puzzlebot_gazebo_final/models/avoidance_world_3
copying models/avoidance_world_3/model.config -> /home/adrian/ros2_ws/src/Rob-tica_y_Sistemas_Inteligentes/install/puzzlebot_gazebo_final/share/puzzlebot_gazebo_final/models/avoidance_world_3
creating /home/adrian/ros2_ws/src/Rob-tica_y_Sistemas_Inteligentes/install/puzzlebot_gazebo_final/share/puzzlebot_gazebo_final/models/office_model
copying models/office_model/model.sdf -> /home/adrian/ros2_ws/src/Rob-tica_y_Sistemas_Inteligentes/install/puzzlebot_gazebo_final/share/puzzlebot_gazebo_final/models/office_model
copying models/office_model/model.config -> /home/adrian/ros2_ws/src/Rob-tica_y_Sistemas_Inteligentes/install/puzzlebot_gazebo_final/share/puzzlebot_gazebo_final/models/office_model
creating /home/adrian/ros2_ws/src/Rob-tica_y_Sistemas_Inteligentes/install/puzzlebot_gazebo_final/share/puzzlebot_gazebo_final/models/blue_colored_box
copying models/blue_colored_box/model.sdf -> /home/adrian/ros2_ws/src/Rob-tica_y_Sistemas_Inteligentes/install/puzzlebot_gazebo_final/share/puzzlebot_gazebo_final/models/blue_colored_box
copying models/blue_colored_box/model.config -> /home/adrian/ros2_ws/src/Rob-tica_y_Sistemas_Inteligentes/install/puzzlebot_gazebo_final/share/puzzlebot_gazebo_final/models/blue_colored_box
creating /home/adrian/ros2_ws/src/Rob-tica_y_Sistemas_Inteligentes/install/puzzlebot_gazebo_final/share/puzzlebot_gazebo_final/models/aruco003
copying models/aruco003/model.sdf -> /home/adrian/ros2_ws/src/Rob-tica_y_Sistemas_Inteligentes/install/puzzlebot_gazebo_final/share/puzzlebot_gazebo_final/models/aruco003
copying models/aruco003/model.config -> /home/adrian/ros2_ws/src/Rob-tica_y_Sistemas_Inteligentes/install/puzzlebot_gazebo_final/share/puzzlebot_gazebo_final/models/aruco003
creating /home/adrian/ros2_ws/src/Rob-tica_y_Sistemas_Inteligentes/install/puzzlebot_gazebo_final/share/puzzlebot_gazebo_final/models/aruco003/materials
creating /home/adrian/ros2_ws/src/Rob-tica_y_Sistemas_Inteligentes/install/puzzlebot_gazebo_final/share/puzzlebot_gazebo_final/models/aruco003/materials/textures
copying models/aruco003/materials/textures/16h3_003.png -> /home/adrian/ros2_ws/src/Rob-tica_y_Sistemas_Inteligentes/install/puzzlebot_gazebo_final/share/puzzlebot_gazebo_final/models/aruco003/materials/textures
creating /home/adrian/ros2_ws/src/Rob-tica_y_Sistemas_Inteligentes/install/puzzlebot_gazebo_final/share/puzzlebot_gazebo_final/models/aruco003/meshes
copying models/aruco003/meshes/aruco003.dae -> /home/adrian/ros2_ws/src/Rob-tica_y_Sistemas_Inteligentes/install/puzzlebot_gazebo_final/share/puzzlebot_gazebo_final/models/aruco003/meshes
creating /home/adrian/ros2_ws/src/Rob-tica_y_Sistemas_Inteligentes/install/puzzlebot_gazebo_final/share/puzzlebot_gazebo_final/models/simple_light
copying models/simple_light/model.sdf -> /home/adrian/ros2_ws/src/Rob-tica_y_Sistemas_Inteligentes/install/puzzlebot_gazebo_final/share/puzzlebot_gazebo_final/models/simple_light
copying models/simple_light/model.config -> /home/adrian/ros2_ws/src/Rob-tica_y_Sistemas_Inteligentes/install/puzzlebot_gazebo_final/share/puzzlebot_gazebo_final/models/simple_light
creating /home/adrian/ros2_ws/src/Rob-tica_y_Sistemas_Inteligentes/install/puzzlebot_gazebo_final/share/puzzlebot_gazebo_final/models/aruco_marker_0
copying models/aruco_marker_0/model.sdf -> /home/adrian/ros2_ws/src/Rob-tica_y_Sistemas_Inteligentes/install/puzzlebot_gazebo_final/share/puzzlebot_gazebo_final/models/aruco_marker_0
copying models/aruco_marker_0/model.config -> /home/adrian/ros2_ws/src/Rob-tica_y_Sistemas_Inteligentes/install/puzzlebot_gazebo_final/share/puzzlebot_gazebo_final/models/aruco_marker_0
creating /home/adrian/ros2_ws/src/Rob-tica_y_Sistemas_Inteligentes/install/puzzlebot_gazebo_final/share/puzzlebot_gazebo_final/models/aruco_marker_0/materials
creating /home/adrian/ros2_ws/src/Rob-tica_y_Sistemas_Inteligentes/install/puzzlebot_gazebo_final/share/puzzlebot_gazebo_final/models/aruco_marker_0/materials/textures
copying models/aruco_marker_0/materials/textures/marker0.png -> /home/adrian/ros2_ws/src/Rob-tica_y_Sistemas_Inteligentes/install/puzzlebot_gazebo_final/share/puzzlebot_gazebo_final/models/aruco_marker_0/materials/textures
creating /home/adrian/ros2_ws/src/Rob-tica_y_Sistemas_Inteligentes/install/puzzlebot_gazebo_final/share/puzzlebot_gazebo_final/models/goal_marker_1
copying models/goal_marker_1/model.sdf -> /home/adrian/ros2_ws/src/Rob-tica_y_Sistemas_Inteligentes/install/puzzlebot_gazebo_final/share/puzzlebot_gazebo_final/models/goal_marker_1
copying models/goal_marker_1/model.config -> /home/adrian/ros2_ws/src/Rob-tica_y_Sistemas_Inteligentes/install/puzzlebot_gazebo_final/share/puzzlebot_gazebo_final/models/goal_marker_1
creating /home/adrian/ros2_ws/src/Rob-tica_y_Sistemas_Inteligentes/install/puzzlebot_gazebo_final/share/puzzlebot_gazebo_final/models/goal_marker_1/materials
creating /home/adrian/ros2_ws/src/Rob-tica_y_Sistemas_Inteligentes/install/puzzlebot_gazebo_final/share/puzzlebot_gazebo_final/models/goal_marker_1/materials/textures
copying models/goal_marker_1/materials/textures/mcr2_goal_1.png -> /home/adrian/ros2_ws/src/Rob-tica_y_Sistemas_Inteligentes/install/puzzlebot_gazebo_final/share/puzzlebot_gazebo_final/models/goal_marker_1/materials/textures
creating /home/adrian/ros2_ws/src/Rob-tica_y_Sistemas_Inteligentes/install/puzzlebot_gazebo_final/share/puzzlebot_gazebo_final/models/puzzlebot_lidar
copying models/puzzlebot_lidar/model.sdf -> /home/adrian/ros2_ws/src/Rob-tica_y_Sistemas_Inteligentes/install/puzzlebot_gazebo_final/share/puzzlebot_gazebo_final/models/puzzlebot_lidar
copying models/puzzlebot_lidar/model.config -> /home/adrian/ros2_ws/src/Rob-tica_y_Sistemas_Inteligentes/install/puzzlebot_gazebo_final/share/puzzlebot_gazebo_final/models/puzzlebot_lidar
creating /home/adrian/ros2_ws/src/Rob-tica_y_Sistemas_Inteligentes/install/puzzlebot_gazebo_final/share/puzzlebot_gazebo_final/models/puzzlebot_lidar/meshes
copying models/puzzlebot_lidar/meshes/wheel.dae -> /home/adrian/ros2_ws/src/Rob-tica_y_Sistemas_Inteligentes/install/puzzlebot_gazebo_final/share/puzzlebot_gazebo_final/models/puzzlebot_lidar/meshes
copying models/puzzlebot_lidar/meshes/chassis1.dae -> /home/adrian/ros2_ws/src/Rob-tica_y_Sistemas_Inteligentes/install/puzzlebot_gazebo_final/share/puzzlebot_gazebo_final/models/puzzlebot_lidar/meshes
creating /home/adrian/ros2_ws/src/Rob-tica_y_Sistemas_Inteligentes/install/puzzlebot_gazebo_final/share/puzzlebot_gazebo_final/models/aruco_marker_5
copying models/aruco_marker_5/model.sdf -> /home/adrian/ros2_ws/src/Rob-tica_y_Sistemas_Inteligentes/install/puzzlebot_gazebo_final/share/puzzlebot_gazebo_final/models/aruco_marker_5
copying models/aruco_marker_5/model.config -> /home/adrian/ros2_ws/src/Rob-tica_y_Sistemas_Inteligentes/install/puzzlebot_gazebo_final/share/puzzlebot_gazebo_final/models/aruco_marker_5
creating /home/adrian/ros2_ws/src/Rob-tica_y_Sistemas_Inteligentes/install/puzzlebot_gazebo_final/share/puzzlebot_gazebo_final/models/aruco_marker_5/materials
creating /home/adrian/ros2_ws/src/Rob-tica_y_Sistemas_Inteligentes/install/puzzlebot_gazebo_final/share/puzzlebot_gazebo_final/models/aruco_marker_5/materials/textures
copying models/aruco_marker_5/materials/textures/marker5.png -> /home/adrian/ros2_ws/src/Rob-tica_y_Sistemas_Inteligentes/install/puzzlebot_gazebo_final/share/puzzlebot_gazebo_final/models/aruco_marker_5/materials/textures
creating /home/adrian/ros2_ws/src/Rob-tica_y_Sistemas_Inteligentes/install/puzzlebot_gazebo_final/share/puzzlebot_gazebo_final/models/red_colored_box
copying models/red_colored_box/model.sdf -> /home/adrian/ros2_ws/src/Rob-tica_y_Sistemas_Inteligentes/install/puzzlebot_gazebo_final/share/puzzlebot_gazebo_final/models/red_colored_box
copying models/red_colored_box/model.config -> /home/adrian/ros2_ws/src/Rob-tica_y_Sistemas_Inteligentes/install/puzzlebot_gazebo_final/share/puzzlebot_gazebo_final/models/red_colored_box
creating /home/adrian/ros2_ws/src/Rob-tica_y_Sistemas_Inteligentes/install/puzzlebot_gazebo_final/share/puzzlebot_gazebo_final/worlds
copying worlds/puzzlebot_route_markers.world -> /home/adrian/ros2_ws/src/Rob-tica_y_Sistemas_Inteligentes/install/puzzlebot_gazebo_final/share/puzzlebot_gazebo_final/worlds
copying worlds/obstacle_avoidance_4.world -> /home/adrian/ros2_ws/src/Rob-tica_y_Sistemas_Inteligentes/install/puzzlebot_gazebo_final/share/puzzlebot_gazebo_final/worlds
copying worlds/obstacle_avoidance_3.world -> /home/adrian/ros2_ws/src/Rob-tica_y_Sistemas_Inteligentes/install/puzzlebot_gazebo_final/share/puzzlebot_gazebo_final/worlds
copying worlds/world_aruco_mip.sdf -> /home/adrian/ros2_ws/src/Rob-tica_y_Sistemas_Inteligentes/install/puzzlebot_gazebo_final/share/puzzlebot_gazebo_final/worlds
copying worlds/obstacle_avoidance_2.world -> /home/adrian/ros2_ws/src/Rob-tica_y_Sistemas_Inteligentes/install/puzzlebot_gazebo_final/share/puzzlebot_gazebo_final/worlds
copying worlds/world_empty.sdf -> /home/adrian/ros2_ws/src/Rob-tica_y_Sistemas_Inteligentes/install/puzzlebot_gazebo_final/share/puzzlebot_gazebo_final/worlds
copying worlds/puzzlebot_world.world -> /home/adrian/ros2_ws/src/Rob-tica_y_Sistemas_Inteligentes/install/puzzlebot_gazebo_final/share/puzzlebot_gazebo_final/worlds
copying worlds/world_aruco_cv.sdf -> /home/adrian/ros2_ws/src/Rob-tica_y_Sistemas_Inteligentes/install/puzzlebot_gazebo_final/share/puzzlebot_gazebo_final/worlds
copying worlds/puzzlebot_arena.world -> /home/adrian/ros2_ws/src/Rob-tica_y_Sistemas_Inteligentes/install/puzzlebot_gazebo_final/share/puzzlebot_gazebo_final/worlds
copying worlds/world_box.sdf -> /home/adrian/ros2_ws/src/Rob-tica_y_Sistemas_Inteligentes/install/puzzlebot_gazebo_final/share/puzzlebot_gazebo_final/worlds
copying worlds/puzzlebot_track.world -> /home/adrian/ros2_ws/src/Rob-tica_y_Sistemas_Inteligentes/install/puzzlebot_gazebo_final/share/puzzlebot_gazebo_final/worlds
copying worlds/empty.world -> /home/adrian/ros2_ws/src/Rob-tica_y_Sistemas_Inteligentes/install/puzzlebot_gazebo_final/share/puzzlebot_gazebo_final/worlds
copying worlds/office.world -> /home/adrian/ros2_ws/src/Rob-tica_y_Sistemas_Inteligentes/install/puzzlebot_gazebo_final/share/puzzlebot_gazebo_final/worlds
copying worlds/puzzlebot_aruco_markers.world -> /home/adrian/ros2_ws/src/Rob-tica_y_Sistemas_Inteligentes/install/puzzlebot_gazebo_final/share/puzzlebot_gazebo_final/worlds
copying worlds/puzzlebot_arena_markers.world -> /home/adrian/ros2_ws/src/Rob-tica_y_Sistemas_Inteligentes/install/puzzlebot_gazebo_final/share/puzzlebot_gazebo_final/worlds
copying worlds/obstacle_avoidance_1.world -> /home/adrian/ros2_ws/src/Rob-tica_y_Sistemas_Inteligentes/install/puzzlebot_gazebo_final/share/puzzlebot_gazebo_final/worlds
creating /home/adrian/ros2_ws/src/Rob-tica_y_Sistemas_Inteligentes/install/puzzlebot_gazebo_final/share/puzzlebot_gazebo_final/worlds/office_2
copying worlds/office_2/model.sdf -> /home/adrian/ros2_ws/src/Rob-tica_y_Sistemas_Inteligentes/install/puzzlebot_gazebo_final/share/puzzlebot_gazebo_final/worlds/office_2
copying worlds/office_2/model.config -> /home/adrian/ros2_ws/src/Rob-tica_y_Sistemas_Inteligentes/install/puzzlebot_gazebo_final/share/puzzlebot_gazebo_final/worlds/office_2
creating /home/adrian/ros2_ws/src/Rob-tica_y_Sistemas_Inteligentes/install/puzzlebot_gazebo_final/share/puzzlebot_gazebo_final/plugins
copying plugins/libDiffDynamicPlugin.so -> /home/adrian/ros2_ws/src/Rob-tica_y_Sistemas_Inteligentes/install/puzzlebot_gazebo_final/share/puzzlebot_gazebo_final/plugins
running install_egg_info
Copying ../../../build/puzzlebot_gazebo_final/puzzlebot_gazebo_final.egg-info to /home/adrian/ros2_ws/src/Rob-tica_y_Sistemas_Inteligentes/install/puzzlebot_gazebo_final/lib/python3.10/site-packages/puzzlebot_gazebo_final-0.0.0-py3.10.egg-info
running install_scripts
Installing puzzlebot_gazebo_final script to /home/adrian/ros2_ws/src/Rob-tica_y_Sistemas_Inteligentes/install/puzzlebot_gazebo_final/lib/puzzlebot_gazebo_final
writing list of installed files to '/home/adrian/ros2_ws/src/Rob-tica_y_Sistemas_Inteligentes/build/puzzlebot_gazebo_final/install.log'
