[1.009s] Invoking command in '/home/adrian/ros2_ws/src/Rob-tica_y_Sistemas_Inteligentes/FinalChallenge/puzzlebot_finalchallenge/puzzlebot_gazebo_final': PYTHONPATH=/home/adrian/ros2_ws/src/Rob-tica_y_Sistemas_Inteligentes/build/puzzlebot_gazebo_final/prefix_override:/usr/lib/python3/dist-packages/colcon_core/task/python/colcon_distutils_commands:/home/adrian/ros2_ws/src/Rob-tica_y_Sistemas_Inteligentes/install/puzzlebot_gazebo_final/lib/python3.10/site-packages:${PYTHONPATH} /usr/bin/python3 -W ignore:setup.py install is deprecated -W ignore:easy_install command is deprecated setup.py egg_info --egg-base ../../../build/puzzlebot_gazebo_final build --build-base /home/adrian/ros2_ws/src/Rob-tica_y_Sistemas_Inteligentes/build/puzzlebot_gazebo_final/build install --record /home/adrian/ros2_ws/src/Rob-tica_y_Sistemas_Inteligentes/build/puzzlebot_gazebo_final/install.log --single-version-externally-managed install_data
[1.289s] running egg_info
[1.290s] creating ../../../build/puzzlebot_gazebo_final/puzzlebot_gazebo_final.egg-info
[1.290s] writing ../../../build/puzzlebot_gazebo_final/puzzlebot_gazebo_final.egg-info/PKG-INFO
[1.291s] writing dependency_links to ../../../build/puzzlebot_gazebo_final/puzzlebot_gazebo_final.egg-info/dependency_links.txt
[1.291s] writing entry points to ../../../build/puzzlebot_gazebo_final/puzzlebot_gazebo_final.egg-info/entry_points.txt
[1.291s] writing requirements to ../../../build/puzzlebot_gazebo_final/puzzlebot_gazebo_final.egg-info/requires.txt
[1.291s] writing top-level names to ../../../build/puzzlebot_gazebo_final/puzzlebot_gazebo_final.egg-info/top_level.txt
[1.291s] writing manifest file '../../../build/puzzlebot_gazebo_final/puzzlebot_gazebo_final.egg-info/SOURCES.txt'
[1.293s] reading manifest file '../../../build/puzzlebot_gazebo_final/puzzlebot_gazebo_final.egg-info/SOURCES.txt'
[1.293s] adding license file 'LICENSE'
[1.296s] writing manifest file '../../../build/puzzlebot_gazebo_final/puzzlebot_gazebo_final.egg-info/SOURCES.txt'
[1.296s] running build
[1.296s] running install
[1.296s] running install_data
[1.296s] creating /home/adrian/ros2_ws/src/Rob-tica_y_Sistemas_Inteligentes/install/puzzlebot_gazebo_final/share/ament_index
[1.296s] creating /home/adrian/ros2_ws/src/Rob-tica_y_Sistemas_Inteligentes/install/puzzlebot_gazebo_final/share/ament_index/resource_index
[1.297s] creating /home/adrian/ros2_ws/src/Rob-tica_y_Sistemas_Inteligentes/install/puzzlebot_gazebo_final/share/ament_index/resource_index/packages
[1.297s] copying resource/puzzlebot_gazebo_final -> /home/adrian/ros2_ws/src/Rob-tica_y_Sistemas_Inteligentes/install/puzzlebot_gazebo_final/share/ament_index/resource_index/packages
[1.297s] copying package.xml -> /home/adrian/ros2_ws/src/Rob-tica_y_Sistemas_Inteligentes/install/puzzlebot_gazebo_final/share/puzzlebot_gazebo_final
[1.297s] creating /home/adrian/ros2_ws/src/Rob-tica_y_Sistemas_Inteligentes/install/puzzlebot_gazebo_final/share/puzzlebot_gazebo_final/launch
[1.298s] copying launch/gazebo_puzzlebot_launch.py -> /home/adrian/ros2_ws/src/Rob-tica_y_Sistemas_Inteligentes/install/puzzlebot_gazebo_final/share/puzzlebot_gazebo_final/launch
[1.298s] copying launch/gazebo_example_launch.py -> /home/adrian/ros2_ws/src/Rob-tica_y_Sistemas_Inteligentes/install/puzzlebot_gazebo_final/share/puzzlebot_gazebo_final/launch
[1.298s] copying launch/gazebo_world_launch.py -> /home/adrian/ros2_ws/src/Rob-tica_y_Sistemas_Inteligentes/install/puzzlebot_gazebo_final/share/puzzlebot_gazebo_final/launch
[1.298s] copying launch/bringup_obstacle_avoidance1_launch.py -> /home/adrian/ros2_ws/src/Rob-tica_y_Sistemas_Inteligentes/install/puzzlebot_gazebo_final/share/puzzlebot_gazebo_final/launch
[1.298s] copying launch/bringup_obstacle_avoidance_bug2_launch.py -> /home/adrian/ros2_ws/src/Rob-tica_y_Sistemas_Inteligentes/install/puzzlebot_gazebo_final/share/puzzlebot_gazebo_final/launch
[1.298s] copying launch/bug0_1_launch.py -> /home/adrian/ros2_ws/src/Rob-tica_y_Sistemas_Inteligentes/install/puzzlebot_gazebo_final/share/puzzlebot_gazebo_final/launch
[1.299s] copying launch/bringup_simulation_simple_launch.py -> /home/adrian/ros2_ws/src/Rob-tica_y_Sistemas_Inteligentes/install/puzzlebot_gazebo_final/share/puzzlebot_gazebo_final/launch
[1.299s] copying launch/bug0_3_launch.py -> /home/adrian/ros2_ws/src/Rob-tica_y_Sistemas_Inteligentes/install/puzzlebot_gazebo_final/share/puzzlebot_gazebo_final/launch
[1.299s] copying launch/bringup_simulation_multi_launch.py -> /home/adrian/ros2_ws/src/Rob-tica_y_Sistemas_Inteligentes/install/puzzlebot_gazebo_final/share/puzzlebot_gazebo_final/launch
[1.299s] copying launch/bug0_2_launch.py -> /home/adrian/ros2_ws/src/Rob-tica_y_Sistemas_Inteligentes/install/puzzlebot_gazebo_final/share/puzzlebot_gazebo_final/launch
[1.299s] copying launch/bug0_4_launch.py -> /home/adrian/ros2_ws/src/Rob-tica_y_Sistemas_Inteligentes/install/puzzlebot_gazebo_final/share/puzzlebot_gazebo_final/launch
[1.300s] creating /home/adrian/ros2_ws/src/Rob-tica_y_Sistemas_Inteligentes/install/puzzlebot_gazebo_final/share/puzzlebot_gazebo_final/config
[1.300s] copying config/puzzlebot_hacker_ed.yaml -> /home/adrian/ros2_ws/src/Rob-tica_y_Sistemas_Inteligentes/install/puzzlebot_gazebo_final/share/puzzlebot_gazebo_final/config
[1.300s] copying config/puzzlebot_jetson_lidar_ed.yaml -> /home/adrian/ros2_ws/src/Rob-tica_y_Sistemas_Inteligentes/install/puzzlebot_gazebo_final/share/puzzlebot_gazebo_final/config
[1.300s] copying config/puzzlebot_jetson_ed.yaml -> /home/adrian/ros2_ws/src/Rob-tica_y_Sistemas_Inteligentes/install/puzzlebot_gazebo_final/share/puzzlebot_gazebo_final/config
[1.300s] creating /home/adrian/ros2_ws/src/Rob-tica_y_Sistemas_Inteligentes/install/puzzlebot_gazebo_final/share/puzzlebot_gazebo_final/rviz
[1.300s] creating /home/adrian/ros2_ws/src/Rob-tica_y_Sistemas_Inteligentes/install/puzzlebot_gazebo_final/share/puzzlebot_gazebo_final/models
[1.300s] creating /home/adrian/ros2_ws/src/Rob-tica_y_Sistemas_Inteligentes/install/puzzlebot_gazebo_final/share/puzzlebot_gazebo_final/models/puzzlebot_base
[1.301s] copying models/puzzlebot_base/model.sdf -> /home/adrian/ros2_ws/src/Rob-tica_y_Sistemas_Inteligentes/install/puzzlebot_gazebo_final/share/puzzlebot_gazebo_final/models/puzzlebot_base
[1.305s] copying models/puzzlebot_base/model.config -> /home/adrian/ros2_ws/src/Rob-tica_y_Sistemas_Inteligentes/install/puzzlebot_gazebo_final/share/puzzlebot_gazebo_final/models/puzzlebot_base
[1.305s] creating /home/adrian/ros2_ws/src/Rob-tica_y_Sistemas_Inteligentes/install/puzzlebot_gazebo_final/share/puzzlebot_gazebo_final/models/puzzlebot_base/materials
[1.305s] creating /home/adrian/ros2_ws/src/Rob-tica_y_Sistemas_Inteligentes/install/puzzlebot_gazebo_final/share/puzzlebot_gazebo_final/models/puzzlebot_base/materials/textures
[1.305s] copying models/puzzlebot_base/materials/textures/puzzlebot_wood_6.png -> /home/adrian/ros2_ws/src/Rob-tica_y_Sistemas_Inteligentes/install/puzzlebot_gazebo_final/share/puzzlebot_gazebo_final/models/puzzlebot_base/materials/textures
[1.308s] creating /home/adrian/ros2_ws/src/Rob-tica_y_Sistemas_Inteligentes/install/puzzlebot_gazebo_final/share/puzzlebot_gazebo_final/models/media
[1.309s] creating /home/adrian/ros2_ws/src/Rob-tica_y_Sistemas_Inteligentes/install/puzzlebot_gazebo_final/share/puzzlebot_gazebo_final/models/media/materials
[1.309s] creating /home/adrian/ros2_ws/src/Rob-tica_y_Sistemas_Inteligentes/install/puzzlebot_gazebo_final/share/puzzlebot_gazebo_final/models/media/materials/textures
[1.309s] copying models/media/materials/textures/puzzlebot_wood_4.png -> /home/adrian/ros2_ws/src/Rob-tica_y_Sistemas_Inteligentes/install/puzzlebot_gazebo_final/share/puzzlebot_gazebo_final/models/media/materials/textures
[1.315s] copying models/media/materials/textures/mcr2_goal_5.png -> /home/adrian/ros2_ws/src/Rob-tica_y_Sistemas_Inteligentes/install/puzzlebot_gazebo_final/share/puzzlebot_gazebo_final/models/media/materials/textures
[1.315s] copying models/media/materials/textures/wood_floor.jpg -> /home/adrian/ros2_ws/src/Rob-tica_y_Sistemas_Inteligentes/install/puzzlebot_gazebo_final/share/puzzlebot_gazebo_final/models/media/materials/textures
[1.316s] copying models/media/materials/textures/puzzlebot_wood_5.png -> /home/adrian/ros2_ws/src/Rob-tica_y_Sistemas_Inteligentes/install/puzzlebot_gazebo_final/share/puzzlebot_gazebo_final/models/media/materials/textures
[1.323s] copying models/media/materials/textures/nvidia_logo_white.jpg -> /home/adrian/ros2_ws/src/Rob-tica_y_Sistemas_Inteligentes/install/puzzlebot_gazebo_final/share/puzzlebot_gazebo_final/models/media/materials/textures
[1.324s] copying models/media/materials/textures/nvidia_hz_logo_white.jpg -> /home/adrian/ros2_ws/src/Rob-tica_y_Sistemas_Inteligentes/install/puzzlebot_gazebo_final/share/puzzlebot_gazebo_final/models/media/materials/textures
[1.324s] copying models/media/materials/textures/puzzlebot_wood_6.png -> /home/adrian/ros2_ws/src/Rob-tica_y_Sistemas_Inteligentes/install/puzzlebot_gazebo_final/share/puzzlebot_gazebo_final/models/media/materials/textures
[1.326s] copying models/media/materials/textures/mcr2_logo_white.png -> /home/adrian/ros2_ws/src/Rob-tica_y_Sistemas_Inteligentes/install/puzzlebot_gazebo_final/share/puzzlebot_gazebo_final/models/media/materials/textures
[1.327s] copying models/media/materials/textures/nvidia_logo_black.jpg -> /home/adrian/ros2_ws/src/Rob-tica_y_Sistemas_Inteligentes/install/puzzlebot_gazebo_final/share/puzzlebot_gazebo_final/models/media/materials/textures
[1.328s] copying models/media/materials/textures/mcr2_goal_4.png -> /home/adrian/ros2_ws/src/Rob-tica_y_Sistemas_Inteligentes/install/puzzlebot_gazebo_final/share/puzzlebot_gazebo_final/models/media/materials/textures
[1.328s] copying models/media/materials/textures/nvidia_logo_b_w.jpg -> /home/adrian/ros2_ws/src/Rob-tica_y_Sistemas_Inteligentes/install/puzzlebot_gazebo_final/share/puzzlebot_gazebo_final/models/media/materials/textures
[1.329s] copying models/media/materials/textures/mcr2_logo_black.png -> /home/adrian/ros2_ws/src/Rob-tica_y_Sistemas_Inteligentes/install/puzzlebot_gazebo_final/share/puzzlebot_gazebo_final/models/media/materials/textures
[1.330s] copying models/media/materials/textures/puzzlebot_wood_7.png -> /home/adrian/ros2_ws/src/Rob-tica_y_Sistemas_Inteligentes/install/puzzlebot_gazebo_final/share/puzzlebot_gazebo_final/models/media/materials/textures
[1.335s] copying models/media/materials/textures/mcr2_banner.png -> /home/adrian/ros2_ws/src/Rob-tica_y_Sistemas_Inteligentes/install/puzzlebot_gazebo_final/share/puzzlebot_gazebo_final/models/media/materials/textures
[1.336s] copying models/media/materials/textures/mcr2_goal_2.png -> /home/adrian/ros2_ws/src/Rob-tica_y_Sistemas_Inteligentes/install/puzzlebot_gazebo_final/share/puzzlebot_gazebo_final/models/media/materials/textures
[1.336s] copying models/media/materials/textures/mcr2_goal_1.png -> /home/adrian/ros2_ws/src/Rob-tica_y_Sistemas_Inteligentes/install/puzzlebot_gazebo_final/share/puzzlebot_gazebo_final/models/media/materials/textures
[1.337s] copying models/media/materials/textures/puzzlebot_logo_white.png -> /home/adrian/ros2_ws/src/Rob-tica_y_Sistemas_Inteligentes/install/puzzlebot_gazebo_final/share/puzzlebot_gazebo_final/models/media/materials/textures
[1.337s] copying models/media/materials/textures/puzzlebot_logo.png -> /home/adrian/ros2_ws/src/Rob-tica_y_Sistemas_Inteligentes/install/puzzlebot_gazebo_final/share/puzzlebot_gazebo_final/models/media/materials/textures
[1.338s] copying models/media/materials/textures/mcr2_goal_3.png -> /home/adrian/ros2_ws/src/Rob-tica_y_Sistemas_Inteligentes/install/puzzlebot_gazebo_final/share/puzzlebot_gazebo_final/models/media/materials/textures
[1.338s] creating /home/adrian/ros2_ws/src/Rob-tica_y_Sistemas_Inteligentes/install/puzzlebot_gazebo_final/share/puzzlebot_gazebo_final/models/media/materials/textures/aruco_markers
[1.339s] copying models/media/materials/textures/aruco_markers/marker1.png -> /home/adrian/ros2_ws/src/Rob-tica_y_Sistemas_Inteligentes/install/puzzlebot_gazebo_final/share/puzzlebot_gazebo_final/models/media/materials/textures/aruco_markers
[1.340s] copying models/media/materials/textures/aruco_markers/marker4.png -> /home/adrian/ros2_ws/src/Rob-tica_y_Sistemas_Inteligentes/install/puzzlebot_gazebo_final/share/puzzlebot_gazebo_final/models/media/materials/textures/aruco_markers
[1.340s] copying models/media/materials/textures/aruco_markers/marker0.png -> /home/adrian/ros2_ws/src/Rob-tica_y_Sistemas_Inteligentes/install/puzzlebot_gazebo_final/share/puzzlebot_gazebo_final/models/media/materials/textures/aruco_markers
[1.341s] copying models/media/materials/textures/aruco_markers/marker3.png -> /home/adrian/ros2_ws/src/Rob-tica_y_Sistemas_Inteligentes/install/puzzlebot_gazebo_final/share/puzzlebot_gazebo_final/models/media/materials/textures/aruco_markers
[1.342s] copying models/media/materials/textures/aruco_markers/marker2.png -> /home/adrian/ros2_ws/src/Rob-tica_y_Sistemas_Inteligentes/install/puzzlebot_gazebo_final/share/puzzlebot_gazebo_final/models/media/materials/textures/aruco_markers
[1.342s] copying models/media/materials/textures/aruco_markers/marker5.png -> /home/adrian/ros2_ws/src/Rob-tica_y_Sistemas_Inteligentes/install/puzzlebot_gazebo_final/share/puzzlebot_gazebo_final/models/media/materials/textures/aruco_markers
[1.342s] creating /home/adrian/ros2_ws/src/Rob-tica_y_Sistemas_Inteligentes/install/puzzlebot_gazebo_final/share/puzzlebot_gazebo_final/models/media/materials/scripts
[1.343s] copying models/media/materials/scripts/mcr2_materials.material -> /home/adrian/ros2_ws/src/Rob-tica_y_Sistemas_Inteligentes/install/puzzlebot_gazebo_final/share/puzzlebot_gazebo_final/models/media/materials/scripts
[1.343s] creating /home/adrian/ros2_ws/src/Rob-tica_y_Sistemas_Inteligentes/install/puzzlebot_gazebo_final/share/puzzlebot_gazebo_final/models/world_wall
[1.343s] copying models/world_wall/model.sdf -> /home/adrian/ros2_ws/src/Rob-tica_y_Sistemas_Inteligentes/install/puzzlebot_gazebo_final/share/puzzlebot_gazebo_final/models/world_wall
[1.344s] copying models/world_wall/model.config -> /home/adrian/ros2_ws/src/Rob-tica_y_Sistemas_Inteligentes/install/puzzlebot_gazebo_final/share/puzzlebot_gazebo_final/models/world_wall
[1.344s] creating /home/adrian/ros2_ws/src/Rob-tica_y_Sistemas_Inteligentes/install/puzzlebot_gazebo_final/share/puzzlebot_gazebo_final/models/world_wall/materials
[1.344s] creating /home/adrian/ros2_ws/src/Rob-tica_y_Sistemas_Inteligentes/install/puzzlebot_gazebo_final/share/puzzlebot_gazebo_final/models/world_wall/materials/textures
[1.344s] copying models/world_wall/materials/textures/wood_floor.jpg -> /home/adrian/ros2_ws/src/Rob-tica_y_Sistemas_Inteligentes/install/puzzlebot_gazebo_final/share/puzzlebot_gazebo_final/models/world_wall/materials/textures
[1.344s] copying models/world_wall/materials/textures/MapAll.jpg -> /home/adrian/ros2_ws/src/Rob-tica_y_Sistemas_Inteligentes/install/puzzlebot_gazebo_final/share/puzzlebot_gazebo_final/models/world_wall/materials/textures
[1.345s] copying models/world_wall/materials/textures/0032-512x512.jpg -> /home/adrian/ros2_ws/src/Rob-tica_y_Sistemas_Inteligentes/install/puzzlebot_gazebo_final/share/puzzlebot_gazebo_final/models/world_wall/materials/textures
[1.346s] creating /home/adrian/ros2_ws/src/Rob-tica_y_Sistemas_Inteligentes/install/puzzlebot_gazebo_final/share/puzzlebot_gazebo_final/models/world_wall/meshes
[1.346s] copying models/world_wall/meshes/wood_floor.jpg -> /home/adrian/ros2_ws/src/Rob-tica_y_Sistemas_Inteligentes/install/puzzlebot_gazebo_final/share/puzzlebot_gazebo_final/models/world_wall/meshes
[1.347s] copying models/world_wall/meshes/0032-512x512.jpg -> /home/adrian/ros2_ws/src/Rob-tica_y_Sistemas_Inteligentes/install/puzzlebot_gazebo_final/share/puzzlebot_gazebo_final/models/world_wall/meshes
[1.348s] copying models/world_wall/meshes/world_wall1.dae -> /home/adrian/ros2_ws/src/Rob-tica_y_Sistemas_Inteligentes/install/puzzlebot_gazebo_final/share/puzzlebot_gazebo_final/models/world_wall/meshes
[1.349s] creating /home/adrian/ros2_ws/src/Rob-tica_y_Sistemas_Inteligentes/install/puzzlebot_gazebo_final/share/puzzlebot_gazebo_final/models/puzzlebot_track
[1.349s] copying models/puzzlebot_track/model.sdf -> /home/adrian/ros2_ws/src/Rob-tica_y_Sistemas_Inteligentes/install/puzzlebot_gazebo_final/share/puzzlebot_gazebo_final/models/puzzlebot_track
[1.349s] copying models/puzzlebot_track/model.config -> /home/adrian/ros2_ws/src/Rob-tica_y_Sistemas_Inteligentes/install/puzzlebot_gazebo_final/share/puzzlebot_gazebo_final/models/puzzlebot_track
[1.349s] creating /home/adrian/ros2_ws/src/Rob-tica_y_Sistemas_Inteligentes/install/puzzlebot_gazebo_final/share/puzzlebot_gazebo_final/models/puzzlebot_track/materials
[1.350s] creating /home/adrian/ros2_ws/src/Rob-tica_y_Sistemas_Inteligentes/install/puzzlebot_gazebo_final/share/puzzlebot_gazebo_final/models/puzzlebot_track/materials/textures
[1.350s] copying models/puzzlebot_track/materials/textures/puzzlebot_track.png -> /home/adrian/ros2_ws/src/Rob-tica_y_Sistemas_Inteligentes/install/puzzlebot_gazebo_final/share/puzzlebot_gazebo_final/models/puzzlebot_track/materials/textures
[1.350s] creating /home/adrian/ros2_ws/src/Rob-tica_y_Sistemas_Inteligentes/install/puzzlebot_gazebo_final/share/puzzlebot_gazebo_final/models/aruco002
[1.350s] copying models/aruco002/model.sdf -> /home/adrian/ros2_ws/src/Rob-tica_y_Sistemas_Inteligentes/install/puzzlebot_gazebo_final/share/puzzlebot_gazebo_final/models/aruco002
[1.351s] copying models/aruco002/model.config -> /home/adrian/ros2_ws/src/Rob-tica_y_Sistemas_Inteligentes/install/puzzlebot_gazebo_final/share/puzzlebot_gazebo_final/models/aruco002
[1.351s] creating /home/adrian/ros2_ws/src/Rob-tica_y_Sistemas_Inteligentes/install/puzzlebot_gazebo_final/share/puzzlebot_gazebo_final/models/aruco002/materials
[1.351s] creating /home/adrian/ros2_ws/src/Rob-tica_y_Sistemas_Inteligentes/install/puzzlebot_gazebo_final/share/puzzlebot_gazebo_final/models/aruco002/materials/textures
[1.351s] copying models/aruco002/materials/textures/16h3_002.png -> /home/adrian/ros2_ws/src/Rob-tica_y_Sistemas_Inteligentes/install/puzzlebot_gazebo_final/share/puzzlebot_gazebo_final/models/aruco002/materials/textures
[1.351s] creating /home/adrian/ros2_ws/src/Rob-tica_y_Sistemas_Inteligentes/install/puzzlebot_gazebo_final/share/puzzlebot_gazebo_final/models/aruco002/meshes
[1.351s] copying models/aruco002/meshes/aruco002.dae -> /home/adrian/ros2_ws/src/Rob-tica_y_Sistemas_Inteligentes/install/puzzlebot_gazebo_final/share/puzzlebot_gazebo_final/models/aruco002/meshes
[1.352s] creating /home/adrian/ros2_ws/src/Rob-tica_y_Sistemas_Inteligentes/install/puzzlebot_gazebo_final/share/puzzlebot_gazebo_final/models/aruco_marker_1
[1.352s] copying models/aruco_marker_1/model.sdf -> /home/adrian/ros2_ws/src/Rob-tica_y_Sistemas_Inteligentes/install/puzzlebot_gazebo_final/share/puzzlebot_gazebo_final/models/aruco_marker_1
[1.352s] copying models/aruco_marker_1/model.config -> /home/adrian/ros2_ws/src/Rob-tica_y_Sistemas_Inteligentes/install/puzzlebot_gazebo_final/share/puzzlebot_gazebo_final/models/aruco_marker_1
[1.353s] creating /home/adrian/ros2_ws/src/Rob-tica_y_Sistemas_Inteligentes/install/puzzlebot_gazebo_final/share/puzzlebot_gazebo_final/models/aruco_marker_1/materials
[1.353s] creating /home/adrian/ros2_ws/src/Rob-tica_y_Sistemas_Inteligentes/install/puzzlebot_gazebo_final/share/puzzlebot_gazebo_final/models/aruco_marker_1/materials/textures
[1.353s] copying models/aruco_marker_1/materials/textures/marker1.png -> /home/adrian/ros2_ws/src/Rob-tica_y_Sistemas_Inteligentes/install/puzzlebot_gazebo_final/share/puzzlebot_gazebo_final/models/aruco_marker_1/materials/textures
[1.353s] creating /home/adrian/ros2_ws/src/Rob-tica_y_Sistemas_Inteligentes/install/puzzlebot_gazebo_final/share/puzzlebot_gazebo_final/models/aruco001
[1.353s] copying models/aruco001/model.sdf -> /home/adrian/ros2_ws/src/Rob-tica_y_Sistemas_Inteligentes/install/puzzlebot_gazebo_final/share/puzzlebot_gazebo_final/models/aruco001
[1.353s] copying models/aruco001/model.config -> /home/adrian/ros2_ws/src/Rob-tica_y_Sistemas_Inteligentes/install/puzzlebot_gazebo_final/share/puzzlebot_gazebo_final/models/aruco001
[1.354s] creating /home/adrian/ros2_ws/src/Rob-tica_y_Sistemas_Inteligentes/install/puzzlebot_gazebo_final/share/puzzlebot_gazebo_final/models/aruco001/materials
[1.354s] creating /home/adrian/ros2_ws/src/Rob-tica_y_Sistemas_Inteligentes/install/puzzlebot_gazebo_final/share/puzzlebot_gazebo_final/models/aruco001/materials/textures
[1.354s] copying models/aruco001/materials/textures/16h3_001.png -> /home/adrian/ros2_ws/src/Rob-tica_y_Sistemas_Inteligentes/install/puzzlebot_gazebo_final/share/puzzlebot_gazebo_final/models/aruco001/materials/textures
[1.354s] creating /home/adrian/ros2_ws/src/Rob-tica_y_Sistemas_Inteligentes/install/puzzlebot_gazebo_final/share/puzzlebot_gazebo_final/models/aruco001/meshes
[1.354s] copying models/aruco001/meshes/aruco001.dae -> /home/adrian/ros2_ws/src/Rob-tica_y_Sistemas_Inteligentes/install/puzzlebot_gazebo_final/share/puzzlebot_gazebo_final/models/aruco001/meshes
[1.355s] creating /home/adrian/ros2_ws/src/Rob-tica_y_Sistemas_Inteligentes/install/puzzlebot_gazebo_final/share/puzzlebot_gazebo_final/models/box_brick
[1.355s] copying models/box_brick/model.sdf -> /home/adrian/ros2_ws/src/Rob-tica_y_Sistemas_Inteligentes/install/puzzlebot_gazebo_final/share/puzzlebot_gazebo_final/models/box_brick
[1.355s] copying models/box_brick/model.config -> /home/adrian/ros2_ws/src/Rob-tica_y_Sistemas_Inteligentes/install/puzzlebot_gazebo_final/share/puzzlebot_gazebo_final/models/box_brick
[1.355s] creating /home/adrian/ros2_ws/src/Rob-tica_y_Sistemas_Inteligentes/install/puzzlebot_gazebo_final/share/puzzlebot_gazebo_final/models/box_brick/materials
[1.355s] creating /home/adrian/ros2_ws/src/Rob-tica_y_Sistemas_Inteligentes/install/puzzlebot_gazebo_final/share/puzzlebot_gazebo_final/models/box_brick/materials/textures
[1.356s] copying models/box_brick/materials/textures/0032-512x512.jpg -> /home/adrian/ros2_ws/src/Rob-tica_y_Sistemas_Inteligentes/install/puzzlebot_gazebo_final/share/puzzlebot_gazebo_final/models/box_brick/materials/textures
[1.357s] creating /home/adrian/ros2_ws/src/Rob-tica_y_Sistemas_Inteligentes/install/puzzlebot_gazebo_final/share/puzzlebot_gazebo_final/models/box_brick/meshes
[1.357s] copying models/box_brick/meshes/box_brick.dae -> /home/adrian/ros2_ws/src/Rob-tica_y_Sistemas_Inteligentes/install/puzzlebot_gazebo_final/share/puzzlebot_gazebo_final/models/box_brick/meshes
[1.357s] creating /home/adrian/ros2_ws/src/Rob-tica_y_Sistemas_Inteligentes/install/puzzlebot_gazebo_final/share/puzzlebot_gazebo_final/models/aruco000
[1.357s] copying models/aruco000/model.sdf -> /home/adrian/ros2_ws/src/Rob-tica_y_Sistemas_Inteligentes/install/puzzlebot_gazebo_final/share/puzzlebot_gazebo_final/models/aruco000
[1.358s] copying models/aruco000/model.config -> /home/adrian/ros2_ws/src/Rob-tica_y_Sistemas_Inteligentes/install/puzzlebot_gazebo_final/share/puzzlebot_gazebo_final/models/aruco000
[1.358s] creating /home/adrian/ros2_ws/src/Rob-tica_y_Sistemas_Inteligentes/install/puzzlebot_gazebo_final/share/puzzlebot_gazebo_final/models/aruco000/materials
[1.358s] creating /home/adrian/ros2_ws/src/Rob-tica_y_Sistemas_Inteligentes/install/puzzlebot_gazebo_final/share/puzzlebot_gazebo_final/models/aruco000/materials/textures
[1.358s] copying models/aruco000/materials/textures/16h3_000.png -> /home/adrian/ros2_ws/src/Rob-tica_y_Sistemas_Inteligentes/install/puzzlebot_gazebo_final/share/puzzlebot_gazebo_final/models/aruco000/materials/textures
[1.358s] creating /home/adrian/ros2_ws/src/Rob-tica_y_Sistemas_Inteligentes/install/puzzlebot_gazebo_final/share/puzzlebot_gazebo_final/models/aruco000/meshes
[1.359s] copying models/aruco000/meshes/aruco000.dae -> /home/adrian/ros2_ws/src/Rob-tica_y_Sistemas_Inteligentes/install/puzzlebot_gazebo_final/share/puzzlebot_gazebo_final/models/aruco000/meshes
[1.359s] creating /home/adrian/ros2_ws/src/Rob-tica_y_Sistemas_Inteligentes/install/puzzlebot_gazebo_final/share/puzzlebot_gazebo_final/models/arena_a_frame
[1.359s] copying models/arena_a_frame/model.sdf -> /home/adrian/ros2_ws/src/Rob-tica_y_Sistemas_Inteligentes/install/puzzlebot_gazebo_final/share/puzzlebot_gazebo_final/models/arena_a_frame
[1.359s] copying models/arena_a_frame/model.config -> /home/adrian/ros2_ws/src/Rob-tica_y_Sistemas_Inteligentes/install/puzzlebot_gazebo_final/share/puzzlebot_gazebo_final/models/arena_a_frame
[1.360s] creating /home/adrian/ros2_ws/src/Rob-tica_y_Sistemas_Inteligentes/install/puzzlebot_gazebo_final/share/puzzlebot_gazebo_final/models/arena_a_frame/materials
[1.360s] creating /home/adrian/ros2_ws/src/Rob-tica_y_Sistemas_Inteligentes/install/puzzlebot_gazebo_final/share/puzzlebot_gazebo_final/models/arena_a_frame/materials/textures
[1.360s] copying models/arena_a_frame/materials/textures/mcr2_banner.png -> /home/adrian/ros2_ws/src/Rob-tica_y_Sistemas_Inteligentes/install/puzzlebot_gazebo_final/share/puzzlebot_gazebo_final/models/arena_a_frame/materials/textures
[1.361s] creating /home/adrian/ros2_ws/src/Rob-tica_y_Sistemas_Inteligentes/install/puzzlebot_gazebo_final/share/puzzlebot_gazebo_final/models/arena_a_frame/meshes
[1.361s] copying models/arena_a_frame/meshes/MCR2_arena_side.stl -> /home/adrian/ros2_ws/src/Rob-tica_y_Sistemas_Inteligentes/install/puzzlebot_gazebo_final/share/puzzlebot_gazebo_final/models/arena_a_frame/meshes
[1.361s] creating /home/adrian/ros2_ws/src/Rob-tica_y_Sistemas_Inteligentes/install/puzzlebot_gazebo_final/share/puzzlebot_gazebo_final/models/aruco_box
[1.361s] copying models/aruco_box/model.sdf -> /home/adrian/ros2_ws/src/Rob-tica_y_Sistemas_Inteligentes/install/puzzlebot_gazebo_final/share/puzzlebot_gazebo_final/models/aruco_box
[1.361s] copying models/aruco_box/model.config -> /home/adrian/ros2_ws/src/Rob-tica_y_Sistemas_Inteligentes/install/puzzlebot_gazebo_final/share/puzzlebot_gazebo_final/models/aruco_box
[1.362s] creating /home/adrian/ros2_ws/src/Rob-tica_y_Sistemas_Inteligentes/install/puzzlebot_gazebo_final/share/puzzlebot_gazebo_final/models/aruco_box/materials
[1.362s] creating /home/adrian/ros2_ws/src/Rob-tica_y_Sistemas_Inteligentes/install/puzzlebot_gazebo_final/share/puzzlebot_gazebo_final/models/aruco_box/materials/textures
[1.362s] copying models/aruco_box/materials/textures/marker1.png -> /home/adrian/ros2_ws/src/Rob-tica_y_Sistemas_Inteligentes/install/puzzlebot_gazebo_final/share/puzzlebot_gazebo_final/models/aruco_box/materials/textures
[1.362s] copying models/aruco_box/materials/textures/marker4.png -> /home/adrian/ros2_ws/src/Rob-tica_y_Sistemas_Inteligentes/install/puzzlebot_gazebo_final/share/puzzlebot_gazebo_final/models/aruco_box/materials/textures
[1.362s] copying models/aruco_box/materials/textures/marker0.png -> /home/adrian/ros2_ws/src/Rob-tica_y_Sistemas_Inteligentes/install/puzzlebot_gazebo_final/share/puzzlebot_gazebo_final/models/aruco_box/materials/textures
[1.363s] copying models/aruco_box/materials/textures/marker3.png -> /home/adrian/ros2_ws/src/Rob-tica_y_Sistemas_Inteligentes/install/puzzlebot_gazebo_final/share/puzzlebot_gazebo_final/models/aruco_box/materials/textures
[1.363s] copying models/aruco_box/materials/textures/marker2.png -> /home/adrian/ros2_ws/src/Rob-tica_y_Sistemas_Inteligentes/install/puzzlebot_gazebo_final/share/puzzlebot_gazebo_final/models/aruco_box/materials/textures
[1.363s] copying models/aruco_box/materials/textures/marker5.png -> /home/adrian/ros2_ws/src/Rob-tica_y_Sistemas_Inteligentes/install/puzzlebot_gazebo_final/share/puzzlebot_gazebo_final/models/aruco_box/materials/textures
[1.363s] creating /home/adrian/ros2_ws/src/Rob-tica_y_Sistemas_Inteligentes/install/puzzlebot_gazebo_final/share/puzzlebot_gazebo_final/models/goal_marker_5
[1.363s] copying models/goal_marker_5/model.sdf -> /home/adrian/ros2_ws/src/Rob-tica_y_Sistemas_Inteligentes/install/puzzlebot_gazebo_final/share/puzzlebot_gazebo_final/models/goal_marker_5
[1.364s] copying models/goal_marker_5/model.config -> /home/adrian/ros2_ws/src/Rob-tica_y_Sistemas_Inteligentes/install/puzzlebot_gazebo_final/share/puzzlebot_gazebo_final/models/goal_marker_5
[1.364s] creating /home/adrian/ros2_ws/src/Rob-tica_y_Sistemas_Inteligentes/install/puzzlebot_gazebo_final/share/puzzlebot_gazebo_final/models/goal_marker_5/materials
[1.364s] creating /home/adrian/ros2_ws/src/Rob-tica_y_Sistemas_Inteligentes/install/puzzlebot_gazebo_final/share/puzzlebot_gazebo_final/models/goal_marker_5/materials/textures
[1.364s] copying models/goal_marker_5/materials/textures/mcr2_goal_5.png -> /home/adrian/ros2_ws/src/Rob-tica_y_Sistemas_Inteligentes/install/puzzlebot_gazebo_final/share/puzzlebot_gazebo_final/models/goal_marker_5/materials/textures
[1.364s] creating /home/adrian/ros2_ws/src/Rob-tica_y_Sistemas_Inteligentes/install/puzzlebot_gazebo_final/share/puzzlebot_gazebo_final/models/puzzlebot_camera
[1.365s] copying models/puzzlebot_camera/model.sdf -> /home/adrian/ros2_ws/src/Rob-tica_y_Sistemas_Inteligentes/install/puzzlebot_gazebo_final/share/puzzlebot_gazebo_final/models/puzzlebot_camera
[1.365s] copying models/puzzlebot_camera/model.config -> /home/adrian/ros2_ws/src/Rob-tica_y_Sistemas_Inteligentes/install/puzzlebot_gazebo_final/share/puzzlebot_gazebo_final/models/puzzlebot_camera
[1.365s] creating /home/adrian/ros2_ws/src/Rob-tica_y_Sistemas_Inteligentes/install/puzzlebot_gazebo_final/share/puzzlebot_gazebo_final/models/puzzlebot_camera/meshes
[1.365s] copying models/puzzlebot_camera/meshes/wheel.dae -> /home/adrian/ros2_ws/src/Rob-tica_y_Sistemas_Inteligentes/install/puzzlebot_gazebo_final/share/puzzlebot_gazebo_final/models/puzzlebot_camera/meshes
[1.368s] copying models/puzzlebot_camera/meshes/chassis1.dae -> /home/adrian/ros2_ws/src/Rob-tica_y_Sistemas_Inteligentes/install/puzzlebot_gazebo_final/share/puzzlebot_gazebo_final/models/puzzlebot_camera/meshes
[1.408s] creating /home/adrian/ros2_ws/src/Rob-tica_y_Sistemas_Inteligentes/install/puzzlebot_gazebo_final/share/puzzlebot_gazebo_final/models/aruco002_cv
[1.408s] copying models/aruco002_cv/model.sdf -> /home/adrian/ros2_ws/src/Rob-tica_y_Sistemas_Inteligentes/install/puzzlebot_gazebo_final/share/puzzlebot_gazebo_final/models/aruco002_cv
[1.408s] copying models/aruco002_cv/model.config -> /home/adrian/ros2_ws/src/Rob-tica_y_Sistemas_Inteligentes/install/puzzlebot_gazebo_final/share/puzzlebot_gazebo_final/models/aruco002_cv
[1.409s] creating /home/adrian/ros2_ws/src/Rob-tica_y_Sistemas_Inteligentes/install/puzzlebot_gazebo_final/share/puzzlebot_gazebo_final/models/aruco002_cv/materials
[1.409s] creating /home/adrian/ros2_ws/src/Rob-tica_y_Sistemas_Inteligentes/install/puzzlebot_gazebo_final/share/puzzlebot_gazebo_final/models/aruco002_cv/materials/textures
[1.409s] copying models/aruco002_cv/materials/textures/4x4_50_002.png -> /home/adrian/ros2_ws/src/Rob-tica_y_Sistemas_Inteligentes/install/puzzlebot_gazebo_final/share/puzzlebot_gazebo_final/models/aruco002_cv/materials/textures
[1.409s] creating /home/adrian/ros2_ws/src/Rob-tica_y_Sistemas_Inteligentes/install/puzzlebot_gazebo_final/share/puzzlebot_gazebo_final/models/aruco002_cv/meshes
[1.409s] copying models/aruco002_cv/meshes/aruco002.dae -> /home/adrian/ros2_ws/src/Rob-tica_y_Sistemas_Inteligentes/install/puzzlebot_gazebo_final/share/puzzlebot_gazebo_final/models/aruco002_cv/meshes
[1.410s] creating /home/adrian/ros2_ws/src/Rob-tica_y_Sistemas_Inteligentes/install/puzzlebot_gazebo_final/share/puzzlebot_gazebo_final/models/avoidance_world_1
[1.410s] copying models/avoidance_world_1/model.sdf -> /home/adrian/ros2_ws/src/Rob-tica_y_Sistemas_Inteligentes/install/puzzlebot_gazebo_final/share/puzzlebot_gazebo_final/models/avoidance_world_1
[1.410s] copying models/avoidance_world_1/model.config -> /home/adrian/ros2_ws/src/Rob-tica_y_Sistemas_Inteligentes/install/puzzlebot_gazebo_final/share/puzzlebot_gazebo_final/models/avoidance_world_1
[1.410s] creating /home/adrian/ros2_ws/src/Rob-tica_y_Sistemas_Inteligentes/install/puzzlebot_gazebo_final/share/puzzlebot_gazebo_final/models/goal_marker_2
[1.410s] copying models/goal_marker_2/model.sdf -> /home/adrian/ros2_ws/src/Rob-tica_y_Sistemas_Inteligentes/install/puzzlebot_gazebo_final/share/puzzlebot_gazebo_final/models/goal_marker_2
[1.411s] copying models/goal_marker_2/model.config -> /home/adrian/ros2_ws/src/Rob-tica_y_Sistemas_Inteligentes/install/puzzlebot_gazebo_final/share/puzzlebot_gazebo_final/models/goal_marker_2
[1.411s] creating /home/adrian/ros2_ws/src/Rob-tica_y_Sistemas_Inteligentes/install/puzzlebot_gazebo_final/share/puzzlebot_gazebo_final/models/goal_marker_2/materials
[1.411s] creating /home/adrian/ros2_ws/src/Rob-tica_y_Sistemas_Inteligentes/install/puzzlebot_gazebo_final/share/puzzlebot_gazebo_final/models/goal_marker_2/materials/textures
[1.411s] copying models/goal_marker_2/materials/textures/mcr2_goal_2.png -> /home/adrian/ros2_ws/src/Rob-tica_y_Sistemas_Inteligentes/install/puzzlebot_gazebo_final/share/puzzlebot_gazebo_final/models/goal_marker_2/materials/textures
[1.412s] creating /home/adrian/ros2_ws/src/Rob-tica_y_Sistemas_Inteligentes/install/puzzlebot_gazebo_final/share/puzzlebot_gazebo_final/models/aruco_marker_4
[1.412s] copying models/aruco_marker_4/model.sdf -> /home/adrian/ros2_ws/src/Rob-tica_y_Sistemas_Inteligentes/install/puzzlebot_gazebo_final/share/puzzlebot_gazebo_final/models/aruco_marker_4
[1.412s] copying models/aruco_marker_4/model.config -> /home/adrian/ros2_ws/src/Rob-tica_y_Sistemas_Inteligentes/install/puzzlebot_gazebo_final/share/puzzlebot_gazebo_final/models/aruco_marker_4
[1.412s] creating /home/adrian/ros2_ws/src/Rob-tica_y_Sistemas_Inteligentes/install/puzzlebot_gazebo_final/share/puzzlebot_gazebo_final/models/aruco_marker_4/materials
[1.412s] creating /home/adrian/ros2_ws/src/Rob-tica_y_Sistemas_Inteligentes/install/puzzlebot_gazebo_final/share/puzzlebot_gazebo_final/models/aruco_marker_4/materials/textures
[1.412s] copying models/aruco_marker_4/materials/textures/marker4.png -> /home/adrian/ros2_ws/src/Rob-tica_y_Sistemas_Inteligentes/install/puzzlebot_gazebo_final/share/puzzlebot_gazebo_final/models/aruco_marker_4/materials/textures
[1.413s] creating /home/adrian/ros2_ws/src/Rob-tica_y_Sistemas_Inteligentes/install/puzzlebot_gazebo_final/share/puzzlebot_gazebo_final/models/aruco_marker_2
[1.413s] copying models/aruco_marker_2/model.sdf -> /home/adrian/ros2_ws/src/Rob-tica_y_Sistemas_Inteligentes/install/puzzlebot_gazebo_final/share/puzzlebot_gazebo_final/models/aruco_marker_2
[1.413s] copying models/aruco_marker_2/model.config -> /home/adrian/ros2_ws/src/Rob-tica_y_Sistemas_Inteligentes/install/puzzlebot_gazebo_final/share/puzzlebot_gazebo_final/models/aruco_marker_2
[1.413s] creating /home/adrian/ros2_ws/src/Rob-tica_y_Sistemas_Inteligentes/install/puzzlebot_gazebo_final/share/puzzlebot_gazebo_final/models/aruco_marker_2/materials
[1.413s] creating /home/adrian/ros2_ws/src/Rob-tica_y_Sistemas_Inteligentes/install/puzzlebot_gazebo_final/share/puzzlebot_gazebo_final/models/aruco_marker_2/materials/textures
[1.413s] copying models/aruco_marker_2/materials/textures/marker2.png -> /home/adrian/ros2_ws/src/Rob-tica_y_Sistemas_Inteligentes/install/puzzlebot_gazebo_final/share/puzzlebot_gazebo_final/models/aruco_marker_2/materials/textures
[1.414s] creating /home/adrian/ros2_ws/src/Rob-tica_y_Sistemas_Inteligentes/install/puzzlebot_gazebo_final/share/puzzlebot_gazebo_final/models/puzzlebot
[1.414s] copying models/puzzlebot/model.sdf -> /home/adrian/ros2_ws/src/Rob-tica_y_Sistemas_Inteligentes/install/puzzlebot_gazebo_final/share/puzzlebot_gazebo_final/models/puzzlebot
[1.414s] copying models/puzzlebot/model.config -> /home/adrian/ros2_ws/src/Rob-tica_y_Sistemas_Inteligentes/install/puzzlebot_gazebo_final/share/puzzlebot_gazebo_final/models/puzzlebot
[1.414s] creating /home/adrian/ros2_ws/src/Rob-tica_y_Sistemas_Inteligentes/install/puzzlebot_gazebo_final/share/puzzlebot_gazebo_final/models/puzzlebot/meshes
[1.414s] copying models/puzzlebot/meshes/box1_4.blend1 -> /home/adrian/ros2_ws/src/Rob-tica_y_Sistemas_Inteligentes/install/puzzlebot_gazebo_final/share/puzzlebot_gazebo_final/models/puzzlebot/meshes
[1.417s] copying models/puzzlebot/meshes/box13_16.blend -> /home/adrian/ros2_ws/src/Rob-tica_y_Sistemas_Inteligentes/install/puzzlebot_gazebo_final/share/puzzlebot_gazebo_final/models/puzzlebot/meshes
[1.420s] copying models/puzzlebot/meshes/world_wall1.blend1 -> /home/adrian/ros2_ws/src/Rob-tica_y_Sistemas_Inteligentes/install/puzzlebot_gazebo_final/share/puzzlebot_gazebo_final/models/puzzlebot/meshes
[1.424s] copying models/puzzlebot/meshes/chassis1.blend -> /home/adrian/ros2_ws/src/Rob-tica_y_Sistemas_Inteligentes/install/puzzlebot_gazebo_final/share/puzzlebot_gazebo_final/models/puzzlebot/meshes
[1.465s] copying models/puzzlebot/meshes/box5_8.blend1 -> /home/adrian/ros2_ws/src/Rob-tica_y_Sistemas_Inteligentes/install/puzzlebot_gazebo_final/share/puzzlebot_gazebo_final/models/puzzlebot/meshes
[1.468s] copying models/puzzlebot/meshes/wheel.blend1 -> /home/adrian/ros2_ws/src/Rob-tica_y_Sistemas_Inteligentes/install/puzzlebot_gazebo_final/share/puzzlebot_gazebo_final/models/puzzlebot/meshes
[1.472s] copying models/puzzlebot/meshes/wheel.stl -> /home/adrian/ros2_ws/src/Rob-tica_y_Sistemas_Inteligentes/install/puzzlebot_gazebo_final/share/puzzlebot_gazebo_final/models/puzzlebot/meshes
[1.474s] copying models/puzzlebot/meshes/wheel.blend -> /home/adrian/ros2_ws/src/Rob-tica_y_Sistemas_Inteligentes/install/puzzlebot_gazebo_final/share/puzzlebot_gazebo_final/models/puzzlebot/meshes
[1.478s] copying models/puzzlebot/meshes/wheel.dae -> /home/adrian/ros2_ws/src/Rob-tica_y_Sistemas_Inteligentes/install/puzzlebot_gazebo_final/share/puzzlebot_gazebo_final/models/puzzlebot/meshes
[1.480s] copying models/puzzlebot/meshes/box5_8.blend -> /home/adrian/ros2_ws/src/Rob-tica_y_Sistemas_Inteligentes/install/puzzlebot_gazebo_final/share/puzzlebot_gazebo_final/models/puzzlebot/meshes
[1.482s] copying models/puzzlebot/meshes/camera.stl -> /home/adrian/ros2_ws/src/Rob-tica_y_Sistemas_Inteligentes/install/puzzlebot_gazebo_final/share/puzzlebot_gazebo_final/models/puzzlebot/meshes
[1.485s] copying models/puzzlebot/meshes/world_wall1.blend -> /home/adrian/ros2_ws/src/Rob-tica_y_Sistemas_Inteligentes/install/puzzlebot_gazebo_final/share/puzzlebot_gazebo_final/models/puzzlebot/meshes
[1.488s] copying models/puzzlebot/meshes/chassis.stl -> /home/adrian/ros2_ws/src/Rob-tica_y_Sistemas_Inteligentes/install/puzzlebot_gazebo_final/share/puzzlebot_gazebo_final/models/puzzlebot/meshes
[1.516s] copying models/puzzlebot/meshes/chassis1.blend1 -> /home/adrian/ros2_ws/src/Rob-tica_y_Sistemas_Inteligentes/install/puzzlebot_gazebo_final/share/puzzlebot_gazebo_final/models/puzzlebot/meshes
[1.556s] copying models/puzzlebot/meshes/chassis1.dae -> /home/adrian/ros2_ws/src/Rob-tica_y_Sistemas_Inteligentes/install/puzzlebot_gazebo_final/share/puzzlebot_gazebo_final/models/puzzlebot/meshes
[1.592s] copying models/puzzlebot/meshes/box9_12.blend -> /home/adrian/ros2_ws/src/Rob-tica_y_Sistemas_Inteligentes/install/puzzlebot_gazebo_final/share/puzzlebot_gazebo_final/models/puzzlebot/meshes
[1.594s] copying models/puzzlebot/meshes/box1-5.blend -> /home/adrian/ros2_ws/src/Rob-tica_y_Sistemas_Inteligentes/install/puzzlebot_gazebo_final/share/puzzlebot_gazebo_final/models/puzzlebot/meshes
[1.597s] creating /home/adrian/ros2_ws/src/Rob-tica_y_Sistemas_Inteligentes/install/puzzlebot_gazebo_final/share/puzzlebot_gazebo_final/models/office_floor
[1.597s] copying models/office_floor/model.sdf -> /home/adrian/ros2_ws/src/Rob-tica_y_Sistemas_Inteligentes/install/puzzlebot_gazebo_final/share/puzzlebot_gazebo_final/models/office_floor
[1.597s] copying models/office_floor/model.config -> /home/adrian/ros2_ws/src/Rob-tica_y_Sistemas_Inteligentes/install/puzzlebot_gazebo_final/share/puzzlebot_gazebo_final/models/office_floor
[1.597s] creating /home/adrian/ros2_ws/src/Rob-tica_y_Sistemas_Inteligentes/install/puzzlebot_gazebo_final/share/puzzlebot_gazebo_final/models/office_floor/materials
[1.597s] creating /home/adrian/ros2_ws/src/Rob-tica_y_Sistemas_Inteligentes/install/puzzlebot_gazebo_final/share/puzzlebot_gazebo_final/models/office_floor/materials/textures
[1.598s] copying models/office_floor/materials/textures/puzzlebot_wood_7.png -> /home/adrian/ros2_ws/src/Rob-tica_y_Sistemas_Inteligentes/install/puzzlebot_gazebo_final/share/puzzlebot_gazebo_final/models/office_floor/materials/textures
[1.602s] creating /home/adrian/ros2_ws/src/Rob-tica_y_Sistemas_Inteligentes/install/puzzlebot_gazebo_final/share/puzzlebot_gazebo_final/models/goal_marker_3
[1.602s] copying models/goal_marker_3/model.sdf -> /home/adrian/ros2_ws/src/Rob-tica_y_Sistemas_Inteligentes/install/puzzlebot_gazebo_final/share/puzzlebot_gazebo_final/models/goal_marker_3
[1.602s] copying models/goal_marker_3/model.config -> /home/adrian/ros2_ws/src/Rob-tica_y_Sistemas_Inteligentes/install/puzzlebot_gazebo_final/share/puzzlebot_gazebo_final/models/goal_marker_3
[1.603s] creating /home/adrian/ros2_ws/src/Rob-tica_y_Sistemas_Inteligentes/install/puzzlebot_gazebo_final/share/puzzlebot_gazebo_final/models/goal_marker_3/materials
[1.603s] creating /home/adrian/ros2_ws/src/Rob-tica_y_Sistemas_Inteligentes/install/puzzlebot_gazebo_final/share/puzzlebot_gazebo_final/models/goal_marker_3/materials/textures
[1.603s] copying models/goal_marker_3/materials/textures/mcr2_goal_3.png -> /home/adrian/ros2_ws/src/Rob-tica_y_Sistemas_Inteligentes/install/puzzlebot_gazebo_final/share/puzzlebot_gazebo_final/models/goal_marker_3/materials/textures
[1.604s] creating /home/adrian/ros2_ws/src/Rob-tica_y_Sistemas_Inteligentes/install/puzzlebot_gazebo_final/share/puzzlebot_gazebo_final/models/aruco003_cv
[1.604s] copying models/aruco003_cv/model.sdf -> /home/adrian/ros2_ws/src/Rob-tica_y_Sistemas_Inteligentes/install/puzzlebot_gazebo_final/share/puzzlebot_gazebo_final/models/aruco003_cv
[1.604s] copying models/aruco003_cv/model.config -> /home/adrian/ros2_ws/src/Rob-tica_y_Sistemas_Inteligentes/install/puzzlebot_gazebo_final/share/puzzlebot_gazebo_final/models/aruco003_cv
[1.604s] creating /home/adrian/ros2_ws/src/Rob-tica_y_Sistemas_Inteligentes/install/puzzlebot_gazebo_final/share/puzzlebot_gazebo_final/models/aruco003_cv/materials
[1.604s] creating /home/adrian/ros2_ws/src/Rob-tica_y_Sistemas_Inteligentes/install/puzzlebot_gazebo_final/share/puzzlebot_gazebo_final/models/aruco003_cv/materials/textures
[1.604s] copying models/aruco003_cv/materials/textures/4x4_50_003.png -> /home/adrian/ros2_ws/src/Rob-tica_y_Sistemas_Inteligentes/install/puzzlebot_gazebo_final/share/puzzlebot_gazebo_final/models/aruco003_cv/materials/textures
[1.605s] creating /home/adrian/ros2_ws/src/Rob-tica_y_Sistemas_Inteligentes/install/puzzlebot_gazebo_final/share/puzzlebot_gazebo_final/models/aruco003_cv/meshes
[1.605s] copying models/aruco003_cv/meshes/aruco003.dae -> /home/adrian/ros2_ws/src/Rob-tica_y_Sistemas_Inteligentes/install/puzzlebot_gazebo_final/share/puzzlebot_gazebo_final/models/aruco003_cv/meshes
[1.605s] creating /home/adrian/ros2_ws/src/Rob-tica_y_Sistemas_Inteligentes/install/puzzlebot_gazebo_final/share/puzzlebot_gazebo_final/models/aruco001_cv
[1.605s] copying models/aruco001_cv/model.sdf -> /home/adrian/ros2_ws/src/Rob-tica_y_Sistemas_Inteligentes/install/puzzlebot_gazebo_final/share/puzzlebot_gazebo_final/models/aruco001_cv
[1.605s] copying models/aruco001_cv/model.config -> /home/adrian/ros2_ws/src/Rob-tica_y_Sistemas_Inteligentes/install/puzzlebot_gazebo_final/share/puzzlebot_gazebo_final/models/aruco001_cv
[1.606s] creating /home/adrian/ros2_ws/src/Rob-tica_y_Sistemas_Inteligentes/install/puzzlebot_gazebo_final/share/puzzlebot_gazebo_final/models/aruco001_cv/materials
[1.606s] creating /home/adrian/ros2_ws/src/Rob-tica_y_Sistemas_Inteligentes/install/puzzlebot_gazebo_final/share/puzzlebot_gazebo_final/models/aruco001_cv/materials/textures
[1.606s] copying models/aruco001_cv/materials/textures/4x4_50_001.png -> /home/adrian/ros2_ws/src/Rob-tica_y_Sistemas_Inteligentes/install/puzzlebot_gazebo_final/share/puzzlebot_gazebo_final/models/aruco001_cv/materials/textures
[1.606s] creating /home/adrian/ros2_ws/src/Rob-tica_y_Sistemas_Inteligentes/install/puzzlebot_gazebo_final/share/puzzlebot_gazebo_final/models/aruco001_cv/meshes
[1.606s] copying models/aruco001_cv/meshes/aruco001.dae -> /home/adrian/ros2_ws/src/Rob-tica_y_Sistemas_Inteligentes/install/puzzlebot_gazebo_final/share/puzzlebot_gazebo_final/models/aruco001_cv/meshes
[1.607s] creating /home/adrian/ros2_ws/src/Rob-tica_y_Sistemas_Inteligentes/install/puzzlebot_gazebo_final/share/puzzlebot_gazebo_final/models/empty
[1.607s] copying models/empty/model.sdf -> /home/adrian/ros2_ws/src/Rob-tica_y_Sistemas_Inteligentes/install/puzzlebot_gazebo_final/share/puzzlebot_gazebo_final/models/empty
[1.607s] copying models/empty/model.config -> /home/adrian/ros2_ws/src/Rob-tica_y_Sistemas_Inteligentes/install/puzzlebot_gazebo_final/share/puzzlebot_gazebo_final/models/empty
[1.607s] creating /home/adrian/ros2_ws/src/Rob-tica_y_Sistemas_Inteligentes/install/puzzlebot_gazebo_final/share/puzzlebot_gazebo_final/models/yellow_colored_box
[1.607s] copying models/yellow_colored_box/model.sdf -> /home/adrian/ros2_ws/src/Rob-tica_y_Sistemas_Inteligentes/install/puzzlebot_gazebo_final/share/puzzlebot_gazebo_final/models/yellow_colored_box
[1.608s] copying models/yellow_colored_box/model.config -> /home/adrian/ros2_ws/src/Rob-tica_y_Sistemas_Inteligentes/install/puzzlebot_gazebo_final/share/puzzlebot_gazebo_final/models/yellow_colored_box
[1.608s] creating /home/adrian/ros2_ws/src/Rob-tica_y_Sistemas_Inteligentes/install/puzzlebot_gazebo_final/share/puzzlebot_gazebo_final/models/plugins
[1.608s] copying models/plugins/libDiffDynamicPlugin.so -> /home/adrian/ros2_ws/src/Rob-tica_y_Sistemas_Inteligentes/install/puzzlebot_gazebo_final/share/puzzlebot_gazebo_final/models/plugins
[1.613s] creating /home/adrian/ros2_ws/src/Rob-tica_y_Sistemas_Inteligentes/install/puzzlebot_gazebo_final/share/puzzlebot_gazebo_final/models/goal_marker_4
[1.613s] copying models/goal_marker_4/model.sdf -> /home/adrian/ros2_ws/src/Rob-tica_y_Sistemas_Inteligentes/install/puzzlebot_gazebo_final/share/puzzlebot_gazebo_final/models/goal_marker_4
[1.613s] copying models/goal_marker_4/model.config -> /home/adrian/ros2_ws/src/Rob-tica_y_Sistemas_Inteligentes/install/puzzlebot_gazebo_final/share/puzzlebot_gazebo_final/models/goal_marker_4
[1.613s] creating /home/adrian/ros2_ws/src/Rob-tica_y_Sistemas_Inteligentes/install/puzzlebot_gazebo_final/share/puzzlebot_gazebo_final/models/goal_marker_4/materials
[1.613s] creating /home/adrian/ros2_ws/src/Rob-tica_y_Sistemas_Inteligentes/install/puzzlebot_gazebo_final/share/puzzlebot_gazebo_final/models/goal_marker_4/materials/textures
[1.614s] copying models/goal_marker_4/materials/textures/mcr2_goal_4.png -> /home/adrian/ros2_ws/src/Rob-tica_y_Sistemas_Inteligentes/install/puzzlebot_gazebo_final/share/puzzlebot_gazebo_final/models/goal_marker_4/materials/textures
[1.614s] creating /home/adrian/ros2_ws/src/Rob-tica_y_Sistemas_Inteligentes/install/puzzlebot_gazebo_final/share/puzzlebot_gazebo_final/models/avoidance_world_4
[1.614s] copying models/avoidance_world_4/model.sdf -> /home/adrian/ros2_ws/src/Rob-tica_y_Sistemas_Inteligentes/install/puzzlebot_gazebo_final/share/puzzlebot_gazebo_final/models/avoidance_world_4
[1.615s] copying models/avoidance_world_4/model.config -> /home/adrian/ros2_ws/src/Rob-tica_y_Sistemas_Inteligentes/install/puzzlebot_gazebo_final/share/puzzlebot_gazebo_final/models/avoidance_world_4
[1.615s] creating /home/adrian/ros2_ws/src/Rob-tica_y_Sistemas_Inteligentes/install/puzzlebot_gazebo_final/share/puzzlebot_gazebo_final/models/aruco000_cv
[1.615s] copying models/aruco000_cv/model.sdf -> /home/adrian/ros2_ws/src/Rob-tica_y_Sistemas_Inteligentes/install/puzzlebot_gazebo_final/share/puzzlebot_gazebo_final/models/aruco000_cv
[1.616s] copying models/aruco000_cv/model.config -> /home/adrian/ros2_ws/src/Rob-tica_y_Sistemas_Inteligentes/install/puzzlebot_gazebo_final/share/puzzlebot_gazebo_final/models/aruco000_cv
[1.616s] creating /home/adrian/ros2_ws/src/Rob-tica_y_Sistemas_Inteligentes/install/puzzlebot_gazebo_final/share/puzzlebot_gazebo_final/models/aruco000_cv/materials
[1.616s] creating /home/adrian/ros2_ws/src/Rob-tica_y_Sistemas_Inteligentes/install/puzzlebot_gazebo_final/share/puzzlebot_gazebo_final/models/aruco000_cv/materials/textures
[1.616s] copying models/aruco000_cv/materials/textures/4x4_50_000.png -> /home/adrian/ros2_ws/src/Rob-tica_y_Sistemas_Inteligentes/install/puzzlebot_gazebo_final/share/puzzlebot_gazebo_final/models/aruco000_cv/materials/textures
[1.616s] creating /home/adrian/ros2_ws/src/Rob-tica_y_Sistemas_Inteligentes/install/puzzlebot_gazebo_final/share/puzzlebot_gazebo_final/models/aruco000_cv/meshes
[1.617s] copying models/aruco000_cv/meshes/aruco000.dae -> /home/adrian/ros2_ws/src/Rob-tica_y_Sistemas_Inteligentes/install/puzzlebot_gazebo_final/share/puzzlebot_gazebo_final/models/aruco000_cv/meshes
[1.617s] creating /home/adrian/ros2_ws/src/Rob-tica_y_Sistemas_Inteligentes/install/puzzlebot_gazebo_final/share/puzzlebot_gazebo_final/models/aruco_marker_3
[1.617s] copying models/aruco_marker_3/model.sdf -> /home/adrian/ros2_ws/src/Rob-tica_y_Sistemas_Inteligentes/install/puzzlebot_gazebo_final/share/puzzlebot_gazebo_final/models/aruco_marker_3
[1.617s] copying models/aruco_marker_3/model.config -> /home/adrian/ros2_ws/src/Rob-tica_y_Sistemas_Inteligentes/install/puzzlebot_gazebo_final/share/puzzlebot_gazebo_final/models/aruco_marker_3
[1.618s] creating /home/adrian/ros2_ws/src/Rob-tica_y_Sistemas_Inteligentes/install/puzzlebot_gazebo_final/share/puzzlebot_gazebo_final/models/aruco_marker_3/materials
[1.619s] creating /home/adrian/ros2_ws/src/Rob-tica_y_Sistemas_Inteligentes/install/puzzlebot_gazebo_final/share/puzzlebot_gazebo_final/models/aruco_marker_3/materials/textures
[1.619s] copying models/aruco_marker_3/materials/textures/marker3.png -> /home/adrian/ros2_ws/src/Rob-tica_y_Sistemas_Inteligentes/install/puzzlebot_gazebo_final/share/puzzlebot_gazebo_final/models/aruco_marker_3/materials/textures
[1.619s] creating /home/adrian/ros2_ws/src/Rob-tica_y_Sistemas_Inteligentes/install/puzzlebot_gazebo_final/share/puzzlebot_gazebo_final/models/avoidance_world_2
[1.619s] copying models/avoidance_world_2/model.sdf -> /home/adrian/ros2_ws/src/Rob-tica_y_Sistemas_Inteligentes/install/puzzlebot_gazebo_final/share/puzzlebot_gazebo_final/models/avoidance_world_2
[1.619s] copying models/avoidance_world_2/model.config -> /home/adrian/ros2_ws/src/Rob-tica_y_Sistemas_Inteligentes/install/puzzlebot_gazebo_final/share/puzzlebot_gazebo_final/models/avoidance_world_2
[1.619s] creating /home/adrian/ros2_ws/src/Rob-tica_y_Sistemas_Inteligentes/install/puzzlebot_gazebo_final/share/puzzlebot_gazebo_final/models/avoidance_world_3
[1.619s] copying models/avoidance_world_3/model.sdf -> /home/adrian/ros2_ws/src/Rob-tica_y_Sistemas_Inteligentes/install/puzzlebot_gazebo_final/share/puzzlebot_gazebo_final/models/avoidance_world_3
[1.619s] copying models/avoidance_world_3/model.config -> /home/adrian/ros2_ws/src/Rob-tica_y_Sistemas_Inteligentes/install/puzzlebot_gazebo_final/share/puzzlebot_gazebo_final/models/avoidance_world_3
[1.620s] creating /home/adrian/ros2_ws/src/Rob-tica_y_Sistemas_Inteligentes/install/puzzlebot_gazebo_final/share/puzzlebot_gazebo_final/models/office_model
[1.620s] copying models/office_model/model.sdf -> /home/adrian/ros2_ws/src/Rob-tica_y_Sistemas_Inteligentes/install/puzzlebot_gazebo_final/share/puzzlebot_gazebo_final/models/office_model
[1.620s] copying models/office_model/model.config -> /home/adrian/ros2_ws/src/Rob-tica_y_Sistemas_Inteligentes/install/puzzlebot_gazebo_final/share/puzzlebot_gazebo_final/models/office_model
[1.621s] creating /home/adrian/ros2_ws/src/Rob-tica_y_Sistemas_Inteligentes/install/puzzlebot_gazebo_final/share/puzzlebot_gazebo_final/models/blue_colored_box
[1.621s] copying models/blue_colored_box/model.sdf -> /home/adrian/ros2_ws/src/Rob-tica_y_Sistemas_Inteligentes/install/puzzlebot_gazebo_final/share/puzzlebot_gazebo_final/models/blue_colored_box
[1.621s] copying models/blue_colored_box/model.config -> /home/adrian/ros2_ws/src/Rob-tica_y_Sistemas_Inteligentes/install/puzzlebot_gazebo_final/share/puzzlebot_gazebo_final/models/blue_colored_box
[1.622s] creating /home/adrian/ros2_ws/src/Rob-tica_y_Sistemas_Inteligentes/install/puzzlebot_gazebo_final/share/puzzlebot_gazebo_final/models/aruco003
[1.622s] copying models/aruco003/model.sdf -> /home/adrian/ros2_ws/src/Rob-tica_y_Sistemas_Inteligentes/install/puzzlebot_gazebo_final/share/puzzlebot_gazebo_final/models/aruco003
[1.623s] copying models/aruco003/model.config -> /home/adrian/ros2_ws/src/Rob-tica_y_Sistemas_Inteligentes/install/puzzlebot_gazebo_final/share/puzzlebot_gazebo_final/models/aruco003
[1.623s] creating /home/adrian/ros2_ws/src/Rob-tica_y_Sistemas_Inteligentes/install/puzzlebot_gazebo_final/share/puzzlebot_gazebo_final/models/aruco003/materials
[1.623s] creating /home/adrian/ros2_ws/src/Rob-tica_y_Sistemas_Inteligentes/install/puzzlebot_gazebo_final/share/puzzlebot_gazebo_final/models/aruco003/materials/textures
[1.623s] copying models/aruco003/materials/textures/16h3_003.png -> /home/adrian/ros2_ws/src/Rob-tica_y_Sistemas_Inteligentes/install/puzzlebot_gazebo_final/share/puzzlebot_gazebo_final/models/aruco003/materials/textures
[1.623s] creating /home/adrian/ros2_ws/src/Rob-tica_y_Sistemas_Inteligentes/install/puzzlebot_gazebo_final/share/puzzlebot_gazebo_final/models/aruco003/meshes
[1.623s] copying models/aruco003/meshes/aruco003.dae -> /home/adrian/ros2_ws/src/Rob-tica_y_Sistemas_Inteligentes/install/puzzlebot_gazebo_final/share/puzzlebot_gazebo_final/models/aruco003/meshes
[1.624s] creating /home/adrian/ros2_ws/src/Rob-tica_y_Sistemas_Inteligentes/install/puzzlebot_gazebo_final/share/puzzlebot_gazebo_final/models/simple_light
[1.624s] copying models/simple_light/model.sdf -> /home/adrian/ros2_ws/src/Rob-tica_y_Sistemas_Inteligentes/install/puzzlebot_gazebo_final/share/puzzlebot_gazebo_final/models/simple_light
[1.624s] copying models/simple_light/model.config -> /home/adrian/ros2_ws/src/Rob-tica_y_Sistemas_Inteligentes/install/puzzlebot_gazebo_final/share/puzzlebot_gazebo_final/models/simple_light
[1.624s] creating /home/adrian/ros2_ws/src/Rob-tica_y_Sistemas_Inteligentes/install/puzzlebot_gazebo_final/share/puzzlebot_gazebo_final/models/aruco_marker_0
[1.625s] copying models/aruco_marker_0/model.sdf -> /home/adrian/ros2_ws/src/Rob-tica_y_Sistemas_Inteligentes/install/puzzlebot_gazebo_final/share/puzzlebot_gazebo_final/models/aruco_marker_0
[1.625s] copying models/aruco_marker_0/model.config -> /home/adrian/ros2_ws/src/Rob-tica_y_Sistemas_Inteligentes/install/puzzlebot_gazebo_final/share/puzzlebot_gazebo_final/models/aruco_marker_0
[1.625s] creating /home/adrian/ros2_ws/src/Rob-tica_y_Sistemas_Inteligentes/install/puzzlebot_gazebo_final/share/puzzlebot_gazebo_final/models/aruco_marker_0/materials
[1.625s] creating /home/adrian/ros2_ws/src/Rob-tica_y_Sistemas_Inteligentes/install/puzzlebot_gazebo_final/share/puzzlebot_gazebo_final/models/aruco_marker_0/materials/textures
[1.626s] copying models/aruco_marker_0/materials/textures/marker0.png -> /home/adrian/ros2_ws/src/Rob-tica_y_Sistemas_Inteligentes/install/puzzlebot_gazebo_final/share/puzzlebot_gazebo_final/models/aruco_marker_0/materials/textures
[1.626s] creating /home/adrian/ros2_ws/src/Rob-tica_y_Sistemas_Inteligentes/install/puzzlebot_gazebo_final/share/puzzlebot_gazebo_final/models/goal_marker_1
[1.626s] copying models/goal_marker_1/model.sdf -> /home/adrian/ros2_ws/src/Rob-tica_y_Sistemas_Inteligentes/install/puzzlebot_gazebo_final/share/puzzlebot_gazebo_final/models/goal_marker_1
[1.626s] copying models/goal_marker_1/model.config -> /home/adrian/ros2_ws/src/Rob-tica_y_Sistemas_Inteligentes/install/puzzlebot_gazebo_final/share/puzzlebot_gazebo_final/models/goal_marker_1
[1.626s] creating /home/adrian/ros2_ws/src/Rob-tica_y_Sistemas_Inteligentes/install/puzzlebot_gazebo_final/share/puzzlebot_gazebo_final/models/goal_marker_1/materials
[1.627s] creating /home/adrian/ros2_ws/src/Rob-tica_y_Sistemas_Inteligentes/install/puzzlebot_gazebo_final/share/puzzlebot_gazebo_final/models/goal_marker_1/materials/textures
[1.627s] copying models/goal_marker_1/materials/textures/mcr2_goal_1.png -> /home/adrian/ros2_ws/src/Rob-tica_y_Sistemas_Inteligentes/install/puzzlebot_gazebo_final/share/puzzlebot_gazebo_final/models/goal_marker_1/materials/textures
[1.627s] creating /home/adrian/ros2_ws/src/Rob-tica_y_Sistemas_Inteligentes/install/puzzlebot_gazebo_final/share/puzzlebot_gazebo_final/models/puzzlebot_lidar
[1.627s] copying models/puzzlebot_lidar/model.sdf -> /home/adrian/ros2_ws/src/Rob-tica_y_Sistemas_Inteligentes/install/puzzlebot_gazebo_final/share/puzzlebot_gazebo_final/models/puzzlebot_lidar
[1.627s] copying models/puzzlebot_lidar/model.config -> /home/adrian/ros2_ws/src/Rob-tica_y_Sistemas_Inteligentes/install/puzzlebot_gazebo_final/share/puzzlebot_gazebo_final/models/puzzlebot_lidar
[1.628s] creating /home/adrian/ros2_ws/src/Rob-tica_y_Sistemas_Inteligentes/install/puzzlebot_gazebo_final/share/puzzlebot_gazebo_final/models/puzzlebot_lidar/meshes
[1.628s] copying models/puzzlebot_lidar/meshes/wheel.dae -> /home/adrian/ros2_ws/src/Rob-tica_y_Sistemas_Inteligentes/install/puzzlebot_gazebo_final/share/puzzlebot_gazebo_final/models/puzzlebot_lidar/meshes
[1.631s] copying models/puzzlebot_lidar/meshes/chassis1.dae -> /home/adrian/ros2_ws/src/Rob-tica_y_Sistemas_Inteligentes/install/puzzlebot_gazebo_final/share/puzzlebot_gazebo_final/models/puzzlebot_lidar/meshes
[1.668s] creating /home/adrian/ros2_ws/src/Rob-tica_y_Sistemas_Inteligentes/install/puzzlebot_gazebo_final/share/puzzlebot_gazebo_final/models/aruco_marker_5
[1.668s] copying models/aruco_marker_5/model.sdf -> /home/adrian/ros2_ws/src/Rob-tica_y_Sistemas_Inteligentes/install/puzzlebot_gazebo_final/share/puzzlebot_gazebo_final/models/aruco_marker_5
[1.668s] copying models/aruco_marker_5/model.config -> /home/adrian/ros2_ws/src/Rob-tica_y_Sistemas_Inteligentes/install/puzzlebot_gazebo_final/share/puzzlebot_gazebo_final/models/aruco_marker_5
[1.669s] creating /home/adrian/ros2_ws/src/Rob-tica_y_Sistemas_Inteligentes/install/puzzlebot_gazebo_final/share/puzzlebot_gazebo_final/models/aruco_marker_5/materials
[1.669s] creating /home/adrian/ros2_ws/src/Rob-tica_y_Sistemas_Inteligentes/install/puzzlebot_gazebo_final/share/puzzlebot_gazebo_final/models/aruco_marker_5/materials/textures
[1.669s] copying models/aruco_marker_5/materials/textures/marker5.png -> /home/adrian/ros2_ws/src/Rob-tica_y_Sistemas_Inteligentes/install/puzzlebot_gazebo_final/share/puzzlebot_gazebo_final/models/aruco_marker_5/materials/textures
[1.670s] creating /home/adrian/ros2_ws/src/Rob-tica_y_Sistemas_Inteligentes/install/puzzlebot_gazebo_final/share/puzzlebot_gazebo_final/models/red_colored_box
[1.670s] copying models/red_colored_box/model.sdf -> /home/adrian/ros2_ws/src/Rob-tica_y_Sistemas_Inteligentes/install/puzzlebot_gazebo_final/share/puzzlebot_gazebo_final/models/red_colored_box
[1.670s] copying models/red_colored_box/model.config -> /home/adrian/ros2_ws/src/Rob-tica_y_Sistemas_Inteligentes/install/puzzlebot_gazebo_final/share/puzzlebot_gazebo_final/models/red_colored_box
[1.670s] creating /home/adrian/ros2_ws/src/Rob-tica_y_Sistemas_Inteligentes/install/puzzlebot_gazebo_final/share/puzzlebot_gazebo_final/worlds
[1.670s] copying worlds/puzzlebot_route_markers.world -> /home/adrian/ros2_ws/src/Rob-tica_y_Sistemas_Inteligentes/install/puzzlebot_gazebo_final/share/puzzlebot_gazebo_final/worlds
[1.670s] copying worlds/obstacle_avoidance_4.world -> /home/adrian/ros2_ws/src/Rob-tica_y_Sistemas_Inteligentes/install/puzzlebot_gazebo_final/share/puzzlebot_gazebo_final/worlds
[1.671s] copying worlds/obstacle_avoidance_3.world -> /home/adrian/ros2_ws/src/Rob-tica_y_Sistemas_Inteligentes/install/puzzlebot_gazebo_final/share/puzzlebot_gazebo_final/worlds
[1.671s] copying worlds/world_aruco_mip.sdf -> /home/adrian/ros2_ws/src/Rob-tica_y_Sistemas_Inteligentes/install/puzzlebot_gazebo_final/share/puzzlebot_gazebo_final/worlds
[1.672s] copying worlds/obstacle_avoidance_2.world -> /home/adrian/ros2_ws/src/Rob-tica_y_Sistemas_Inteligentes/install/puzzlebot_gazebo_final/share/puzzlebot_gazebo_final/worlds
[1.672s] copying worlds/world_empty.sdf -> /home/adrian/ros2_ws/src/Rob-tica_y_Sistemas_Inteligentes/install/puzzlebot_gazebo_final/share/puzzlebot_gazebo_final/worlds
[1.672s] copying worlds/puzzlebot_world.world -> /home/adrian/ros2_ws/src/Rob-tica_y_Sistemas_Inteligentes/install/puzzlebot_gazebo_final/share/puzzlebot_gazebo_final/worlds
[1.672s] copying worlds/world_aruco_cv.sdf -> /home/adrian/ros2_ws/src/Rob-tica_y_Sistemas_Inteligentes/install/puzzlebot_gazebo_final/share/puzzlebot_gazebo_final/worlds
[1.673s] copying worlds/puzzlebot_arena.world -> /home/adrian/ros2_ws/src/Rob-tica_y_Sistemas_Inteligentes/install/puzzlebot_gazebo_final/share/puzzlebot_gazebo_final/worlds
[1.673s] copying worlds/world_box.sdf -> /home/adrian/ros2_ws/src/Rob-tica_y_Sistemas_Inteligentes/install/puzzlebot_gazebo_final/share/puzzlebot_gazebo_final/worlds
[1.673s] copying worlds/puzzlebot_track.world -> /home/adrian/ros2_ws/src/Rob-tica_y_Sistemas_Inteligentes/install/puzzlebot_gazebo_final/share/puzzlebot_gazebo_final/worlds
[1.673s] copying worlds/empty.world -> /home/adrian/ros2_ws/src/Rob-tica_y_Sistemas_Inteligentes/install/puzzlebot_gazebo_final/share/puzzlebot_gazebo_final/worlds
[1.674s] copying worlds/office.world -> /home/adrian/ros2_ws/src/Rob-tica_y_Sistemas_Inteligentes/install/puzzlebot_gazebo_final/share/puzzlebot_gazebo_final/worlds
[1.674s] copying worlds/puzzlebot_aruco_markers.world -> /home/adrian/ros2_ws/src/Rob-tica_y_Sistemas_Inteligentes/install/puzzlebot_gazebo_final/share/puzzlebot_gazebo_final/worlds
[1.674s] copying worlds/puzzlebot_arena_markers.world -> /home/adrian/ros2_ws/src/Rob-tica_y_Sistemas_Inteligentes/install/puzzlebot_gazebo_final/share/puzzlebot_gazebo_final/worlds
[1.674s] copying worlds/obstacle_avoidance_1.world -> /home/adrian/ros2_ws/src/Rob-tica_y_Sistemas_Inteligentes/install/puzzlebot_gazebo_final/share/puzzlebot_gazebo_final/worlds
[1.675s] creating /home/adrian/ros2_ws/src/Rob-tica_y_Sistemas_Inteligentes/install/puzzlebot_gazebo_final/share/puzzlebot_gazebo_final/worlds/office_2
[1.675s] copying worlds/office_2/model.sdf -> /home/adrian/ros2_ws/src/Rob-tica_y_Sistemas_Inteligentes/install/puzzlebot_gazebo_final/share/puzzlebot_gazebo_final/worlds/office_2
[1.676s] copying worlds/office_2/model.config -> /home/adrian/ros2_ws/src/Rob-tica_y_Sistemas_Inteligentes/install/puzzlebot_gazebo_final/share/puzzlebot_gazebo_final/worlds/office_2
[1.676s] creating /home/adrian/ros2_ws/src/Rob-tica_y_Sistemas_Inteligentes/install/puzzlebot_gazebo_final/share/puzzlebot_gazebo_final/plugins
[1.676s] copying plugins/libDiffDynamicPlugin.so -> /home/adrian/ros2_ws/src/Rob-tica_y_Sistemas_Inteligentes/install/puzzlebot_gazebo_final/share/puzzlebot_gazebo_final/plugins
[1.680s] running install_egg_info
[1.684s] Copying ../../../build/puzzlebot_gazebo_final/puzzlebot_gazebo_final.egg-info to /home/adrian/ros2_ws/src/Rob-tica_y_Sistemas_Inteligentes/install/puzzlebot_gazebo_final/lib/python3.10/site-packages/puzzlebot_gazebo_final-0.0.0-py3.10.egg-info
[1.686s] running install_scripts
[1.711s] Installing puzzlebot_gazebo_final script to /home/adrian/ros2_ws/src/Rob-tica_y_Sistemas_Inteligentes/install/puzzlebot_gazebo_final/lib/puzzlebot_gazebo_final
[1.712s] writing list of installed files to '/home/adrian/ros2_ws/src/Rob-tica_y_Sistemas_Inteligentes/build/puzzlebot_gazebo_final/install.log'
[1.760s] Invoked command in '/home/adrian/ros2_ws/src/Rob-tica_y_Sistemas_Inteligentes/FinalChallenge/puzzlebot_finalchallenge/puzzlebot_gazebo_final' returned '0': PYTHONPATH=/home/adrian/ros2_ws/src/Rob-tica_y_Sistemas_Inteligentes/build/puzzlebot_gazebo_final/prefix_override:/usr/lib/python3/dist-packages/colcon_core/task/python/colcon_distutils_commands:/home/adrian/ros2_ws/src/Rob-tica_y_Sistemas_Inteligentes/install/puzzlebot_gazebo_final/lib/python3.10/site-packages:${PYTHONPATH} /usr/bin/python3 -W ignore:setup.py install is deprecated -W ignore:easy_install command is deprecated setup.py egg_info --egg-base ../../../build/puzzlebot_gazebo_final build --build-base /home/adrian/ros2_ws/src/Rob-tica_y_Sistemas_Inteligentes/build/puzzlebot_gazebo_final/build install --record /home/adrian/ros2_ws/src/Rob-tica_y_Sistemas_Inteligentes/build/puzzlebot_gazebo_final/install.log --single-version-externally-managed install_data
