[0.187s] DEBUG:colcon:Command line arguments: ['/usr/bin/colcon', 'build', '--base-paths', '/home/adrian/ros2_ws/src/Rob-tica_y_Sistemas_Inteligentes/FinalChallenge/puzzlebot_finalchallenge', '--packages-select', 'puzzlebot_description_final']
[0.187s] DEBUG:colcon:Parsed command line arguments: Namespace(log_base=None, log_level=None, verb_name='build', build_base='build', install_base='install', merge_install=False, symlink_install=False, test_result_base=None, continue_on_error=False, executor='parallel', parallel_workers=12, event_handlers=None, ignore_user_meta=False, metas=['./colcon.meta'], base_paths=['/home/adrian/ros2_ws/src/Rob-tica_y_Sistemas_Inteligentes/FinalChallenge/puzzlebot_finalchallenge'], packages_ignore=None, packages_ignore_regex=None, paths=None, packages_up_to=None, packages_up_to_regex=None, packages_above=None, packages_above_and_dependencies=None, packages_above_depth=None, packages_select_by_dep=None, packages_skip_by_dep=None, packages_skip_up_to=None, packages_select_build_failed=False, packages_skip_build_finished=False, packages_select_test_failures=False, packages_skip_test_passed=False, packages_select=['puzzlebot_description_final'], packages_skip=None, packages_select_regex=None, packages_skip_regex=None, packages_start=None, packages_end=None, allow_overriding=[], cmake_args=None, cmake_target=None, cmake_target_skip_unavailable=False, cmake_clean_cache=False, cmake_clean_first=False, cmake_force_configure=False, ament_cmake_args=None, catkin_cmake_args=None, catkin_skip_building_tests=False, mixin_files=None, mixin=None, verb_parser=<colcon_mixin.mixin.mixin_argument.MixinArgumentDecorator object at 0x7341a14856c0>, verb_extension=<colcon_core.verb.build.BuildVerb object at 0x7341a1485150>, main=<bound method BuildVerb.main of <colcon_core.verb.build.BuildVerb object at 0x7341a1485150>>, mixin_verb=('build',))
[0.459s] Level 1:colcon.colcon_core.package_discovery:discover_packages(colcon_meta) check parameters
[0.459s] Level 1:colcon.colcon_core.package_discovery:discover_packages(recursive) check parameters
[0.459s] Level 1:colcon.colcon_core.package_discovery:discover_packages(ignore) check parameters
[0.459s] Level 1:colcon.colcon_core.package_discovery:discover_packages(path) check parameters
[0.459s] Level 1:colcon.colcon_core.package_discovery:discover_packages(recursive) discover
[0.459s] INFO:colcon.colcon_core.package_discovery:Crawling recursively for packages in '/home/adrian/ros2_ws/src/Rob-tica_y_Sistemas_Inteligentes/FinalChallenge/puzzlebot_finalchallenge'
[0.460s] Level 1:colcon.colcon_core.package_identification:_identify(/home/adrian/ros2_ws/src/Rob-tica_y_Sistemas_Inteligentes/FinalChallenge/puzzlebot_finalchallenge) by extensions ['ignore', 'ignore_ament_install']
[0.460s] Level 1:colcon.colcon_core.package_identification:_identify(/home/adrian/ros2_ws/src/Rob-tica_y_Sistemas_Inteligentes/FinalChallenge/puzzlebot_finalchallenge) by extension 'ignore'
[0.460s] Level 1:colcon.colcon_core.package_identification:_identify(/home/adrian/ros2_ws/src/Rob-tica_y_Sistemas_Inteligentes/FinalChallenge/puzzlebot_finalchallenge) by extension 'ignore_ament_install'
[0.460s] Level 1:colcon.colcon_core.package_identification:_identify(/home/adrian/ros2_ws/src/Rob-tica_y_Sistemas_Inteligentes/FinalChallenge/puzzlebot_finalchallenge) by extensions ['colcon_pkg']
[0.460s] Level 1:colcon.colcon_core.package_identification:_identify(/home/adrian/ros2_ws/src/Rob-tica_y_Sistemas_Inteligentes/FinalChallenge/puzzlebot_finalchallenge) by extension 'colcon_pkg'
[0.460s] Level 1:colcon.colcon_core.package_identification:_identify(/home/adrian/ros2_ws/src/Rob-tica_y_Sistemas_Inteligentes/FinalChallenge/puzzlebot_finalchallenge) by extensions ['colcon_meta']
[0.460s] Level 1:colcon.colcon_core.package_identification:_identify(/home/adrian/ros2_ws/src/Rob-tica_y_Sistemas_Inteligentes/FinalChallenge/puzzlebot_finalchallenge) by extension 'colcon_meta'
[0.460s] Level 1:colcon.colcon_core.package_identification:_identify(/home/adrian/ros2_ws/src/Rob-tica_y_Sistemas_Inteligentes/FinalChallenge/puzzlebot_finalchallenge) by extensions ['ros']
[0.461s] Level 1:colcon.colcon_core.package_identification:_identify(/home/adrian/ros2_ws/src/Rob-tica_y_Sistemas_Inteligentes/FinalChallenge/puzzlebot_finalchallenge) by extension 'ros'
[0.480s] Level 1:colcon.colcon_core.package_identification:_identify(/home/adrian/ros2_ws/src/Rob-tica_y_Sistemas_Inteligentes/FinalChallenge/puzzlebot_finalchallenge) by extensions ['cmake', 'python']
[0.480s] Level 1:colcon.colcon_core.package_identification:_identify(/home/adrian/ros2_ws/src/Rob-tica_y_Sistemas_Inteligentes/FinalChallenge/puzzlebot_finalchallenge) by extension 'cmake'
[0.480s] Level 1:colcon.colcon_core.package_identification:_identify(/home/adrian/ros2_ws/src/Rob-tica_y_Sistemas_Inteligentes/FinalChallenge/puzzlebot_finalchallenge) by extension 'python'
[0.481s] Level 1:colcon.colcon_core.package_identification:_identify(/home/adrian/ros2_ws/src/Rob-tica_y_Sistemas_Inteligentes/FinalChallenge/puzzlebot_finalchallenge) by extensions ['python_setup_py']
[0.481s] Level 1:colcon.colcon_core.package_identification:_identify(/home/adrian/ros2_ws/src/Rob-tica_y_Sistemas_Inteligentes/FinalChallenge/puzzlebot_finalchallenge) by extension 'python_setup_py'
[0.481s] Level 1:colcon.colcon_core.package_identification:_identify(/home/adrian/ros2_ws/src/Rob-tica_y_Sistemas_Inteligentes/FinalChallenge/puzzlebot_finalchallenge/puzzlebot_description_final) by extensions ['ignore', 'ignore_ament_install']
[0.481s] Level 1:colcon.colcon_core.package_identification:_identify(/home/adrian/ros2_ws/src/Rob-tica_y_Sistemas_Inteligentes/FinalChallenge/puzzlebot_finalchallenge/puzzlebot_description_final) by extension 'ignore'
[0.481s] Level 1:colcon.colcon_core.package_identification:_identify(/home/adrian/ros2_ws/src/Rob-tica_y_Sistemas_Inteligentes/FinalChallenge/puzzlebot_finalchallenge/puzzlebot_description_final) by extension 'ignore_ament_install'
[0.481s] Level 1:colcon.colcon_core.package_identification:_identify(/home/adrian/ros2_ws/src/Rob-tica_y_Sistemas_Inteligentes/FinalChallenge/puzzlebot_finalchallenge/puzzlebot_description_final) by extensions ['colcon_pkg']
[0.481s] Level 1:colcon.colcon_core.package_identification:_identify(/home/adrian/ros2_ws/src/Rob-tica_y_Sistemas_Inteligentes/FinalChallenge/puzzlebot_finalchallenge/puzzlebot_description_final) by extension 'colcon_pkg'
[0.481s] Level 1:colcon.colcon_core.package_identification:_identify(/home/adrian/ros2_ws/src/Rob-tica_y_Sistemas_Inteligentes/FinalChallenge/puzzlebot_finalchallenge/puzzlebot_description_final) by extensions ['colcon_meta']
[0.481s] Level 1:colcon.colcon_core.package_identification:_identify(/home/adrian/ros2_ws/src/Rob-tica_y_Sistemas_Inteligentes/FinalChallenge/puzzlebot_finalchallenge/puzzlebot_description_final) by extension 'colcon_meta'
[0.481s] Level 1:colcon.colcon_core.package_identification:_identify(/home/adrian/ros2_ws/src/Rob-tica_y_Sistemas_Inteligentes/FinalChallenge/puzzlebot_finalchallenge/puzzlebot_description_final) by extensions ['ros']
[0.482s] Level 1:colcon.colcon_core.package_identification:_identify(/home/adrian/ros2_ws/src/Rob-tica_y_Sistemas_Inteligentes/FinalChallenge/puzzlebot_finalchallenge/puzzlebot_description_final) by extension 'ros'
[0.520s] DEBUG:colcon.colcon_core.package_identification:Package '/home/adrian/ros2_ws/src/Rob-tica_y_Sistemas_Inteligentes/FinalChallenge/puzzlebot_finalchallenge/puzzlebot_description_final' with type 'ros.ament_python' and name 'puzzlebot_description_final'
[0.521s] Level 1:colcon.colcon_core.package_identification:_identify(/home/adrian/ros2_ws/src/Rob-tica_y_Sistemas_Inteligentes/FinalChallenge/puzzlebot_finalchallenge/puzzlebot_gazebo_final) by extensions ['ignore', 'ignore_ament_install']
[0.521s] Level 1:colcon.colcon_core.package_identification:_identify(/home/adrian/ros2_ws/src/Rob-tica_y_Sistemas_Inteligentes/FinalChallenge/puzzlebot_finalchallenge/puzzlebot_gazebo_final) by extension 'ignore'
[0.521s] Level 1:colcon.colcon_core.package_identification:_identify(/home/adrian/ros2_ws/src/Rob-tica_y_Sistemas_Inteligentes/FinalChallenge/puzzlebot_finalchallenge/puzzlebot_gazebo_final) by extension 'ignore_ament_install'
[0.521s] Level 1:colcon.colcon_core.package_identification:_identify(/home/adrian/ros2_ws/src/Rob-tica_y_Sistemas_Inteligentes/FinalChallenge/puzzlebot_finalchallenge/puzzlebot_gazebo_final) by extensions ['colcon_pkg']
[0.521s] Level 1:colcon.colcon_core.package_identification:_identify(/home/adrian/ros2_ws/src/Rob-tica_y_Sistemas_Inteligentes/FinalChallenge/puzzlebot_finalchallenge/puzzlebot_gazebo_final) by extension 'colcon_pkg'
[0.521s] Level 1:colcon.colcon_core.package_identification:_identify(/home/adrian/ros2_ws/src/Rob-tica_y_Sistemas_Inteligentes/FinalChallenge/puzzlebot_finalchallenge/puzzlebot_gazebo_final) by extensions ['colcon_meta']
[0.521s] Level 1:colcon.colcon_core.package_identification:_identify(/home/adrian/ros2_ws/src/Rob-tica_y_Sistemas_Inteligentes/FinalChallenge/puzzlebot_finalchallenge/puzzlebot_gazebo_final) by extension 'colcon_meta'
[0.521s] Level 1:colcon.colcon_core.package_identification:_identify(/home/adrian/ros2_ws/src/Rob-tica_y_Sistemas_Inteligentes/FinalChallenge/puzzlebot_finalchallenge/puzzlebot_gazebo_final) by extensions ['ros']
[0.521s] Level 1:colcon.colcon_core.package_identification:_identify(/home/adrian/ros2_ws/src/Rob-tica_y_Sistemas_Inteligentes/FinalChallenge/puzzlebot_finalchallenge/puzzlebot_gazebo_final) by extension 'ros'
[0.523s] DEBUG:colcon.colcon_core.package_identification:Package '/home/adrian/ros2_ws/src/Rob-tica_y_Sistemas_Inteligentes/FinalChallenge/puzzlebot_finalchallenge/puzzlebot_gazebo_final' with type 'ros.ament_python' and name 'puzzlebot_gazebo_final'
[0.523s] Level 1:colcon.colcon_core.package_discovery:discover_packages(recursive) using defaults
[0.556s] INFO:colcon.colcon_core.package_selection:Skipping not selected package 'puzzlebot_gazebo_final' in '/home/adrian/ros2_ws/src/Rob-tica_y_Sistemas_Inteligentes/FinalChallenge/puzzlebot_finalchallenge/puzzlebot_gazebo_final'
[0.557s] Level 1:colcon.colcon_core.package_discovery:discover_packages(prefix_path) check parameters
[0.557s] Level 1:colcon.colcon_core.package_discovery:discover_packages(prefix_path) discover
[0.560s] DEBUG:colcon.colcon_installed_package_information.package_discovery:Found 12 installed packages in /home/adrian/ros2_ws/install
[0.562s] DEBUG:colcon.colcon_installed_package_information.package_discovery:Found 328 installed packages in /opt/ros/humble
[0.565s] Level 1:colcon.colcon_core.package_discovery:discover_packages(prefix_path) using defaults
[0.632s] Level 5:colcon.colcon_core.verb:set package 'puzzlebot_description_final' build argument 'cmake_args' from command line to 'None'
[0.632s] Level 5:colcon.colcon_core.verb:set package 'puzzlebot_description_final' build argument 'cmake_target' from command line to 'None'
[0.632s] Level 5:colcon.colcon_core.verb:set package 'puzzlebot_description_final' build argument 'cmake_target_skip_unavailable' from command line to 'False'
[0.632s] Level 5:colcon.colcon_core.verb:set package 'puzzlebot_description_final' build argument 'cmake_clean_cache' from command line to 'False'
[0.632s] Level 5:colcon.colcon_core.verb:set package 'puzzlebot_description_final' build argument 'cmake_clean_first' from command line to 'False'
[0.632s] Level 5:colcon.colcon_core.verb:set package 'puzzlebot_description_final' build argument 'cmake_force_configure' from command line to 'False'
[0.632s] Level 5:colcon.colcon_core.verb:set package 'puzzlebot_description_final' build argument 'ament_cmake_args' from command line to 'None'
[0.632s] Level 5:colcon.colcon_core.verb:set package 'puzzlebot_description_final' build argument 'catkin_cmake_args' from command line to 'None'
[0.632s] Level 5:colcon.colcon_core.verb:set package 'puzzlebot_description_final' build argument 'catkin_skip_building_tests' from command line to 'False'
[0.632s] DEBUG:colcon.colcon_core.verb:Building package 'puzzlebot_description_final' with the following arguments: {'ament_cmake_args': None, 'build_base': '/home/adrian/ros2_ws/src/Rob-tica_y_Sistemas_Inteligentes/build/puzzlebot_description_final', 'catkin_cmake_args': None, 'catkin_skip_building_tests': False, 'cmake_args': None, 'cmake_clean_cache': False, 'cmake_clean_first': False, 'cmake_force_configure': False, 'cmake_target': None, 'cmake_target_skip_unavailable': False, 'install_base': '/home/adrian/ros2_ws/src/Rob-tica_y_Sistemas_Inteligentes/install/puzzlebot_description_final', 'merge_install': False, 'path': '/home/adrian/ros2_ws/src/Rob-tica_y_Sistemas_Inteligentes/FinalChallenge/puzzlebot_finalchallenge/puzzlebot_description_final', 'symlink_install': False, 'test_result_base': None}
[0.632s] INFO:colcon.colcon_core.executor:Executing jobs using 'parallel' executor
[0.635s] DEBUG:colcon.colcon_parallel_executor.executor.parallel:run_until_complete
[0.635s] INFO:colcon.colcon_ros.task.ament_python.build:Building ROS package in '/home/adrian/ros2_ws/src/Rob-tica_y_Sistemas_Inteligentes/FinalChallenge/puzzlebot_finalchallenge/puzzlebot_description_final' with build type 'ament_python'
[0.635s] Level 1:colcon.colcon_core.shell:create_environment_hook('puzzlebot_description_final', 'ament_prefix_path')
[0.639s] INFO:colcon.colcon_core.plugin_system:Skipping extension 'colcon_core.shell.bat': Not used on non-Windows systems
[0.639s] INFO:colcon.colcon_core.shell:Creating environment hook '/home/adrian/ros2_ws/src/Rob-tica_y_Sistemas_Inteligentes/install/puzzlebot_description_final/share/puzzlebot_description_final/hook/ament_prefix_path.ps1'
[0.640s] INFO:colcon.colcon_core.shell:Creating environment descriptor '/home/adrian/ros2_ws/src/Rob-tica_y_Sistemas_Inteligentes/install/puzzlebot_description_final/share/puzzlebot_description_final/hook/ament_prefix_path.dsv'
[0.641s] INFO:colcon.colcon_core.shell:Creating environment hook '/home/adrian/ros2_ws/src/Rob-tica_y_Sistemas_Inteligentes/install/puzzlebot_description_final/share/puzzlebot_description_final/hook/ament_prefix_path.sh'
[0.642s] INFO:colcon.colcon_core.shell:Skip shell extension 'powershell' for command environment: Not usable outside of PowerShell
[0.642s] DEBUG:colcon.colcon_core.shell:Skip shell extension 'dsv' for command environment
[1.074s] INFO:colcon.colcon_core.task.python.build:Building Python package in '/home/adrian/ros2_ws/src/Rob-tica_y_Sistemas_Inteligentes/FinalChallenge/puzzlebot_finalchallenge/puzzlebot_description_final'
[1.074s] INFO:colcon.colcon_core.shell:Skip shell extension 'powershell' for command environment: Not usable outside of PowerShell
[1.074s] DEBUG:colcon.colcon_core.shell:Skip shell extension 'dsv' for command environment
[1.657s] DEBUG:colcon.colcon_core.event_handler.log_command:Invoking command in '/home/adrian/ros2_ws/src/Rob-tica_y_Sistemas_Inteligentes/FinalChallenge/puzzlebot_finalchallenge/puzzlebot_description_final': PYTHONPATH=/home/adrian/ros2_ws/src/Rob-tica_y_Sistemas_Inteligentes/build/puzzlebot_description_final/prefix_override:/usr/lib/python3/dist-packages/colcon_core/task/python/colcon_distutils_commands:/home/adrian/ros2_ws/src/Rob-tica_y_Sistemas_Inteligentes/install/puzzlebot_description_final/lib/python3.10/site-packages:${PYTHONPATH} /usr/bin/python3 -W ignore:setup.py install is deprecated -W ignore:easy_install command is deprecated setup.py egg_info --egg-base ../../../build/puzzlebot_description_final build --build-base /home/adrian/ros2_ws/src/Rob-tica_y_Sistemas_Inteligentes/build/puzzlebot_description_final/build install --record /home/adrian/ros2_ws/src/Rob-tica_y_Sistemas_Inteligentes/build/puzzlebot_description_final/install.log --single-version-externally-managed install_data
[2.151s] DEBUG:colcon.colcon_core.event_handler.log_command:Invoked command in '/home/adrian/ros2_ws/src/Rob-tica_y_Sistemas_Inteligentes/FinalChallenge/puzzlebot_finalchallenge/puzzlebot_description_final' returned '0': PYTHONPATH=/home/adrian/ros2_ws/src/Rob-tica_y_Sistemas_Inteligentes/build/puzzlebot_description_final/prefix_override:/usr/lib/python3/dist-packages/colcon_core/task/python/colcon_distutils_commands:/home/adrian/ros2_ws/src/Rob-tica_y_Sistemas_Inteligentes/install/puzzlebot_description_final/lib/python3.10/site-packages:${PYTHONPATH} /usr/bin/python3 -W ignore:setup.py install is deprecated -W ignore:easy_install command is deprecated setup.py egg_info --egg-base ../../../build/puzzlebot_description_final build --build-base /home/adrian/ros2_ws/src/Rob-tica_y_Sistemas_Inteligentes/build/puzzlebot_description_final/build install --record /home/adrian/ros2_ws/src/Rob-tica_y_Sistemas_Inteligentes/build/puzzlebot_description_final/install.log --single-version-externally-managed install_data
[2.155s] Level 1:colcon.colcon_core.environment:checking '/home/adrian/ros2_ws/src/Rob-tica_y_Sistemas_Inteligentes/install/puzzlebot_description_final' for CMake module files
[2.156s] Level 1:colcon.colcon_core.environment:checking '/home/adrian/ros2_ws/src/Rob-tica_y_Sistemas_Inteligentes/install/puzzlebot_description_final' for CMake config files
[2.158s] Level 1:colcon.colcon_core.environment:checking '/home/adrian/ros2_ws/src/Rob-tica_y_Sistemas_Inteligentes/install/puzzlebot_description_final/lib'
[2.159s] Level 1:colcon.colcon_core.environment:checking '/home/adrian/ros2_ws/src/Rob-tica_y_Sistemas_Inteligentes/install/puzzlebot_description_final/bin'
[2.159s] Level 1:colcon.colcon_core.environment:checking '/home/adrian/ros2_ws/src/Rob-tica_y_Sistemas_Inteligentes/install/puzzlebot_description_final/lib/pkgconfig/puzzlebot_description_final.pc'
[2.159s] Level 1:colcon.colcon_core.environment:checking '/home/adrian/ros2_ws/src/Rob-tica_y_Sistemas_Inteligentes/install/puzzlebot_description_final/lib/python3.10/site-packages'
[2.159s] Level 1:colcon.colcon_core.shell:create_environment_hook('puzzlebot_description_final', 'pythonpath')
[2.160s] INFO:colcon.colcon_core.shell:Creating environment hook '/home/adrian/ros2_ws/src/Rob-tica_y_Sistemas_Inteligentes/install/puzzlebot_description_final/share/puzzlebot_description_final/hook/pythonpath.ps1'
[2.161s] INFO:colcon.colcon_core.shell:Creating environment descriptor '/home/adrian/ros2_ws/src/Rob-tica_y_Sistemas_Inteligentes/install/puzzlebot_description_final/share/puzzlebot_description_final/hook/pythonpath.dsv'
[2.161s] INFO:colcon.colcon_core.shell:Creating environment hook '/home/adrian/ros2_ws/src/Rob-tica_y_Sistemas_Inteligentes/install/puzzlebot_description_final/share/puzzlebot_description_final/hook/pythonpath.sh'
[2.162s] Level 1:colcon.colcon_core.environment:checking '/home/adrian/ros2_ws/src/Rob-tica_y_Sistemas_Inteligentes/install/puzzlebot_description_final/bin'
[2.162s] Level 1:colcon.colcon_core.environment:create_environment_scripts_only(puzzlebot_description_final)
[2.163s] INFO:colcon.colcon_core.shell:Creating package script '/home/adrian/ros2_ws/src/Rob-tica_y_Sistemas_Inteligentes/install/puzzlebot_description_final/share/puzzlebot_description_final/package.ps1'
[2.165s] INFO:colcon.colcon_core.shell:Creating package descriptor '/home/adrian/ros2_ws/src/Rob-tica_y_Sistemas_Inteligentes/install/puzzlebot_description_final/share/puzzlebot_description_final/package.dsv'
[2.167s] INFO:colcon.colcon_core.shell:Creating package script '/home/adrian/ros2_ws/src/Rob-tica_y_Sistemas_Inteligentes/install/puzzlebot_description_final/share/puzzlebot_description_final/package.sh'
[2.168s] INFO:colcon.colcon_core.shell:Creating package script '/home/adrian/ros2_ws/src/Rob-tica_y_Sistemas_Inteligentes/install/puzzlebot_description_final/share/puzzlebot_description_final/package.bash'
[2.170s] INFO:colcon.colcon_core.shell:Creating package script '/home/adrian/ros2_ws/src/Rob-tica_y_Sistemas_Inteligentes/install/puzzlebot_description_final/share/puzzlebot_description_final/package.zsh'
[2.171s] Level 1:colcon.colcon_core.environment:create_file_with_runtime_dependencies(/home/adrian/ros2_ws/src/Rob-tica_y_Sistemas_Inteligentes/install/puzzlebot_description_final/share/colcon-core/packages/puzzlebot_description_final)
[2.172s] DEBUG:colcon.colcon_parallel_executor.executor.parallel:closing loop
[2.172s] DEBUG:colcon.colcon_parallel_executor.executor.parallel:loop closed
[2.172s] DEBUG:colcon.colcon_parallel_executor.executor.parallel:run_until_complete finished with '0'
[2.172s] DEBUG:colcon.colcon_core.event_reactor:joining thread
[2.180s] INFO:colcon.colcon_core.plugin_system:Skipping extension 'colcon_notification.desktop_notification.terminal_notifier': Not used on non-Darwin systems
[2.181s] INFO:colcon.colcon_core.plugin_system:Skipping extension 'colcon_notification.desktop_notification.win32': Not used on non-Windows systems
[2.181s] INFO:colcon.colcon_notification.desktop_notification:Sending desktop notification using 'notify2'
[2.203s] DEBUG:colcon.colcon_core.event_reactor:joined thread
[2.203s] INFO:colcon.colcon_core.shell:Creating prefix script '/home/adrian/ros2_ws/src/Rob-tica_y_Sistemas_Inteligentes/install/local_setup.ps1'
[2.204s] INFO:colcon.colcon_core.shell:Creating prefix util module '/home/adrian/ros2_ws/src/Rob-tica_y_Sistemas_Inteligentes/install/_local_setup_util_ps1.py'
[2.207s] INFO:colcon.colcon_core.shell:Creating prefix chain script '/home/adrian/ros2_ws/src/Rob-tica_y_Sistemas_Inteligentes/install/setup.ps1'
[2.210s] INFO:colcon.colcon_core.shell:Creating prefix script '/home/adrian/ros2_ws/src/Rob-tica_y_Sistemas_Inteligentes/install/local_setup.sh'
[2.211s] INFO:colcon.colcon_core.shell:Creating prefix util module '/home/adrian/ros2_ws/src/Rob-tica_y_Sistemas_Inteligentes/install/_local_setup_util_sh.py'
[2.213s] INFO:colcon.colcon_core.shell:Creating prefix chain script '/home/adrian/ros2_ws/src/Rob-tica_y_Sistemas_Inteligentes/install/setup.sh'
[2.216s] INFO:colcon.colcon_core.shell:Creating prefix script '/home/adrian/ros2_ws/src/Rob-tica_y_Sistemas_Inteligentes/install/local_setup.bash'
[2.217s] INFO:colcon.colcon_core.shell:Creating prefix chain script '/home/adrian/ros2_ws/src/Rob-tica_y_Sistemas_Inteligentes/install/setup.bash'
[2.219s] INFO:colcon.colcon_core.shell:Creating prefix script '/home/adrian/ros2_ws/src/Rob-tica_y_Sistemas_Inteligentes/install/local_setup.zsh'
[2.221s] INFO:colcon.colcon_core.shell:Creating prefix chain script '/home/adrian/ros2_ws/src/Rob-tica_y_Sistemas_Inteligentes/install/setup.zsh'
