[0.115s] DEBUG:colcon:Command line arguments: ['/usr/bin/colcon', 'build', '--base-paths', '/home/adrian/ros2_ws/src/Rob-tica_y_Sistemas_Inteligentes/FinalChallenge/puzzlebot_finalchallenge', '--packages-select', 'puzzlebot_gazebo_final', 'puzzlebot_description_final']
[0.115s] DEBUG:colcon:Parsed command line arguments: Namespace(log_base=None, log_level=None, verb_name='build', build_base='build', install_base='install', merge_install=False, symlink_install=False, test_result_base=None, continue_on_error=False, executor='parallel', parallel_workers=12, event_handlers=None, ignore_user_meta=False, metas=['./colcon.meta'], base_paths=['/home/adrian/ros2_ws/src/Rob-tica_y_Sistemas_Inteligentes/FinalChallenge/puzzlebot_finalchallenge'], packages_ignore=None, packages_ignore_regex=None, paths=None, packages_up_to=None, packages_up_to_regex=None, packages_above=None, packages_above_and_dependencies=None, packages_above_depth=None, packages_select_by_dep=None, packages_skip_by_dep=None, packages_skip_up_to=None, packages_select_build_failed=False, packages_skip_build_finished=False, packages_select_test_failures=False, packages_skip_test_passed=False, packages_select=['puzzlebot_gazebo_final', 'puzzlebot_description_final'], packages_skip=None, packages_select_regex=None, packages_skip_regex=None, packages_start=None, packages_end=None, allow_overriding=[], cmake_args=None, cmake_target=None, cmake_target_skip_unavailable=False, cmake_clean_cache=False, cmake_clean_first=False, cmake_force_configure=False, ament_cmake_args=None, catkin_cmake_args=None, catkin_skip_building_tests=False, mixin_files=None, mixin=None, verb_parser=<colcon_mixin.mixin.mixin_argument.MixinArgumentDecorator object at 0x760393285690>, verb_extension=<colcon_core.verb.build.BuildVerb object at 0x760393285120>, main=<bound method BuildVerb.main of <colcon_core.verb.build.BuildVerb object at 0x760393285120>>, mixin_verb=('build',))
[0.298s] Level 1:colcon.colcon_core.package_discovery:discover_packages(colcon_meta) check parameters
[0.299s] Level 1:colcon.colcon_core.package_discovery:discover_packages(recursive) check parameters
[0.299s] Level 1:colcon.colcon_core.package_discovery:discover_packages(ignore) check parameters
[0.299s] Level 1:colcon.colcon_core.package_discovery:discover_packages(path) check parameters
[0.299s] Level 1:colcon.colcon_core.package_discovery:discover_packages(recursive) discover
[0.299s] INFO:colcon.colcon_core.package_discovery:Crawling recursively for packages in '/home/adrian/ros2_ws/src/Rob-tica_y_Sistemas_Inteligentes/FinalChallenge/puzzlebot_finalchallenge'
[0.299s] Level 1:colcon.colcon_core.package_identification:_identify(/home/adrian/ros2_ws/src/Rob-tica_y_Sistemas_Inteligentes/FinalChallenge/puzzlebot_finalchallenge) by extensions ['ignore', 'ignore_ament_install']
[0.299s] Level 1:colcon.colcon_core.package_identification:_identify(/home/adrian/ros2_ws/src/Rob-tica_y_Sistemas_Inteligentes/FinalChallenge/puzzlebot_finalchallenge) by extension 'ignore'
[0.299s] Level 1:colcon.colcon_core.package_identification:_identify(/home/adrian/ros2_ws/src/Rob-tica_y_Sistemas_Inteligentes/FinalChallenge/puzzlebot_finalchallenge) by extension 'ignore_ament_install'
[0.299s] Level 1:colcon.colcon_core.package_identification:_identify(/home/adrian/ros2_ws/src/Rob-tica_y_Sistemas_Inteligentes/FinalChallenge/puzzlebot_finalchallenge) by extensions ['colcon_pkg']
[0.299s] Level 1:colcon.colcon_core.package_identification:_identify(/home/adrian/ros2_ws/src/Rob-tica_y_Sistemas_Inteligentes/FinalChallenge/puzzlebot_finalchallenge) by extension 'colcon_pkg'
[0.299s] Level 1:colcon.colcon_core.package_identification:_identify(/home/adrian/ros2_ws/src/Rob-tica_y_Sistemas_Inteligentes/FinalChallenge/puzzlebot_finalchallenge) by extensions ['colcon_meta']
[0.299s] Level 1:colcon.colcon_core.package_identification:_identify(/home/adrian/ros2_ws/src/Rob-tica_y_Sistemas_Inteligentes/FinalChallenge/puzzlebot_finalchallenge) by extension 'colcon_meta'
[0.299s] Level 1:colcon.colcon_core.package_identification:_identify(/home/adrian/ros2_ws/src/Rob-tica_y_Sistemas_Inteligentes/FinalChallenge/puzzlebot_finalchallenge) by extensions ['ros']
[0.299s] Level 1:colcon.colcon_core.package_identification:_identify(/home/adrian/ros2_ws/src/Rob-tica_y_Sistemas_Inteligentes/FinalChallenge/puzzlebot_finalchallenge) by extension 'ros'
[0.311s] Level 1:colcon.colcon_core.package_identification:_identify(/home/adrian/ros2_ws/src/Rob-tica_y_Sistemas_Inteligentes/FinalChallenge/puzzlebot_finalchallenge) by extensions ['cmake', 'python']
[0.311s] Level 1:colcon.colcon_core.package_identification:_identify(/home/adrian/ros2_ws/src/Rob-tica_y_Sistemas_Inteligentes/FinalChallenge/puzzlebot_finalchallenge) by extension 'cmake'
[0.311s] Level 1:colcon.colcon_core.package_identification:_identify(/home/adrian/ros2_ws/src/Rob-tica_y_Sistemas_Inteligentes/FinalChallenge/puzzlebot_finalchallenge) by extension 'python'
[0.311s] Level 1:colcon.colcon_core.package_identification:_identify(/home/adrian/ros2_ws/src/Rob-tica_y_Sistemas_Inteligentes/FinalChallenge/puzzlebot_finalchallenge) by extensions ['python_setup_py']
[0.311s] Level 1:colcon.colcon_core.package_identification:_identify(/home/adrian/ros2_ws/src/Rob-tica_y_Sistemas_Inteligentes/FinalChallenge/puzzlebot_finalchallenge) by extension 'python_setup_py'
[0.311s] Level 1:colcon.colcon_core.package_identification:_identify(/home/adrian/ros2_ws/src/Rob-tica_y_Sistemas_Inteligentes/FinalChallenge/puzzlebot_finalchallenge/puzzlebot_description_final) by extensions ['ignore', 'ignore_ament_install']
[0.311s] Level 1:colcon.colcon_core.package_identification:_identify(/home/adrian/ros2_ws/src/Rob-tica_y_Sistemas_Inteligentes/FinalChallenge/puzzlebot_finalchallenge/puzzlebot_description_final) by extension 'ignore'
[0.311s] Level 1:colcon.colcon_core.package_identification:_identify(/home/adrian/ros2_ws/src/Rob-tica_y_Sistemas_Inteligentes/FinalChallenge/puzzlebot_finalchallenge/puzzlebot_description_final) by extension 'ignore_ament_install'
[0.311s] Level 1:colcon.colcon_core.package_identification:_identify(/home/adrian/ros2_ws/src/Rob-tica_y_Sistemas_Inteligentes/FinalChallenge/puzzlebot_finalchallenge/puzzlebot_description_final) by extensions ['colcon_pkg']
[0.311s] Level 1:colcon.colcon_core.package_identification:_identify(/home/adrian/ros2_ws/src/Rob-tica_y_Sistemas_Inteligentes/FinalChallenge/puzzlebot_finalchallenge/puzzlebot_description_final) by extension 'colcon_pkg'
[0.312s] Level 1:colcon.colcon_core.package_identification:_identify(/home/adrian/ros2_ws/src/Rob-tica_y_Sistemas_Inteligentes/FinalChallenge/puzzlebot_finalchallenge/puzzlebot_description_final) by extensions ['colcon_meta']
[0.312s] Level 1:colcon.colcon_core.package_identification:_identify(/home/adrian/ros2_ws/src/Rob-tica_y_Sistemas_Inteligentes/FinalChallenge/puzzlebot_finalchallenge/puzzlebot_description_final) by extension 'colcon_meta'
[0.312s] Level 1:colcon.colcon_core.package_identification:_identify(/home/adrian/ros2_ws/src/Rob-tica_y_Sistemas_Inteligentes/FinalChallenge/puzzlebot_finalchallenge/puzzlebot_description_final) by extensions ['ros']
[0.312s] Level 1:colcon.colcon_core.package_identification:_identify(/home/adrian/ros2_ws/src/Rob-tica_y_Sistemas_Inteligentes/FinalChallenge/puzzlebot_finalchallenge/puzzlebot_description_final) by extension 'ros'
[0.327s] DEBUG:colcon.colcon_core.package_identification:Package '/home/adrian/ros2_ws/src/Rob-tica_y_Sistemas_Inteligentes/FinalChallenge/puzzlebot_finalchallenge/puzzlebot_description_final' with type 'ros.ament_python' and name 'puzzlebot_description_final'
[0.327s] Level 1:colcon.colcon_core.package_identification:_identify(/home/adrian/ros2_ws/src/Rob-tica_y_Sistemas_Inteligentes/FinalChallenge/puzzlebot_finalchallenge/puzzlebot_gazebo_final) by extensions ['ignore', 'ignore_ament_install']
[0.327s] Level 1:colcon.colcon_core.package_identification:_identify(/home/adrian/ros2_ws/src/Rob-tica_y_Sistemas_Inteligentes/FinalChallenge/puzzlebot_finalchallenge/puzzlebot_gazebo_final) by extension 'ignore'
[0.327s] Level 1:colcon.colcon_core.package_identification:_identify(/home/adrian/ros2_ws/src/Rob-tica_y_Sistemas_Inteligentes/FinalChallenge/puzzlebot_finalchallenge/puzzlebot_gazebo_final) by extension 'ignore_ament_install'
[0.327s] Level 1:colcon.colcon_core.package_identification:_identify(/home/adrian/ros2_ws/src/Rob-tica_y_Sistemas_Inteligentes/FinalChallenge/puzzlebot_finalchallenge/puzzlebot_gazebo_final) by extensions ['colcon_pkg']
[0.327s] Level 1:colcon.colcon_core.package_identification:_identify(/home/adrian/ros2_ws/src/Rob-tica_y_Sistemas_Inteligentes/FinalChallenge/puzzlebot_finalchallenge/puzzlebot_gazebo_final) by extension 'colcon_pkg'
[0.328s] Level 1:colcon.colcon_core.package_identification:_identify(/home/adrian/ros2_ws/src/Rob-tica_y_Sistemas_Inteligentes/FinalChallenge/puzzlebot_finalchallenge/puzzlebot_gazebo_final) by extensions ['colcon_meta']
[0.328s] Level 1:colcon.colcon_core.package_identification:_identify(/home/adrian/ros2_ws/src/Rob-tica_y_Sistemas_Inteligentes/FinalChallenge/puzzlebot_finalchallenge/puzzlebot_gazebo_final) by extension 'colcon_meta'
[0.328s] Level 1:colcon.colcon_core.package_identification:_identify(/home/adrian/ros2_ws/src/Rob-tica_y_Sistemas_Inteligentes/FinalChallenge/puzzlebot_finalchallenge/puzzlebot_gazebo_final) by extensions ['ros']
[0.328s] Level 1:colcon.colcon_core.package_identification:_identify(/home/adrian/ros2_ws/src/Rob-tica_y_Sistemas_Inteligentes/FinalChallenge/puzzlebot_finalchallenge/puzzlebot_gazebo_final) by extension 'ros'
[0.329s] DEBUG:colcon.colcon_core.package_identification:Package '/home/adrian/ros2_ws/src/Rob-tica_y_Sistemas_Inteligentes/FinalChallenge/puzzlebot_finalchallenge/puzzlebot_gazebo_final' with type 'ros.ament_python' and name 'puzzlebot_gazebo_final'
[0.329s] Level 1:colcon.colcon_core.package_discovery:discover_packages(recursive) using defaults
[0.349s] Level 1:colcon.colcon_core.package_discovery:discover_packages(prefix_path) check parameters
[0.349s] Level 1:colcon.colcon_core.package_discovery:discover_packages(prefix_path) discover
[0.351s] DEBUG:colcon.colcon_installed_package_information.package_discovery:Found 12 installed packages in /home/adrian/ros2_ws/install
[0.353s] DEBUG:colcon.colcon_installed_package_information.package_discovery:Found 328 installed packages in /opt/ros/humble
[0.354s] Level 1:colcon.colcon_core.package_discovery:discover_packages(prefix_path) using defaults
[0.401s] Level 5:colcon.colcon_core.verb:set package 'puzzlebot_description_final' build argument 'cmake_args' from command line to 'None'
[0.401s] Level 5:colcon.colcon_core.verb:set package 'puzzlebot_description_final' build argument 'cmake_target' from command line to 'None'
[0.401s] Level 5:colcon.colcon_core.verb:set package 'puzzlebot_description_final' build argument 'cmake_target_skip_unavailable' from command line to 'False'
[0.401s] Level 5:colcon.colcon_core.verb:set package 'puzzlebot_description_final' build argument 'cmake_clean_cache' from command line to 'False'
[0.401s] Level 5:colcon.colcon_core.verb:set package 'puzzlebot_description_final' build argument 'cmake_clean_first' from command line to 'False'
[0.401s] Level 5:colcon.colcon_core.verb:set package 'puzzlebot_description_final' build argument 'cmake_force_configure' from command line to 'False'
[0.401s] Level 5:colcon.colcon_core.verb:set package 'puzzlebot_description_final' build argument 'ament_cmake_args' from command line to 'None'
[0.401s] Level 5:colcon.colcon_core.verb:set package 'puzzlebot_description_final' build argument 'catkin_cmake_args' from command line to 'None'
[0.401s] Level 5:colcon.colcon_core.verb:set package 'puzzlebot_description_final' build argument 'catkin_skip_building_tests' from command line to 'False'
[0.401s] DEBUG:colcon.colcon_core.verb:Building package 'puzzlebot_description_final' with the following arguments: {'ament_cmake_args': None, 'build_base': '/home/adrian/ros2_ws/src/Rob-tica_y_Sistemas_Inteligentes/build/puzzlebot_description_final', 'catkin_cmake_args': None, 'catkin_skip_building_tests': False, 'cmake_args': None, 'cmake_clean_cache': False, 'cmake_clean_first': False, 'cmake_force_configure': False, 'cmake_target': None, 'cmake_target_skip_unavailable': False, 'install_base': '/home/adrian/ros2_ws/src/Rob-tica_y_Sistemas_Inteligentes/install/puzzlebot_description_final', 'merge_install': False, 'path': '/home/adrian/ros2_ws/src/Rob-tica_y_Sistemas_Inteligentes/FinalChallenge/puzzlebot_finalchallenge/puzzlebot_description_final', 'symlink_install': False, 'test_result_base': None}
[0.402s] Level 5:colcon.colcon_core.verb:set package 'puzzlebot_gazebo_final' build argument 'cmake_args' from command line to 'None'
[0.402s] Level 5:colcon.colcon_core.verb:set package 'puzzlebot_gazebo_final' build argument 'cmake_target' from command line to 'None'
[0.402s] Level 5:colcon.colcon_core.verb:set package 'puzzlebot_gazebo_final' build argument 'cmake_target_skip_unavailable' from command line to 'False'
[0.402s] Level 5:colcon.colcon_core.verb:set package 'puzzlebot_gazebo_final' build argument 'cmake_clean_cache' from command line to 'False'
[0.402s] Level 5:colcon.colcon_core.verb:set package 'puzzlebot_gazebo_final' build argument 'cmake_clean_first' from command line to 'False'
[0.402s] Level 5:colcon.colcon_core.verb:set package 'puzzlebot_gazebo_final' build argument 'cmake_force_configure' from command line to 'False'
[0.402s] Level 5:colcon.colcon_core.verb:set package 'puzzlebot_gazebo_final' build argument 'ament_cmake_args' from command line to 'None'
[0.402s] Level 5:colcon.colcon_core.verb:set package 'puzzlebot_gazebo_final' build argument 'catkin_cmake_args' from command line to 'None'
[0.402s] Level 5:colcon.colcon_core.verb:set package 'puzzlebot_gazebo_final' build argument 'catkin_skip_building_tests' from command line to 'False'
[0.402s] DEBUG:colcon.colcon_core.verb:Building package 'puzzlebot_gazebo_final' with the following arguments: {'ament_cmake_args': None, 'build_base': '/home/adrian/ros2_ws/src/Rob-tica_y_Sistemas_Inteligentes/build/puzzlebot_gazebo_final', 'catkin_cmake_args': None, 'catkin_skip_building_tests': False, 'cmake_args': None, 'cmake_clean_cache': False, 'cmake_clean_first': False, 'cmake_force_configure': False, 'cmake_target': None, 'cmake_target_skip_unavailable': False, 'install_base': '/home/adrian/ros2_ws/src/Rob-tica_y_Sistemas_Inteligentes/install/puzzlebot_gazebo_final', 'merge_install': False, 'path': '/home/adrian/ros2_ws/src/Rob-tica_y_Sistemas_Inteligentes/FinalChallenge/puzzlebot_finalchallenge/puzzlebot_gazebo_final', 'symlink_install': False, 'test_result_base': None}
[0.402s] INFO:colcon.colcon_core.executor:Executing jobs using 'parallel' executor
[0.403s] DEBUG:colcon.colcon_parallel_executor.executor.parallel:run_until_complete
[0.403s] INFO:colcon.colcon_ros.task.ament_python.build:Building ROS package in '/home/adrian/ros2_ws/src/Rob-tica_y_Sistemas_Inteligentes/FinalChallenge/puzzlebot_finalchallenge/puzzlebot_description_final' with build type 'ament_python'
[0.404s] Level 1:colcon.colcon_core.shell:create_environment_hook('puzzlebot_description_final', 'ament_prefix_path')
[0.406s] INFO:colcon.colcon_core.plugin_system:Skipping extension 'colcon_core.shell.bat': Not used on non-Windows systems
[0.406s] INFO:colcon.colcon_core.shell:Creating environment hook '/home/adrian/ros2_ws/src/Rob-tica_y_Sistemas_Inteligentes/install/puzzlebot_description_final/share/puzzlebot_description_final/hook/ament_prefix_path.ps1'
[0.407s] INFO:colcon.colcon_core.shell:Creating environment descriptor '/home/adrian/ros2_ws/src/Rob-tica_y_Sistemas_Inteligentes/install/puzzlebot_description_final/share/puzzlebot_description_final/hook/ament_prefix_path.dsv'
[0.407s] INFO:colcon.colcon_core.shell:Creating environment hook '/home/adrian/ros2_ws/src/Rob-tica_y_Sistemas_Inteligentes/install/puzzlebot_description_final/share/puzzlebot_description_final/hook/ament_prefix_path.sh'
[0.408s] INFO:colcon.colcon_core.shell:Skip shell extension 'powershell' for command environment: Not usable outside of PowerShell
[0.408s] DEBUG:colcon.colcon_core.shell:Skip shell extension 'dsv' for command environment
[0.412s] INFO:colcon.colcon_ros.task.ament_python.build:Building ROS package in '/home/adrian/ros2_ws/src/Rob-tica_y_Sistemas_Inteligentes/FinalChallenge/puzzlebot_finalchallenge/puzzlebot_gazebo_final' with build type 'ament_python'
[0.412s] Level 1:colcon.colcon_core.shell:create_environment_hook('puzzlebot_gazebo_final', 'ament_prefix_path')
[0.413s] INFO:colcon.colcon_core.shell:Creating environment hook '/home/adrian/ros2_ws/src/Rob-tica_y_Sistemas_Inteligentes/install/puzzlebot_gazebo_final/share/puzzlebot_gazebo_final/hook/ament_prefix_path.ps1'
[0.414s] INFO:colcon.colcon_core.shell:Creating environment descriptor '/home/adrian/ros2_ws/src/Rob-tica_y_Sistemas_Inteligentes/install/puzzlebot_gazebo_final/share/puzzlebot_gazebo_final/hook/ament_prefix_path.dsv'
[0.414s] INFO:colcon.colcon_core.shell:Creating environment hook '/home/adrian/ros2_ws/src/Rob-tica_y_Sistemas_Inteligentes/install/puzzlebot_gazebo_final/share/puzzlebot_gazebo_final/hook/ament_prefix_path.sh'
[0.415s] INFO:colcon.colcon_core.shell:Skip shell extension 'powershell' for command environment: Not usable outside of PowerShell
[0.415s] DEBUG:colcon.colcon_core.shell:Skip shell extension 'dsv' for command environment
[0.697s] INFO:colcon.colcon_core.task.python.build:Building Python package in '/home/adrian/ros2_ws/src/Rob-tica_y_Sistemas_Inteligentes/FinalChallenge/puzzlebot_finalchallenge/puzzlebot_description_final'
[0.697s] INFO:colcon.colcon_core.shell:Skip shell extension 'powershell' for command environment: Not usable outside of PowerShell
[0.697s] DEBUG:colcon.colcon_core.shell:Skip shell extension 'dsv' for command environment
[0.989s] INFO:colcon.colcon_core.task.python.build:Building Python package in '/home/adrian/ros2_ws/src/Rob-tica_y_Sistemas_Inteligentes/FinalChallenge/puzzlebot_finalchallenge/puzzlebot_gazebo_final'
[0.990s] INFO:colcon.colcon_core.shell:Skip shell extension 'powershell' for command environment: Not usable outside of PowerShell
[0.990s] DEBUG:colcon.colcon_core.shell:Skip shell extension 'dsv' for command environment
[1.415s] DEBUG:colcon.colcon_core.event_handler.log_command:Invoking command in '/home/adrian/ros2_ws/src/Rob-tica_y_Sistemas_Inteligentes/FinalChallenge/puzzlebot_finalchallenge/puzzlebot_description_final': PYTHONPATH=/home/adrian/ros2_ws/src/Rob-tica_y_Sistemas_Inteligentes/build/puzzlebot_description_final/prefix_override:/usr/lib/python3/dist-packages/colcon_core/task/python/colcon_distutils_commands:/home/adrian/ros2_ws/src/Rob-tica_y_Sistemas_Inteligentes/install/puzzlebot_description_final/lib/python3.10/site-packages:${PYTHONPATH} /usr/bin/python3 -W ignore:setup.py install is deprecated -W ignore:easy_install command is deprecated setup.py egg_info --egg-base ../../../build/puzzlebot_description_final build --build-base /home/adrian/ros2_ws/src/Rob-tica_y_Sistemas_Inteligentes/build/puzzlebot_description_final/build install --record /home/adrian/ros2_ws/src/Rob-tica_y_Sistemas_Inteligentes/build/puzzlebot_description_final/install.log --single-version-externally-managed install_data
[1.422s] DEBUG:colcon.colcon_core.event_handler.log_command:Invoking command in '/home/adrian/ros2_ws/src/Rob-tica_y_Sistemas_Inteligentes/FinalChallenge/puzzlebot_finalchallenge/puzzlebot_gazebo_final': PYTHONPATH=/home/adrian/ros2_ws/src/Rob-tica_y_Sistemas_Inteligentes/build/puzzlebot_gazebo_final/prefix_override:/usr/lib/python3/dist-packages/colcon_core/task/python/colcon_distutils_commands:/home/adrian/ros2_ws/src/Rob-tica_y_Sistemas_Inteligentes/install/puzzlebot_gazebo_final/lib/python3.10/site-packages:${PYTHONPATH} /usr/bin/python3 -W ignore:setup.py install is deprecated -W ignore:easy_install command is deprecated setup.py egg_info --egg-base ../../../build/puzzlebot_gazebo_final build --build-base /home/adrian/ros2_ws/src/Rob-tica_y_Sistemas_Inteligentes/build/puzzlebot_gazebo_final/build install --record /home/adrian/ros2_ws/src/Rob-tica_y_Sistemas_Inteligentes/build/puzzlebot_gazebo_final/install.log --single-version-externally-managed install_data
[1.861s] DEBUG:colcon.colcon_core.event_handler.log_command:Invoked command in '/home/adrian/ros2_ws/src/Rob-tica_y_Sistemas_Inteligentes/FinalChallenge/puzzlebot_finalchallenge/puzzlebot_description_final' returned '0': PYTHONPATH=/home/adrian/ros2_ws/src/Rob-tica_y_Sistemas_Inteligentes/build/puzzlebot_description_final/prefix_override:/usr/lib/python3/dist-packages/colcon_core/task/python/colcon_distutils_commands:/home/adrian/ros2_ws/src/Rob-tica_y_Sistemas_Inteligentes/install/puzzlebot_description_final/lib/python3.10/site-packages:${PYTHONPATH} /usr/bin/python3 -W ignore:setup.py install is deprecated -W ignore:easy_install command is deprecated setup.py egg_info --egg-base ../../../build/puzzlebot_description_final build --build-base /home/adrian/ros2_ws/src/Rob-tica_y_Sistemas_Inteligentes/build/puzzlebot_description_final/build install --record /home/adrian/ros2_ws/src/Rob-tica_y_Sistemas_Inteligentes/build/puzzlebot_description_final/install.log --single-version-externally-managed install_data
[1.864s] Level 1:colcon.colcon_core.environment:checking '/home/adrian/ros2_ws/src/Rob-tica_y_Sistemas_Inteligentes/install/puzzlebot_description_final' for CMake module files
[1.865s] Level 1:colcon.colcon_core.environment:checking '/home/adrian/ros2_ws/src/Rob-tica_y_Sistemas_Inteligentes/install/puzzlebot_description_final' for CMake config files
[1.866s] Level 1:colcon.colcon_core.environment:checking '/home/adrian/ros2_ws/src/Rob-tica_y_Sistemas_Inteligentes/install/puzzlebot_description_final/lib'
[1.866s] Level 1:colcon.colcon_core.environment:checking '/home/adrian/ros2_ws/src/Rob-tica_y_Sistemas_Inteligentes/install/puzzlebot_description_final/bin'
[1.867s] Level 1:colcon.colcon_core.environment:checking '/home/adrian/ros2_ws/src/Rob-tica_y_Sistemas_Inteligentes/install/puzzlebot_description_final/lib/pkgconfig/puzzlebot_description_final.pc'
[1.867s] Level 1:colcon.colcon_core.environment:checking '/home/adrian/ros2_ws/src/Rob-tica_y_Sistemas_Inteligentes/install/puzzlebot_description_final/lib/python3.10/site-packages'
[1.867s] Level 1:colcon.colcon_core.shell:create_environment_hook('puzzlebot_description_final', 'pythonpath')
[1.867s] INFO:colcon.colcon_core.shell:Creating environment hook '/home/adrian/ros2_ws/src/Rob-tica_y_Sistemas_Inteligentes/install/puzzlebot_description_final/share/puzzlebot_description_final/hook/pythonpath.ps1'
[1.869s] INFO:colcon.colcon_core.shell:Creating environment descriptor '/home/adrian/ros2_ws/src/Rob-tica_y_Sistemas_Inteligentes/install/puzzlebot_description_final/share/puzzlebot_description_final/hook/pythonpath.dsv'
[1.869s] INFO:colcon.colcon_core.shell:Creating environment hook '/home/adrian/ros2_ws/src/Rob-tica_y_Sistemas_Inteligentes/install/puzzlebot_description_final/share/puzzlebot_description_final/hook/pythonpath.sh'
[1.870s] Level 1:colcon.colcon_core.environment:checking '/home/adrian/ros2_ws/src/Rob-tica_y_Sistemas_Inteligentes/install/puzzlebot_description_final/bin'
[1.870s] Level 1:colcon.colcon_core.environment:create_environment_scripts_only(puzzlebot_description_final)
[1.870s] INFO:colcon.colcon_core.shell:Creating package script '/home/adrian/ros2_ws/src/Rob-tica_y_Sistemas_Inteligentes/install/puzzlebot_description_final/share/puzzlebot_description_final/package.ps1'
[1.872s] INFO:colcon.colcon_core.shell:Creating package descriptor '/home/adrian/ros2_ws/src/Rob-tica_y_Sistemas_Inteligentes/install/puzzlebot_description_final/share/puzzlebot_description_final/package.dsv'
[1.873s] INFO:colcon.colcon_core.shell:Creating package script '/home/adrian/ros2_ws/src/Rob-tica_y_Sistemas_Inteligentes/install/puzzlebot_description_final/share/puzzlebot_description_final/package.sh'
[1.874s] INFO:colcon.colcon_core.shell:Creating package script '/home/adrian/ros2_ws/src/Rob-tica_y_Sistemas_Inteligentes/install/puzzlebot_description_final/share/puzzlebot_description_final/package.bash'
[1.875s] INFO:colcon.colcon_core.shell:Creating package script '/home/adrian/ros2_ws/src/Rob-tica_y_Sistemas_Inteligentes/install/puzzlebot_description_final/share/puzzlebot_description_final/package.zsh'
[1.875s] Level 1:colcon.colcon_core.environment:create_file_with_runtime_dependencies(/home/adrian/ros2_ws/src/Rob-tica_y_Sistemas_Inteligentes/install/puzzlebot_description_final/share/colcon-core/packages/puzzlebot_description_final)
[2.172s] Level 1:colcon.colcon_core.environment:checking '/home/adrian/ros2_ws/src/Rob-tica_y_Sistemas_Inteligentes/install/puzzlebot_gazebo_final' for CMake module files
[2.174s] DEBUG:colcon.colcon_core.event_handler.log_command:Invoked command in '/home/adrian/ros2_ws/src/Rob-tica_y_Sistemas_Inteligentes/FinalChallenge/puzzlebot_finalchallenge/puzzlebot_gazebo_final' returned '0': PYTHONPATH=/home/adrian/ros2_ws/src/Rob-tica_y_Sistemas_Inteligentes/build/puzzlebot_gazebo_final/prefix_override:/usr/lib/python3/dist-packages/colcon_core/task/python/colcon_distutils_commands:/home/adrian/ros2_ws/src/Rob-tica_y_Sistemas_Inteligentes/install/puzzlebot_gazebo_final/lib/python3.10/site-packages:${PYTHONPATH} /usr/bin/python3 -W ignore:setup.py install is deprecated -W ignore:easy_install command is deprecated setup.py egg_info --egg-base ../../../build/puzzlebot_gazebo_final build --build-base /home/adrian/ros2_ws/src/Rob-tica_y_Sistemas_Inteligentes/build/puzzlebot_gazebo_final/build install --record /home/adrian/ros2_ws/src/Rob-tica_y_Sistemas_Inteligentes/build/puzzlebot_gazebo_final/install.log --single-version-externally-managed install_data
[2.174s] Level 1:colcon.colcon_core.environment:checking '/home/adrian/ros2_ws/src/Rob-tica_y_Sistemas_Inteligentes/install/puzzlebot_gazebo_final' for CMake config files
[2.180s] Level 1:colcon.colcon_core.environment:checking '/home/adrian/ros2_ws/src/Rob-tica_y_Sistemas_Inteligentes/install/puzzlebot_gazebo_final/lib'
[2.180s] Level 1:colcon.colcon_core.environment:checking '/home/adrian/ros2_ws/src/Rob-tica_y_Sistemas_Inteligentes/install/puzzlebot_gazebo_final/bin'
[2.180s] Level 1:colcon.colcon_core.environment:checking '/home/adrian/ros2_ws/src/Rob-tica_y_Sistemas_Inteligentes/install/puzzlebot_gazebo_final/lib/pkgconfig/puzzlebot_gazebo_final.pc'
[2.181s] Level 1:colcon.colcon_core.environment:checking '/home/adrian/ros2_ws/src/Rob-tica_y_Sistemas_Inteligentes/install/puzzlebot_gazebo_final/lib/python3.10/site-packages'
[2.181s] Level 1:colcon.colcon_core.shell:create_environment_hook('puzzlebot_gazebo_final', 'pythonpath')
[2.182s] INFO:colcon.colcon_core.shell:Creating environment hook '/home/adrian/ros2_ws/src/Rob-tica_y_Sistemas_Inteligentes/install/puzzlebot_gazebo_final/share/puzzlebot_gazebo_final/hook/pythonpath.ps1'
[2.183s] INFO:colcon.colcon_core.shell:Creating environment descriptor '/home/adrian/ros2_ws/src/Rob-tica_y_Sistemas_Inteligentes/install/puzzlebot_gazebo_final/share/puzzlebot_gazebo_final/hook/pythonpath.dsv'
[2.184s] INFO:colcon.colcon_core.shell:Creating environment hook '/home/adrian/ros2_ws/src/Rob-tica_y_Sistemas_Inteligentes/install/puzzlebot_gazebo_final/share/puzzlebot_gazebo_final/hook/pythonpath.sh'
[2.186s] Level 1:colcon.colcon_core.environment:checking '/home/adrian/ros2_ws/src/Rob-tica_y_Sistemas_Inteligentes/install/puzzlebot_gazebo_final/bin'
[2.186s] Level 1:colcon.colcon_core.environment:create_environment_scripts_only(puzzlebot_gazebo_final)
[2.187s] INFO:colcon.colcon_core.shell:Creating package script '/home/adrian/ros2_ws/src/Rob-tica_y_Sistemas_Inteligentes/install/puzzlebot_gazebo_final/share/puzzlebot_gazebo_final/package.ps1'
[2.188s] INFO:colcon.colcon_core.shell:Creating package descriptor '/home/adrian/ros2_ws/src/Rob-tica_y_Sistemas_Inteligentes/install/puzzlebot_gazebo_final/share/puzzlebot_gazebo_final/package.dsv'
[2.189s] INFO:colcon.colcon_core.shell:Creating package script '/home/adrian/ros2_ws/src/Rob-tica_y_Sistemas_Inteligentes/install/puzzlebot_gazebo_final/share/puzzlebot_gazebo_final/package.sh'
[2.189s] INFO:colcon.colcon_core.shell:Creating package script '/home/adrian/ros2_ws/src/Rob-tica_y_Sistemas_Inteligentes/install/puzzlebot_gazebo_final/share/puzzlebot_gazebo_final/package.bash'
[2.190s] INFO:colcon.colcon_core.shell:Creating package script '/home/adrian/ros2_ws/src/Rob-tica_y_Sistemas_Inteligentes/install/puzzlebot_gazebo_final/share/puzzlebot_gazebo_final/package.zsh'
[2.190s] Level 1:colcon.colcon_core.environment:create_file_with_runtime_dependencies(/home/adrian/ros2_ws/src/Rob-tica_y_Sistemas_Inteligentes/install/puzzlebot_gazebo_final/share/colcon-core/packages/puzzlebot_gazebo_final)
[2.190s] DEBUG:colcon.colcon_parallel_executor.executor.parallel:closing loop
[2.191s] DEBUG:colcon.colcon_parallel_executor.executor.parallel:loop closed
[2.191s] DEBUG:colcon.colcon_parallel_executor.executor.parallel:run_until_complete finished with '0'
[2.191s] DEBUG:colcon.colcon_core.event_reactor:joining thread
[2.196s] INFO:colcon.colcon_core.plugin_system:Skipping extension 'colcon_notification.desktop_notification.terminal_notifier': Not used on non-Darwin systems
[2.196s] INFO:colcon.colcon_core.plugin_system:Skipping extension 'colcon_notification.desktop_notification.win32': Not used on non-Windows systems
[2.196s] INFO:colcon.colcon_notification.desktop_notification:Sending desktop notification using 'notify2'
[2.212s] DEBUG:colcon.colcon_core.event_reactor:joined thread
[2.212s] INFO:colcon.colcon_core.shell:Creating prefix script '/home/adrian/ros2_ws/src/Rob-tica_y_Sistemas_Inteligentes/install/local_setup.ps1'
[2.215s] INFO:colcon.colcon_core.shell:Creating prefix util module '/home/adrian/ros2_ws/src/Rob-tica_y_Sistemas_Inteligentes/install/_local_setup_util_ps1.py'
[2.219s] INFO:colcon.colcon_core.shell:Creating prefix chain script '/home/adrian/ros2_ws/src/Rob-tica_y_Sistemas_Inteligentes/install/setup.ps1'
[2.222s] INFO:colcon.colcon_core.shell:Creating prefix script '/home/adrian/ros2_ws/src/Rob-tica_y_Sistemas_Inteligentes/install/local_setup.sh'
[2.224s] INFO:colcon.colcon_core.shell:Creating prefix util module '/home/adrian/ros2_ws/src/Rob-tica_y_Sistemas_Inteligentes/install/_local_setup_util_sh.py'
[2.226s] INFO:colcon.colcon_core.shell:Creating prefix chain script '/home/adrian/ros2_ws/src/Rob-tica_y_Sistemas_Inteligentes/install/setup.sh'
[2.230s] INFO:colcon.colcon_core.shell:Creating prefix script '/home/adrian/ros2_ws/src/Rob-tica_y_Sistemas_Inteligentes/install/local_setup.bash'
[2.232s] INFO:colcon.colcon_core.shell:Creating prefix chain script '/home/adrian/ros2_ws/src/Rob-tica_y_Sistemas_Inteligentes/install/setup.bash'
[2.234s] INFO:colcon.colcon_core.shell:Creating prefix script '/home/adrian/ros2_ws/src/Rob-tica_y_Sistemas_Inteligentes/install/local_setup.zsh'
[2.235s] INFO:colcon.colcon_core.shell:Creating prefix chain script '/home/adrian/ros2_ws/src/Rob-tica_y_Sistemas_Inteligentes/install/setup.zsh'
