[1.021s] Invoking command in '/home/adrian/ros2_ws/src/Rob-tica_y_Sistemas_Inteligentes/FinalChallenge/puzzlebot_finalchallenge/puzzlebot_description_final': PYTHONPATH=/home/adrian/ros2_ws/src/Rob-tica_y_Sistemas_Inteligentes/build/puzzlebot_description_final/prefix_override:/usr/lib/python3/dist-packages/colcon_core/task/python/colcon_distutils_commands:/home/adrian/ros2_ws/src/Rob-tica_y_Sistemas_Inteligentes/install/puzzlebot_description_final/lib/python3.10/site-packages:${PYTHONPATH} /usr/bin/python3 -W ignore:setup.py install is deprecated -W ignore:easy_install command is deprecated setup.py egg_info --egg-base ../../../build/puzzlebot_description_final build --build-base /home/adrian/ros2_ws/src/Rob-tica_y_Sistemas_Inteligentes/build/puzzlebot_description_final/build install --record /home/adrian/ros2_ws/src/Rob-tica_y_Sistemas_Inteligentes/build/puzzlebot_description_final/install.log --single-version-externally-managed install_data
[1.414s] running egg_info
[1.416s] writing ../../../build/puzzlebot_description_final/puzzlebot_description_final.egg-info/PKG-INFO
[1.416s] writing dependency_links to ../../../build/puzzlebot_description_final/puzzlebot_description_final.egg-info/dependency_links.txt
[1.416s] writing entry points to ../../../build/puzzlebot_description_final/puzzlebot_description_final.egg-info/entry_points.txt
[1.416s] writing requirements to ../../../build/puzzlebot_description_final/puzzlebot_description_final.egg-info/requires.txt
[1.417s] writing top-level names to ../../../build/puzzlebot_description_final/puzzlebot_description_final.egg-info/top_level.txt
[1.420s] reading manifest file '../../../build/puzzlebot_description_final/puzzlebot_description_final.egg-info/SOURCES.txt'
[1.420s] adding license file 'LICENSE'
[1.422s] writing manifest file '../../../build/puzzlebot_description_final/puzzlebot_description_final.egg-info/SOURCES.txt'
[1.422s] running build
[1.422s] running build_py
[1.422s] copying puzzlebot_description_final/localization.py -> /home/adrian/ros2_ws/src/Rob-tica_y_Sistemas_Inteligentes/build/puzzlebot_description_final/build/lib/puzzlebot_description_final
[1.423s] running install
[1.424s] running install_lib
[1.425s] copying /home/adrian/ros2_ws/src/Rob-tica_y_Sistemas_Inteligentes/build/puzzlebot_description_final/build/lib/puzzlebot_description_final/localization.py -> /home/adrian/ros2_ws/src/Rob-tica_y_Sistemas_Inteligentes/install/puzzlebot_description_final/lib/python3.10/site-packages/puzzlebot_description_final
[1.426s] byte-compiling /home/adrian/ros2_ws/src/Rob-tica_y_Sistemas_Inteligentes/install/puzzlebot_description_final/lib/python3.10/site-packages/puzzlebot_description_final/localization.py to localization.cpython-310.pyc
[1.433s] running install_data
[1.433s] copying launch/gazebo_square_no_obstacules.launch.py -> /home/adrian/ros2_ws/src/Rob-tica_y_Sistemas_Inteligentes/install/puzzlebot_description_final/share/puzzlebot_description_final/launch
[1.433s] copying launch/gazebo_route_no_obstacules.launch.py -> /home/adrian/ros2_ws/src/Rob-tica_y_Sistemas_Inteligentes/install/puzzlebot_description_final/share/puzzlebot_description_final/launch
[1.435s] running install_egg_info
[1.437s] removing '/home/adrian/ros2_ws/src/Rob-tica_y_Sistemas_Inteligentes/install/puzzlebot_description_final/lib/python3.10/site-packages/puzzlebot_description_final-0.0.0-py3.10.egg-info' (and everything under it)
[1.438s] Copying ../../../build/puzzlebot_description_final/puzzlebot_description_final.egg-info to /home/adrian/ros2_ws/src/Rob-tica_y_Sistemas_Inteligentes/install/puzzlebot_description_final/lib/python3.10/site-packages/puzzlebot_description_final-0.0.0-py3.10.egg-info
[1.440s] running install_scripts
[1.469s] Installing drive_in_plane script to /home/adrian/ros2_ws/src/Rob-tica_y_Sistemas_Inteligentes/install/puzzlebot_description_final/lib/puzzlebot_description_final
[1.470s] Installing gazebo_aruco_detector script to /home/adrian/ros2_ws/src/Rob-tica_y_Sistemas_Inteligentes/install/puzzlebot_description_final/lib/puzzlebot_description_final
[1.470s] Installing joint_state_publisher script to /home/adrian/ros2_ws/src/Rob-tica_y_Sistemas_Inteligentes/install/puzzlebot_description_final/lib/puzzlebot_description_final
[1.470s] Installing kinematic_simulator script to /home/adrian/ros2_ws/src/Rob-tica_y_Sistemas_Inteligentes/install/puzzlebot_description_final/lib/puzzlebot_description_final
[1.470s] Installing localization script to /home/adrian/ros2_ws/src/Rob-tica_y_Sistemas_Inteligentes/install/puzzlebot_description_final/lib/puzzlebot_description_final
[1.470s] Installing obstacle_avoidance script to /home/adrian/ros2_ws/src/Rob-tica_y_Sistemas_Inteligentes/install/puzzlebot_description_final/lib/puzzlebot_description_final
[1.471s] Installing obstacle_avoidance_bug2 script to /home/adrian/ros2_ws/src/Rob-tica_y_Sistemas_Inteligentes/install/puzzlebot_description_final/lib/puzzlebot_description_final
[1.471s] Installing point_stabilizer script to /home/adrian/ros2_ws/src/Rob-tica_y_Sistemas_Inteligentes/install/puzzlebot_description_final/lib/puzzlebot_description_final
[1.471s] Installing point_tracker script to /home/adrian/ros2_ws/src/Rob-tica_y_Sistemas_Inteligentes/install/puzzlebot_description_final/lib/puzzlebot_description_final
[1.471s] Installing setpoint_generator script to /home/adrian/ros2_ws/src/Rob-tica_y_Sistemas_Inteligentes/install/puzzlebot_description_final/lib/puzzlebot_description_final
[1.471s] Installing simulated_landmarks script to /home/adrian/ros2_ws/src/Rob-tica_y_Sistemas_Inteligentes/install/puzzlebot_description_final/lib/puzzlebot_description_final
[1.472s] writing list of installed files to '/home/adrian/ros2_ws/src/Rob-tica_y_Sistemas_Inteligentes/build/puzzlebot_description_final/install.log'
[1.514s] Invoked command in '/home/adrian/ros2_ws/src/Rob-tica_y_Sistemas_Inteligentes/FinalChallenge/puzzlebot_finalchallenge/puzzlebot_description_final' returned '0': PYTHONPATH=/home/adrian/ros2_ws/src/Rob-tica_y_Sistemas_Inteligentes/build/puzzlebot_description_final/prefix_override:/usr/lib/python3/dist-packages/colcon_core/task/python/colcon_distutils_commands:/home/adrian/ros2_ws/src/Rob-tica_y_Sistemas_Inteligentes/install/puzzlebot_description_final/lib/python3.10/site-packages:${PYTHONPATH} /usr/bin/python3 -W ignore:setup.py install is deprecated -W ignore:easy_install command is deprecated setup.py egg_info --egg-base ../../../build/puzzlebot_description_final build --build-base /home/adrian/ros2_ws/src/Rob-tica_y_Sistemas_Inteligentes/build/puzzlebot_description_final/build install --record /home/adrian/ros2_ws/src/Rob-tica_y_Sistemas_Inteligentes/build/puzzlebot_description_final/install.log --single-version-externally-managed install_data
