/home/adrian/ros2_ws/src/Rob-tica_y_Sistemas_Inteligentes/install/puzzlebot_description_final/lib/python3.10/site-packages/puzzlebot_description_final/localization.py
/home/adrian/ros2_ws/src/Rob-tica_y_Sistemas_Inteligentes/install/puzzlebot_description_final/lib/python3.10/site-packages/puzzlebot_description_final/drive_in_plane.py
/home/adrian/ros2_ws/src/Rob-tica_y_Sistemas_Inteligentes/install/puzzlebot_description_final/lib/python3.10/site-packages/puzzlebot_description_final/simulated_landmarks.py
/home/adrian/ros2_ws/src/Rob-tica_y_Sistemas_Inteligentes/install/puzzlebot_description_final/lib/python3.10/site-packages/puzzlebot_description_final/__init__.py
/home/adrian/ros2_ws/src/Rob-tica_y_Sistemas_Inteligentes/install/puzzlebot_description_final/lib/python3.10/site-packages/puzzlebot_description_final/setpoint_generator.py
/home/adrian/ros2_ws/src/Rob-tica_y_Sistemas_Inteligentes/install/puzzlebot_description_final/lib/python3.10/site-packages/puzzlebot_description_final/kinematic_simulator.py
/home/adrian/ros2_ws/src/Rob-tica_y_Sistemas_Inteligentes/install/puzzlebot_description_final/lib/python3.10/site-packages/puzzlebot_description_final/obstacle_avoidance_bug2.py
/home/adrian/ros2_ws/src/Rob-tica_y_Sistemas_Inteligentes/install/puzzlebot_description_final/lib/python3.10/site-packages/puzzlebot_description_final/point_stabilizer.py
/home/adrian/ros2_ws/src/Rob-tica_y_Sistemas_Inteligentes/install/puzzlebot_description_final/lib/python3.10/site-packages/puzzlebot_description_final/obstacle_avoidancebug2.py
/home/adrian/ros2_ws/src/Rob-tica_y_Sistemas_Inteligentes/install/puzzlebot_description_final/lib/python3.10/site-packages/puzzlebot_description_final/joint_state_publisher.py
/home/adrian/ros2_ws/src/Rob-tica_y_Sistemas_Inteligentes/install/puzzlebot_description_final/lib/python3.10/site-packages/puzzlebot_description_final/obstacle_avoidance.py
/home/adrian/ros2_ws/src/Rob-tica_y_Sistemas_Inteligentes/install/puzzlebot_description_final/lib/python3.10/site-packages/puzzlebot_description_final/gazebo_aruco_detector.py
/home/adrian/ros2_ws/src/Rob-tica_y_Sistemas_Inteligentes/install/puzzlebot_description_final/lib/python3.10/site-packages/puzzlebot_description_final/__pycache__/localization.cpython-310.pyc
/home/adrian/ros2_ws/src/Rob-tica_y_Sistemas_Inteligentes/install/puzzlebot_description_final/lib/python3.10/site-packages/puzzlebot_description_final/__pycache__/drive_in_plane.cpython-310.pyc
/home/adrian/ros2_ws/src/Rob-tica_y_Sistemas_Inteligentes/install/puzzlebot_description_final/lib/python3.10/site-packages/puzzlebot_description_final/__pycache__/simulated_landmarks.cpython-310.pyc
/home/adrian/ros2_ws/src/Rob-tica_y_Sistemas_Inteligentes/install/puzzlebot_description_final/lib/python3.10/site-packages/puzzlebot_description_final/__pycache__/__init__.cpython-310.pyc
/home/adrian/ros2_ws/src/Rob-tica_y_Sistemas_Inteligentes/install/puzzlebot_description_final/lib/python3.10/site-packages/puzzlebot_description_final/__pycache__/setpoint_generator.cpython-310.pyc
/home/adrian/ros2_ws/src/Rob-tica_y_Sistemas_Inteligentes/install/puzzlebot_description_final/lib/python3.10/site-packages/puzzlebot_description_final/__pycache__/kinematic_simulator.cpython-310.pyc
/home/adrian/ros2_ws/src/Rob-tica_y_Sistemas_Inteligentes/install/puzzlebot_description_final/lib/python3.10/site-packages/puzzlebot_description_final/__pycache__/obstacle_avoidance_bug2.cpython-310.pyc
/home/adrian/ros2_ws/src/Rob-tica_y_Sistemas_Inteligentes/install/puzzlebot_description_final/lib/python3.10/site-packages/puzzlebot_description_final/__pycache__/point_stabilizer.cpython-310.pyc
/home/adrian/ros2_ws/src/Rob-tica_y_Sistemas_Inteligentes/install/puzzlebot_description_final/lib/python3.10/site-packages/puzzlebot_description_final/__pycache__/obstacle_avoidancebug2.cpython-310.pyc
/home/adrian/ros2_ws/src/Rob-tica_y_Sistemas_Inteligentes/install/puzzlebot_description_final/lib/python3.10/site-packages/puzzlebot_description_final/__pycache__/joint_state_publisher.cpython-310.pyc
/home/adrian/ros2_ws/src/Rob-tica_y_Sistemas_Inteligentes/install/puzzlebot_description_final/lib/python3.10/site-packages/puzzlebot_description_final/__pycache__/obstacle_avoidance.cpython-310.pyc
/home/adrian/ros2_ws/src/Rob-tica_y_Sistemas_Inteligentes/install/puzzlebot_description_final/lib/python3.10/site-packages/puzzlebot_description_final/__pycache__/gazebo_aruco_detector.cpython-310.pyc
/home/adrian/ros2_ws/src/Rob-tica_y_Sistemas_Inteligentes/install/puzzlebot_description_final/share/ament_index/resource_index/packages/puzzlebot_description_final
/home/adrian/ros2_ws/src/Rob-tica_y_Sistemas_Inteligentes/install/puzzlebot_description_final/share/puzzlebot_description_final/package.xml
/home/adrian/ros2_ws/src/Rob-tica_y_Sistemas_Inteligentes/install/puzzlebot_description_final/share/puzzlebot_description_final/launch/robot_state_publisher_launch.py
/home/adrian/ros2_ws/src/Rob-tica_y_Sistemas_Inteligentes/install/puzzlebot_description_final/share/puzzlebot_description_final/launch/gazebo_square_no_obstacules.launch.py
/home/adrian/ros2_ws/src/Rob-tica_y_Sistemas_Inteligentes/install/puzzlebot_description_final/share/puzzlebot_description_final/launch/gazebo_route_no_obstacules.launch.py
/home/adrian/ros2_ws/src/Rob-tica_y_Sistemas_Inteligentes/install/puzzlebot_description_final/share/puzzlebot_description_final/launch/rviz_view_launch.py
/home/adrian/ros2_ws/src/Rob-tica_y_Sistemas_Inteligentes/install/puzzlebot_description_final/share/puzzlebot_description_final/config
/home/adrian/ros2_ws/src/Rob-tica_y_Sistemas_Inteligentes/install/puzzlebot_description_final/share/puzzlebot_description_final/rviz/puzzlebot_desc.rviz
/home/adrian/ros2_ws/src/Rob-tica_y_Sistemas_Inteligentes/install/puzzlebot_description_final/share/puzzlebot_description_final/urdf/mcr2_control/gazebo_control.xacro
/home/adrian/ros2_ws/src/Rob-tica_y_Sistemas_Inteligentes/install/puzzlebot_description_final/share/puzzlebot_description_final/urdf/mcr2_misc/materials.xacro
/home/adrian/ros2_ws/src/Rob-tica_y_Sistemas_Inteligentes/install/puzzlebot_description_final/share/puzzlebot_description_final/urdf/mcr2_misc/macros.xacro
/home/adrian/ros2_ws/src/Rob-tica_y_Sistemas_Inteligentes/install/puzzlebot_description_final/share/puzzlebot_description_final/urdf/mcr2_sensors/laser_camera_bracket.xacro
/home/adrian/ros2_ws/src/Rob-tica_y_Sistemas_Inteligentes/install/puzzlebot_description_final/share/puzzlebot_description_final/urdf/mcr2_sensors/lidar.xacro
/home/adrian/ros2_ws/src/Rob-tica_y_Sistemas_Inteligentes/install/puzzlebot_description_final/share/puzzlebot_description_final/urdf/mcr2_robots/puzzlebot_hacker_ed.xacro
/home/adrian/ros2_ws/src/Rob-tica_y_Sistemas_Inteligentes/install/puzzlebot_description_final/share/puzzlebot_description_final/urdf/mcr2_robots/puzzlebot_jetson_ed.xacro
/home/adrian/ros2_ws/src/Rob-tica_y_Sistemas_Inteligentes/install/puzzlebot_description_final/share/puzzlebot_description_final/urdf/mcr2_robots/puzzlebot_jetson_lidar_ed.xacro
/home/adrian/ros2_ws/src/Rob-tica_y_Sistemas_Inteligentes/install/puzzlebot_description_final/share/puzzlebot_description_final/urdf/mcr2_robots/jetson_lidar_ed/parameters_jetson_lidar_ed.xacro
/home/adrian/ros2_ws/src/Rob-tica_y_Sistemas_Inteligentes/install/puzzlebot_description_final/share/puzzlebot_description_final/urdf/mcr2_robots/hacker_ed/parameters_hacker_ed.xacro
/home/adrian/ros2_ws/src/Rob-tica_y_Sistemas_Inteligentes/install/puzzlebot_description_final/share/puzzlebot_description_final/urdf/mcr2_robots/jetson_ed/parameters_jetson_ed.xacro
/home/adrian/ros2_ws/src/Rob-tica_y_Sistemas_Inteligentes/install/puzzlebot_description_final/share/puzzlebot_description_final/urdf/mcr2_mechanical/puzzlebot_jetson_lidar_base.urdf.xacro
/home/adrian/ros2_ws/src/Rob-tica_y_Sistemas_Inteligentes/install/puzzlebot_description_final/share/puzzlebot_description_final/urdf/mcr2_mechanical/puzzlebot_jetson_base.urdf.xacro
/home/adrian/ros2_ws/src/Rob-tica_y_Sistemas_Inteligentes/install/puzzlebot_description_final/share/puzzlebot_description_final/urdf/mcr2_mechanical/puzzlebot_hacker_base.urdf.xacro
/home/adrian/ros2_ws/src/Rob-tica_y_Sistemas_Inteligentes/install/puzzlebot_description_final/share/puzzlebot_description_final/meshes/sensors/Laser_Camera_Bracket.stl
/home/adrian/ros2_ws/src/Rob-tica_y_Sistemas_Inteligentes/install/puzzlebot_description_final/share/puzzlebot_description_final/meshes/sensors/RPLidar.stl
/home/adrian/ros2_ws/src/Rob-tica_y_Sistemas_Inteligentes/install/puzzlebot_description_final/share/puzzlebot_description_final/meshes/misc/NVIDIA_Jetson.stl
/home/adrian/ros2_ws/src/Rob-tica_y_Sistemas_Inteligentes/install/puzzlebot_description_final/share/puzzlebot_description_final/meshes/misc/DC_Motor.stl
/home/adrian/ros2_ws/src/Rob-tica_y_Sistemas_Inteligentes/install/puzzlebot_description_final/share/puzzlebot_description_final/meshes/wheels/Puzzlebot_Caster_Wheel.stl
/home/adrian/ros2_ws/src/Rob-tica_y_Sistemas_Inteligentes/install/puzzlebot_description_final/share/puzzlebot_description_final/meshes/wheels/Puzzlebot_Wheel.stl
/home/adrian/ros2_ws/src/Rob-tica_y_Sistemas_Inteligentes/install/puzzlebot_description_final/share/puzzlebot_description_final/meshes/bases/Puzzlebot_Jetson_Lidar_Edition_Base.stl
/home/adrian/ros2_ws/src/Rob-tica_y_Sistemas_Inteligentes/install/puzzlebot_description_final/share/puzzlebot_description_final/meshes/bases/Puzzlebot_Hacker_Editon_Base.stl
/home/adrian/ros2_ws/src/Rob-tica_y_Sistemas_Inteligentes/install/puzzlebot_description_final/lib/python3.10/site-packages/puzzlebot_description_final-0.0.0-py3.10.egg-info/entry_points.txt
/home/adrian/ros2_ws/src/Rob-tica_y_Sistemas_Inteligentes/install/puzzlebot_description_final/lib/python3.10/site-packages/puzzlebot_description_final-0.0.0-py3.10.egg-info/dependency_links.txt
/home/adrian/ros2_ws/src/Rob-tica_y_Sistemas_Inteligentes/install/puzzlebot_description_final/lib/python3.10/site-packages/puzzlebot_description_final-0.0.0-py3.10.egg-info/top_level.txt
/home/adrian/ros2_ws/src/Rob-tica_y_Sistemas_Inteligentes/install/puzzlebot_description_final/lib/python3.10/site-packages/puzzlebot_description_final-0.0.0-py3.10.egg-info/SOURCES.txt
/home/adrian/ros2_ws/src/Rob-tica_y_Sistemas_Inteligentes/install/puzzlebot_description_final/lib/python3.10/site-packages/puzzlebot_description_final-0.0.0-py3.10.egg-info/zip-safe
/home/adrian/ros2_ws/src/Rob-tica_y_Sistemas_Inteligentes/install/puzzlebot_description_final/lib/python3.10/site-packages/puzzlebot_description_final-0.0.0-py3.10.egg-info/PKG-INFO
/home/adrian/ros2_ws/src/Rob-tica_y_Sistemas_Inteligentes/install/puzzlebot_description_final/lib/python3.10/site-packages/puzzlebot_description_final-0.0.0-py3.10.egg-info/requires.txt
/home/adrian/ros2_ws/src/Rob-tica_y_Sistemas_Inteligentes/install/puzzlebot_description_final/lib/puzzlebot_description_final/drive_in_plane
/home/adrian/ros2_ws/src/Rob-tica_y_Sistemas_Inteligentes/install/puzzlebot_description_final/lib/puzzlebot_description_final/gazebo_aruco_detector
/home/adrian/ros2_ws/src/Rob-tica_y_Sistemas_Inteligentes/install/puzzlebot_description_final/lib/puzzlebot_description_final/joint_state_publisher
/home/adrian/ros2_ws/src/Rob-tica_y_Sistemas_Inteligentes/install/puzzlebot_description_final/lib/puzzlebot_description_final/kinematic_simulator
/home/adrian/ros2_ws/src/Rob-tica_y_Sistemas_Inteligentes/install/puzzlebot_description_final/lib/puzzlebot_description_final/localization
/home/adrian/ros2_ws/src/Rob-tica_y_Sistemas_Inteligentes/install/puzzlebot_description_final/lib/puzzlebot_description_final/obstacle_avoidance
/home/adrian/ros2_ws/src/Rob-tica_y_Sistemas_Inteligentes/install/puzzlebot_description_final/lib/puzzlebot_description_final/obstacle_avoidance_bug2
/home/adrian/ros2_ws/src/Rob-tica_y_Sistemas_Inteligentes/install/puzzlebot_description_final/lib/puzzlebot_description_final/point_stabilizer
/home/adrian/ros2_ws/src/Rob-tica_y_Sistemas_Inteligentes/install/puzzlebot_description_final/lib/puzzlebot_description_final/point_tracker
/home/adrian/ros2_ws/src/Rob-tica_y_Sistemas_Inteligentes/install/puzzlebot_description_final/lib/puzzlebot_description_final/setpoint_generator
/home/adrian/ros2_ws/src/Rob-tica_y_Sistemas_Inteligentes/install/puzzlebot_description_final/lib/puzzlebot_description_final/simulated_landmarks
