running egg_info
creating ../../../build/puzzlebot_description_final/puzzlebot_description_final.egg-info
writing ../../../build/puzzlebot_description_final/puzzlebot_description_final.egg-info/PKG-INFO
writing dependency_links to ../../../build/puzzlebot_description_final/puzzlebot_description_final.egg-info/dependency_links.txt
writing entry points to ../../../build/puzzlebot_description_final/puzzlebot_description_final.egg-info/entry_points.txt
writing requirements to ../../../build/puzzlebot_description_final/puzzlebot_description_final.egg-info/requires.txt
writing top-level names to ../../../build/puzzlebot_description_final/puzzlebot_description_final.egg-info/top_level.txt
writing manifest file '../../../build/puzzlebot_description_final/puzzlebot_description_final.egg-info/SOURCES.txt'
reading manifest file '../../../build/puzzlebot_description_final/puzzlebot_description_final.egg-info/SOURCES.txt'
adding license file 'LICENSE'
writing manifest file '../../../build/puzzlebot_description_final/puzzlebot_description_final.egg-info/SOURCES.txt'
running build
running build_py
creating /home/adrian/ros2_ws/src/Rob-tica_y_Sistemas_Inteligentes/build/puzzlebot_description_final/build
creating /home/adrian/ros2_ws/src/Rob-tica_y_Sistemas_Inteligentes/build/puzzlebot_description_final/build/lib
creating /home/adrian/ros2_ws/src/Rob-tica_y_Sistemas_Inteligentes/build/puzzlebot_description_final/build/lib/puzzlebot_description_final
copying puzzlebot_description_final/localization.py -> /home/adrian/ros2_ws/src/Rob-tica_y_Sistemas_Inteligentes/build/puzzlebot_description_final/build/lib/puzzlebot_description_final
copying puzzlebot_description_final/drive_in_plane.py -> /home/adrian/ros2_ws/src/Rob-tica_y_Sistemas_Inteligentes/build/puzzlebot_description_final/build/lib/puzzlebot_description_final
copying puzzlebot_description_final/simulated_landmarks.py -> /home/adrian/ros2_ws/src/Rob-tica_y_Sistemas_Inteligentes/build/puzzlebot_description_final/build/lib/puzzlebot_description_final
copying puzzlebot_description_final/__init__.py -> /home/adrian/ros2_ws/src/Rob-tica_y_Sistemas_Inteligentes/build/puzzlebot_description_final/build/lib/puzzlebot_description_final
copying puzzlebot_description_final/setpoint_generator.py -> /home/adrian/ros2_ws/src/Rob-tica_y_Sistemas_Inteligentes/build/puzzlebot_description_final/build/lib/puzzlebot_description_final
copying puzzlebot_description_final/kinematic_simulator.py -> /home/adrian/ros2_ws/src/Rob-tica_y_Sistemas_Inteligentes/build/puzzlebot_description_final/build/lib/puzzlebot_description_final
copying puzzlebot_description_final/obstacle_avoidance_bug2.py -> /home/adrian/ros2_ws/src/Rob-tica_y_Sistemas_Inteligentes/build/puzzlebot_description_final/build/lib/puzzlebot_description_final
copying puzzlebot_description_final/point_stabilizer.py -> /home/adrian/ros2_ws/src/Rob-tica_y_Sistemas_Inteligentes/build/puzzlebot_description_final/build/lib/puzzlebot_description_final
copying puzzlebot_description_final/obstacle_avoidancebug2.py -> /home/adrian/ros2_ws/src/Rob-tica_y_Sistemas_Inteligentes/build/puzzlebot_description_final/build/lib/puzzlebot_description_final
copying puzzlebot_description_final/joint_state_publisher.py -> /home/adrian/ros2_ws/src/Rob-tica_y_Sistemas_Inteligentes/build/puzzlebot_description_final/build/lib/puzzlebot_description_final
copying puzzlebot_description_final/obstacle_avoidance.py -> /home/adrian/ros2_ws/src/Rob-tica_y_Sistemas_Inteligentes/build/puzzlebot_description_final/build/lib/puzzlebot_description_final
copying puzzlebot_description_final/gazebo_aruco_detector.py -> /home/adrian/ros2_ws/src/Rob-tica_y_Sistemas_Inteligentes/build/puzzlebot_description_final/build/lib/puzzlebot_description_final
running install
running install_lib
creating /home/adrian/ros2_ws/src/Rob-tica_y_Sistemas_Inteligentes/install/puzzlebot_description_final/lib/python3.10/site-packages/puzzlebot_description_final
copying /home/adrian/ros2_ws/src/Rob-tica_y_Sistemas_Inteligentes/build/puzzlebot_description_final/build/lib/puzzlebot_description_final/localization.py -> /home/adrian/ros2_ws/src/Rob-tica_y_Sistemas_Inteligentes/install/puzzlebot_description_final/lib/python3.10/site-packages/puzzlebot_description_final
copying /home/adrian/ros2_ws/src/Rob-tica_y_Sistemas_Inteligentes/build/puzzlebot_description_final/build/lib/puzzlebot_description_final/drive_in_plane.py -> /home/adrian/ros2_ws/src/Rob-tica_y_Sistemas_Inteligentes/install/puzzlebot_description_final/lib/python3.10/site-packages/puzzlebot_description_final
copying /home/adrian/ros2_ws/src/Rob-tica_y_Sistemas_Inteligentes/build/puzzlebot_description_final/build/lib/puzzlebot_description_final/simulated_landmarks.py -> /home/adrian/ros2_ws/src/Rob-tica_y_Sistemas_Inteligentes/install/puzzlebot_description_final/lib/python3.10/site-packages/puzzlebot_description_final
copying /home/adrian/ros2_ws/src/Rob-tica_y_Sistemas_Inteligentes/build/puzzlebot_description_final/build/lib/puzzlebot_description_final/__init__.py -> /home/adrian/ros2_ws/src/Rob-tica_y_Sistemas_Inteligentes/install/puzzlebot_description_final/lib/python3.10/site-packages/puzzlebot_description_final
copying /home/adrian/ros2_ws/src/Rob-tica_y_Sistemas_Inteligentes/build/puzzlebot_description_final/build/lib/puzzlebot_description_final/setpoint_generator.py -> /home/adrian/ros2_ws/src/Rob-tica_y_Sistemas_Inteligentes/install/puzzlebot_description_final/lib/python3.10/site-packages/puzzlebot_description_final
copying /home/adrian/ros2_ws/src/Rob-tica_y_Sistemas_Inteligentes/build/puzzlebot_description_final/build/lib/puzzlebot_description_final/kinematic_simulator.py -> /home/adrian/ros2_ws/src/Rob-tica_y_Sistemas_Inteligentes/install/puzzlebot_description_final/lib/python3.10/site-packages/puzzlebot_description_final
copying /home/adrian/ros2_ws/src/Rob-tica_y_Sistemas_Inteligentes/build/puzzlebot_description_final/build/lib/puzzlebot_description_final/obstacle_avoidance_bug2.py -> /home/adrian/ros2_ws/src/Rob-tica_y_Sistemas_Inteligentes/install/puzzlebot_description_final/lib/python3.10/site-packages/puzzlebot_description_final
copying /home/adrian/ros2_ws/src/Rob-tica_y_Sistemas_Inteligentes/build/puzzlebot_description_final/build/lib/puzzlebot_description_final/point_stabilizer.py -> /home/adrian/ros2_ws/src/Rob-tica_y_Sistemas_Inteligentes/install/puzzlebot_description_final/lib/python3.10/site-packages/puzzlebot_description_final
copying /home/adrian/ros2_ws/src/Rob-tica_y_Sistemas_Inteligentes/build/puzzlebot_description_final/build/lib/puzzlebot_description_final/obstacle_avoidancebug2.py -> /home/adrian/ros2_ws/src/Rob-tica_y_Sistemas_Inteligentes/install/puzzlebot_description_final/lib/python3.10/site-packages/puzzlebot_description_final
copying /home/adrian/ros2_ws/src/Rob-tica_y_Sistemas_Inteligentes/build/puzzlebot_description_final/build/lib/puzzlebot_description_final/joint_state_publisher.py -> /home/adrian/ros2_ws/src/Rob-tica_y_Sistemas_Inteligentes/install/puzzlebot_description_final/lib/python3.10/site-packages/puzzlebot_description_final
copying /home/adrian/ros2_ws/src/Rob-tica_y_Sistemas_Inteligentes/build/puzzlebot_description_final/build/lib/puzzlebot_description_final/obstacle_avoidance.py -> /home/adrian/ros2_ws/src/Rob-tica_y_Sistemas_Inteligentes/install/puzzlebot_description_final/lib/python3.10/site-packages/puzzlebot_description_final
copying /home/adrian/ros2_ws/src/Rob-tica_y_Sistemas_Inteligentes/build/puzzlebot_description_final/build/lib/puzzlebot_description_final/gazebo_aruco_detector.py -> /home/adrian/ros2_ws/src/Rob-tica_y_Sistemas_Inteligentes/install/puzzlebot_description_final/lib/python3.10/site-packages/puzzlebot_description_final
byte-compiling /home/adrian/ros2_ws/src/Rob-tica_y_Sistemas_Inteligentes/install/puzzlebot_description_final/lib/python3.10/site-packages/puzzlebot_description_final/localization.py to localization.cpython-310.pyc
byte-compiling /home/adrian/ros2_ws/src/Rob-tica_y_Sistemas_Inteligentes/install/puzzlebot_description_final/lib/python3.10/site-packages/puzzlebot_description_final/drive_in_plane.py to drive_in_plane.cpython-310.pyc
byte-compiling /home/adrian/ros2_ws/src/Rob-tica_y_Sistemas_Inteligentes/install/puzzlebot_description_final/lib/python3.10/site-packages/puzzlebot_description_final/simulated_landmarks.py to simulated_landmarks.cpython-310.pyc
byte-compiling /home/adrian/ros2_ws/src/Rob-tica_y_Sistemas_Inteligentes/install/puzzlebot_description_final/lib/python3.10/site-packages/puzzlebot_description_final/__init__.py to __init__.cpython-310.pyc
byte-compiling /home/adrian/ros2_ws/src/Rob-tica_y_Sistemas_Inteligentes/install/puzzlebot_description_final/lib/python3.10/site-packages/puzzlebot_description_final/setpoint_generator.py to setpoint_generator.cpython-310.pyc
byte-compiling /home/adrian/ros2_ws/src/Rob-tica_y_Sistemas_Inteligentes/install/puzzlebot_description_final/lib/python3.10/site-packages/puzzlebot_description_final/kinematic_simulator.py to kinematic_simulator.cpython-310.pyc
byte-compiling /home/adrian/ros2_ws/src/Rob-tica_y_Sistemas_Inteligentes/install/puzzlebot_description_final/lib/python3.10/site-packages/puzzlebot_description_final/obstacle_avoidance_bug2.py to obstacle_avoidance_bug2.cpython-310.pyc
byte-compiling /home/adrian/ros2_ws/src/Rob-tica_y_Sistemas_Inteligentes/install/puzzlebot_description_final/lib/python3.10/site-packages/puzzlebot_description_final/point_stabilizer.py to point_stabilizer.cpython-310.pyc
byte-compiling /home/adrian/ros2_ws/src/Rob-tica_y_Sistemas_Inteligentes/install/puzzlebot_description_final/lib/python3.10/site-packages/puzzlebot_description_final/obstacle_avoidancebug2.py to obstacle_avoidancebug2.cpython-310.pyc
byte-compiling /home/adrian/ros2_ws/src/Rob-tica_y_Sistemas_Inteligentes/install/puzzlebot_description_final/lib/python3.10/site-packages/puzzlebot_description_final/joint_state_publisher.py to joint_state_publisher.cpython-310.pyc
byte-compiling /home/adrian/ros2_ws/src/Rob-tica_y_Sistemas_Inteligentes/install/puzzlebot_description_final/lib/python3.10/site-packages/puzzlebot_description_final/obstacle_avoidance.py to obstacle_avoidance.cpython-310.pyc
byte-compiling /home/adrian/ros2_ws/src/Rob-tica_y_Sistemas_Inteligentes/install/puzzlebot_description_final/lib/python3.10/site-packages/puzzlebot_description_final/gazebo_aruco_detector.py to gazebo_aruco_detector.cpython-310.pyc
running install_data
creating /home/adrian/ros2_ws/src/Rob-tica_y_Sistemas_Inteligentes/install/puzzlebot_description_final/share/ament_index
creating /home/adrian/ros2_ws/src/Rob-tica_y_Sistemas_Inteligentes/install/puzzlebot_description_final/share/ament_index/resource_index
creating /home/adrian/ros2_ws/src/Rob-tica_y_Sistemas_Inteligentes/install/puzzlebot_description_final/share/ament_index/resource_index/packages
copying resource/puzzlebot_description_final -> /home/adrian/ros2_ws/src/Rob-tica_y_Sistemas_Inteligentes/install/puzzlebot_description_final/share/ament_index/resource_index/packages
copying package.xml -> /home/adrian/ros2_ws/src/Rob-tica_y_Sistemas_Inteligentes/install/puzzlebot_description_final/share/puzzlebot_description_final
creating /home/adrian/ros2_ws/src/Rob-tica_y_Sistemas_Inteligentes/install/puzzlebot_description_final/share/puzzlebot_description_final/launch
copying launch/robot_state_publisher_launch.py -> /home/adrian/ros2_ws/src/Rob-tica_y_Sistemas_Inteligentes/install/puzzlebot_description_final/share/puzzlebot_description_final/launch
copying launch/gazebo_square_no_obstacules.launch.py -> /home/adrian/ros2_ws/src/Rob-tica_y_Sistemas_Inteligentes/install/puzzlebot_description_final/share/puzzlebot_description_final/launch
copying launch/gazebo_route_no_obstacules.launch.py -> /home/adrian/ros2_ws/src/Rob-tica_y_Sistemas_Inteligentes/install/puzzlebot_description_final/share/puzzlebot_description_final/launch
copying launch/rviz_view_launch.py -> /home/adrian/ros2_ws/src/Rob-tica_y_Sistemas_Inteligentes/install/puzzlebot_description_final/share/puzzlebot_description_final/launch
creating /home/adrian/ros2_ws/src/Rob-tica_y_Sistemas_Inteligentes/install/puzzlebot_description_final/share/puzzlebot_description_final/config
creating /home/adrian/ros2_ws/src/Rob-tica_y_Sistemas_Inteligentes/install/puzzlebot_description_final/share/puzzlebot_description_final/rviz
copying rviz/puzzlebot_desc.rviz -> /home/adrian/ros2_ws/src/Rob-tica_y_Sistemas_Inteligentes/install/puzzlebot_description_final/share/puzzlebot_description_final/rviz
creating /home/adrian/ros2_ws/src/Rob-tica_y_Sistemas_Inteligentes/install/puzzlebot_description_final/share/puzzlebot_description_final/urdf
creating /home/adrian/ros2_ws/src/Rob-tica_y_Sistemas_Inteligentes/install/puzzlebot_description_final/share/puzzlebot_description_final/urdf/mcr2_control
copying urdf/mcr2_control/gazebo_control.xacro -> /home/adrian/ros2_ws/src/Rob-tica_y_Sistemas_Inteligentes/install/puzzlebot_description_final/share/puzzlebot_description_final/urdf/mcr2_control
creating /home/adrian/ros2_ws/src/Rob-tica_y_Sistemas_Inteligentes/install/puzzlebot_description_final/share/puzzlebot_description_final/urdf/mcr2_misc
copying urdf/mcr2_misc/materials.xacro -> /home/adrian/ros2_ws/src/Rob-tica_y_Sistemas_Inteligentes/install/puzzlebot_description_final/share/puzzlebot_description_final/urdf/mcr2_misc
copying urdf/mcr2_misc/macros.xacro -> /home/adrian/ros2_ws/src/Rob-tica_y_Sistemas_Inteligentes/install/puzzlebot_description_final/share/puzzlebot_description_final/urdf/mcr2_misc
creating /home/adrian/ros2_ws/src/Rob-tica_y_Sistemas_Inteligentes/install/puzzlebot_description_final/share/puzzlebot_description_final/urdf/mcr2_sensors
copying urdf/mcr2_sensors/laser_camera_bracket.xacro -> /home/adrian/ros2_ws/src/Rob-tica_y_Sistemas_Inteligentes/install/puzzlebot_description_final/share/puzzlebot_description_final/urdf/mcr2_sensors
copying urdf/mcr2_sensors/lidar.xacro -> /home/adrian/ros2_ws/src/Rob-tica_y_Sistemas_Inteligentes/install/puzzlebot_description_final/share/puzzlebot_description_final/urdf/mcr2_sensors
creating /home/adrian/ros2_ws/src/Rob-tica_y_Sistemas_Inteligentes/install/puzzlebot_description_final/share/puzzlebot_description_final/urdf/mcr2_robots
copying urdf/mcr2_robots/puzzlebot_hacker_ed.xacro -> /home/adrian/ros2_ws/src/Rob-tica_y_Sistemas_Inteligentes/install/puzzlebot_description_final/share/puzzlebot_description_final/urdf/mcr2_robots
copying urdf/mcr2_robots/puzzlebot_jetson_ed.xacro -> /home/adrian/ros2_ws/src/Rob-tica_y_Sistemas_Inteligentes/install/puzzlebot_description_final/share/puzzlebot_description_final/urdf/mcr2_robots
copying urdf/mcr2_robots/puzzlebot_jetson_lidar_ed.xacro -> /home/adrian/ros2_ws/src/Rob-tica_y_Sistemas_Inteligentes/install/puzzlebot_description_final/share/puzzlebot_description_final/urdf/mcr2_robots
creating /home/adrian/ros2_ws/src/Rob-tica_y_Sistemas_Inteligentes/install/puzzlebot_description_final/share/puzzlebot_description_final/urdf/mcr2_robots/jetson_lidar_ed
copying urdf/mcr2_robots/jetson_lidar_ed/parameters_jetson_lidar_ed.xacro -> /home/adrian/ros2_ws/src/Rob-tica_y_Sistemas_Inteligentes/install/puzzlebot_description_final/share/puzzlebot_description_final/urdf/mcr2_robots/jetson_lidar_ed
creating /home/adrian/ros2_ws/src/Rob-tica_y_Sistemas_Inteligentes/install/puzzlebot_description_final/share/puzzlebot_description_final/urdf/mcr2_robots/hacker_ed
copying urdf/mcr2_robots/hacker_ed/parameters_hacker_ed.xacro -> /home/adrian/ros2_ws/src/Rob-tica_y_Sistemas_Inteligentes/install/puzzlebot_description_final/share/puzzlebot_description_final/urdf/mcr2_robots/hacker_ed
creating /home/adrian/ros2_ws/src/Rob-tica_y_Sistemas_Inteligentes/install/puzzlebot_description_final/share/puzzlebot_description_final/urdf/mcr2_robots/jetson_ed
copying urdf/mcr2_robots/jetson_ed/parameters_jetson_ed.xacro -> /home/adrian/ros2_ws/src/Rob-tica_y_Sistemas_Inteligentes/install/puzzlebot_description_final/share/puzzlebot_description_final/urdf/mcr2_robots/jetson_ed
creating /home/adrian/ros2_ws/src/Rob-tica_y_Sistemas_Inteligentes/install/puzzlebot_description_final/share/puzzlebot_description_final/urdf/mcr2_mechanical
copying urdf/mcr2_mechanical/puzzlebot_jetson_lidar_base.urdf.xacro -> /home/adrian/ros2_ws/src/Rob-tica_y_Sistemas_Inteligentes/install/puzzlebot_description_final/share/puzzlebot_description_final/urdf/mcr2_mechanical
copying urdf/mcr2_mechanical/puzzlebot_jetson_base.urdf.xacro -> /home/adrian/ros2_ws/src/Rob-tica_y_Sistemas_Inteligentes/install/puzzlebot_description_final/share/puzzlebot_description_final/urdf/mcr2_mechanical
copying urdf/mcr2_mechanical/puzzlebot_hacker_base.urdf.xacro -> /home/adrian/ros2_ws/src/Rob-tica_y_Sistemas_Inteligentes/install/puzzlebot_description_final/share/puzzlebot_description_final/urdf/mcr2_mechanical
creating /home/adrian/ros2_ws/src/Rob-tica_y_Sistemas_Inteligentes/install/puzzlebot_description_final/share/puzzlebot_description_final/meshes
creating /home/adrian/ros2_ws/src/Rob-tica_y_Sistemas_Inteligentes/install/puzzlebot_description_final/share/puzzlebot_description_final/meshes/sensors
copying meshes/sensors/Laser_Camera_Bracket.stl -> /home/adrian/ros2_ws/src/Rob-tica_y_Sistemas_Inteligentes/install/puzzlebot_description_final/share/puzzlebot_description_final/meshes/sensors
copying meshes/sensors/RPLidar.stl -> /home/adrian/ros2_ws/src/Rob-tica_y_Sistemas_Inteligentes/install/puzzlebot_description_final/share/puzzlebot_description_final/meshes/sensors
creating /home/adrian/ros2_ws/src/Rob-tica_y_Sistemas_Inteligentes/install/puzzlebot_description_final/share/puzzlebot_description_final/meshes/misc
copying meshes/misc/NVIDIA_Jetson.stl -> /home/adrian/ros2_ws/src/Rob-tica_y_Sistemas_Inteligentes/install/puzzlebot_description_final/share/puzzlebot_description_final/meshes/misc
copying meshes/misc/DC_Motor.stl -> /home/adrian/ros2_ws/src/Rob-tica_y_Sistemas_Inteligentes/install/puzzlebot_description_final/share/puzzlebot_description_final/meshes/misc
creating /home/adrian/ros2_ws/src/Rob-tica_y_Sistemas_Inteligentes/install/puzzlebot_description_final/share/puzzlebot_description_final/meshes/wheels
copying meshes/wheels/Puzzlebot_Caster_Wheel.stl -> /home/adrian/ros2_ws/src/Rob-tica_y_Sistemas_Inteligentes/install/puzzlebot_description_final/share/puzzlebot_description_final/meshes/wheels
copying meshes/wheels/Puzzlebot_Wheel.stl -> /home/adrian/ros2_ws/src/Rob-tica_y_Sistemas_Inteligentes/install/puzzlebot_description_final/share/puzzlebot_description_final/meshes/wheels
creating /home/adrian/ros2_ws/src/Rob-tica_y_Sistemas_Inteligentes/install/puzzlebot_description_final/share/puzzlebot_description_final/meshes/bases
copying meshes/bases/Puzzlebot_Jetson_Lidar_Edition_Base.stl -> /home/adrian/ros2_ws/src/Rob-tica_y_Sistemas_Inteligentes/install/puzzlebot_description_final/share/puzzlebot_description_final/meshes/bases
copying meshes/bases/Puzzlebot_Hacker_Editon_Base.stl -> /home/adrian/ros2_ws/src/Rob-tica_y_Sistemas_Inteligentes/install/puzzlebot_description_final/share/puzzlebot_description_final/meshes/bases
running install_egg_info
Copying ../../../build/puzzlebot_description_final/puzzlebot_description_final.egg-info to /home/adrian/ros2_ws/src/Rob-tica_y_Sistemas_Inteligentes/install/puzzlebot_description_final/lib/python3.10/site-packages/puzzlebot_description_final-0.0.0-py3.10.egg-info
running install_scripts
Installing drive_in_plane script to /home/adrian/ros2_ws/src/Rob-tica_y_Sistemas_Inteligentes/install/puzzlebot_description_final/lib/puzzlebot_description_final
Installing gazebo_aruco_detector script to /home/adrian/ros2_ws/src/Rob-tica_y_Sistemas_Inteligentes/install/puzzlebot_description_final/lib/puzzlebot_description_final
Installing joint_state_publisher script to /home/adrian/ros2_ws/src/Rob-tica_y_Sistemas_Inteligentes/install/puzzlebot_description_final/lib/puzzlebot_description_final
Installing kinematic_simulator script to /home/adrian/ros2_ws/src/Rob-tica_y_Sistemas_Inteligentes/install/puzzlebot_description_final/lib/puzzlebot_description_final
Installing localization script to /home/adrian/ros2_ws/src/Rob-tica_y_Sistemas_Inteligentes/install/puzzlebot_description_final/lib/puzzlebot_description_final
Installing obstacle_avoidance script to /home/adrian/ros2_ws/src/Rob-tica_y_Sistemas_Inteligentes/install/puzzlebot_description_final/lib/puzzlebot_description_final
Installing obstacle_avoidance_bug2 script to /home/adrian/ros2_ws/src/Rob-tica_y_Sistemas_Inteligentes/install/puzzlebot_description_final/lib/puzzlebot_description_final
Installing point_stabilizer script to /home/adrian/ros2_ws/src/Rob-tica_y_Sistemas_Inteligentes/install/puzzlebot_description_final/lib/puzzlebot_description_final
Installing point_tracker script to /home/adrian/ros2_ws/src/Rob-tica_y_Sistemas_Inteligentes/install/puzzlebot_description_final/lib/puzzlebot_description_final
Installing setpoint_generator script to /home/adrian/ros2_ws/src/Rob-tica_y_Sistemas_Inteligentes/install/puzzlebot_description_final/lib/puzzlebot_description_final
Installing simulated_landmarks script to /home/adrian/ros2_ws/src/Rob-tica_y_Sistemas_Inteligentes/install/puzzlebot_description_final/lib/puzzlebot_description_final
writing list of installed files to '/home/adrian/ros2_ws/src/Rob-tica_y_Sistemas_Inteligentes/build/puzzlebot_description_final/install.log'
